File               DER    JER    B3-Precision    B3-Recall    B3-F1    GKT(ref, sys)    GKT(sys, ref)    H(ref|sys)    H(sys|ref)    MI    NMI
---------------  -----  -----  --------------  -----------  -------  ---------------  ---------------  ------------  ------------  ----  -----
DH_DEV_0001      17.88  20.77            0.86         0.82     0.84             0.75             0.79          0.42          0.50  1.34   0.74
DH_DEV_0002       2.01   9.57            0.97         0.98     0.98             0.97             0.95          0.09          0.05  1.54   0.96
DH_DEV_0003      17.82  23.48            0.70         0.86     0.78             0.76             0.56          0.78          0.34  1.01   0.65
DH_DEV_0004      21.08  24.86            0.66         0.82     0.74             0.68             0.48          0.85          0.44  0.85   0.57
DH_DEV_0005      11.46  20.58            0.91         0.89     0.90             0.82             0.85          0.29          0.32  1.26   0.80
DH_DEV_0006      30.67  34.10            0.71         0.68     0.69             0.55             0.58          0.78          0.84  1.05   0.57
DH_DEV_0007      13.78  25.46            0.78         0.91     0.84             0.85             0.66          0.73          0.26  1.23   0.72
DH_DEV_0008       7.77  14.21            0.89         0.92     0.91             0.88             0.84          0.33          0.21  1.29   0.83
DH_DEV_0009       8.91  15.54            0.92         0.91     0.91             0.84             0.87          0.25          0.29  1.25   0.82
DH_DEV_0010      17.15  25.15            0.74         0.88     0.81             0.76             0.58          0.69          0.35  0.97   0.65
DH_DEV_0011      39.10  79.63            0.51         0.78     0.61             0.67             0.39          1.90          0.58  1.20   0.51
DH_DEV_0012      30.23  33.20            0.69         0.66     0.68             0.49             0.52          0.82          0.88  0.85   0.50
DH_DEV_0013      14.16  77.25            0.80         0.96     0.87             0.89             0.59          0.69          0.09  0.84   0.71
DH_DEV_0014      17.15  22.17            0.86         0.86     0.86             0.79             0.79          0.38          0.39  1.31   0.77
DH_DEV_0015       3.35  45.39            0.96         0.99     0.98             0.99             0.89          0.11          0.03  0.97   0.94
DH_DEV_0016      19.73  31.60            0.70         0.83     0.76             0.67             0.50          0.81          0.43  0.86   0.58
DH_DEV_0017      13.39  21.39            0.90         0.86     0.88             0.78             0.83          0.31          0.38  1.26   0.78
DH_DEV_0018       5.40  10.95            0.94         0.96     0.95             0.93             0.90          0.19          0.14  1.30   0.89
DH_DEV_0019       7.51  11.07            0.89         0.94     0.92             0.90             0.84          0.34          0.18  1.38   0.84
DH_DEV_0020      10.65  21.35            0.88         0.90     0.89             0.83             0.81          0.35          0.27  1.21   0.80
DH_DEV_0021      21.98  30.12            0.72         0.80     0.76             0.68             0.59          0.73          0.54  1.06   0.63
DH_DEV_0022      53.96  78.24            0.44         1.00     0.61             1.00             0.29          1.66          0.00  0.80   0.57
DH_DEV_0023       4.14   8.73            0.95         0.96     0.95             0.93             0.90          0.19          0.14  1.26   0.88
DH_DEV_0024      15.85  21.80            0.72         0.86     0.78             0.72             0.54          0.75          0.36  0.86   0.61
DH_DEV_0025      26.31  35.01            0.73         0.76     0.74             0.61             0.59          0.70          0.62  1.05   0.61
DH_DEV_0026      17.89  22.80            0.90         0.83     0.86             0.75             0.85          0.29          0.46  1.33   0.78
DH_DEV_0027      45.29  83.94            0.52         0.89     0.65             0.83             0.41          1.86          0.27  1.28   0.58
DH_DEV_0028      26.32  28.90            0.71         0.72     0.72             0.57             0.55          0.78          0.76  0.90   0.54
DH_DEV_0029      24.54  25.67            0.76         0.75     0.75             0.63             0.64          0.64          0.74  1.12   0.62
DH_DEV_0030      28.94  36.77            0.56         0.80     0.66             0.67             0.41          1.33          0.60  1.09   0.54
DH_DEV_0031      39.47  77.92            0.75         1.00     0.86             1.00             0.59          0.62          0.00  0.99   0.78
DH_DEV_0032       1.68   4.04            0.97         0.99     0.98             0.98             0.95          0.11          0.05  1.80   0.96
DH_DEV_0033      16.38  21.06            0.73         0.83     0.78             0.72             0.60          0.73          0.45  0.99   0.63
DH_DEV_0034       8.56  45.34            0.90         0.93     0.91             0.89             0.85          0.37          0.23  1.47   0.83
DH_DEV_0035      19.88  51.45            0.77         0.95     0.85             0.94             0.73          0.79          0.17  2.36   0.84
DH_DEV_0036      16.98  24.39            0.83         0.88     0.86             0.81             0.74          0.46          0.29  1.24   0.77
DH_DEV_0037      24.25  33.53            0.69         0.80     0.74             0.70             0.56          0.92          0.56  1.23   0.63
DH_DEV_0038      53.10  75.33            0.66         0.98     0.79             0.96             0.52          0.85          0.06  1.19   0.74
DH_DEV_0039       4.19  56.15            0.95         1.00     0.97             1.00             0.90          0.14          0.00  1.30   0.95
DH_DEV_0040      51.42  64.87            0.23         0.81     0.36             0.76             0.20          3.72          0.49  1.93   0.52
DH_DEV_0041      15.74  19.93            0.75         0.91     0.82             0.85             0.64          0.66          0.25  1.15   0.72
DH_DEV_0042      21.36  31.26            0.68         0.80     0.74             0.58             0.45          0.84          0.56  0.72   0.51
DH_DEV_0043      17.13  19.78            0.86         0.83     0.85             0.76             0.79          0.40          0.47  1.34   0.76
DH_DEV_0044      21.38  28.35            0.63         0.78     0.70             0.60             0.45          0.96          0.51  0.77   0.52
DH_DEV_0045       4.75  15.17            0.94         0.97     0.95             0.94             0.90          0.20          0.10  1.21   0.89
DH_DEV_0046      78.20  84.90            0.15         0.58     0.24             0.41             0.11          3.98          1.11  0.92   0.29
DH_DEV_0047      16.32  21.23            0.72         0.84     0.77             0.70             0.55          0.77          0.42  0.87   0.60
DH_DEV_0048      20.09  25.90            0.72         0.82     0.76             0.70             0.58          0.74          0.48  1.02   0.63
DH_DEV_0049       5.66  12.23            0.93         0.94     0.93             0.90             0.88          0.23          0.19  1.30   0.86
DH_DEV_0050       6.52   8.74            0.95         0.93     0.94             0.89             0.93          0.15          0.23  1.37   0.88
DH_DEV_0051       0.00   0.00            1.00         1.00     1.00             1.00             1.00          0.00          0.00  0.63   1.00
DH_DEV_0052       0.00   0.00            1.00         1.00     1.00             1.00             1.00          0.00          0.00  0.58   1.00
DH_DEV_0053       5.60   9.19            0.95         0.95     0.95             0.91             0.91          0.19          0.19  1.30   0.87
DH_DEV_0054      20.50  20.51            1.00         0.73     0.84             0.49             1.00          0.00          0.70  0.71   0.71
DH_DEV_0055      49.38  73.11            0.69         1.00     0.81             1.00             0.53          0.73          0.01  0.98   0.75
DH_DEV_0056      25.62  32.37            0.64         0.71     0.67             0.54             0.47          0.94          0.76  0.83   0.49
DH_DEV_0057      35.76  50.68            0.42         0.79     0.55             0.67             0.31          2.06          0.56  1.12   0.48
DH_DEV_0058       7.11  69.66            0.93         0.95     0.94             0.85             0.78          0.29          0.15  0.71   0.76
DH_DEV_0059      16.18  20.09            0.73         0.88     0.80             0.80             0.61          0.71          0.32  1.11   0.69
DH_DEV_0060       7.19  12.31            0.93         0.95     0.94             0.91             0.89          0.20          0.15  1.33   0.88
DH_DEV_0061      59.93  87.08            0.39         1.00     0.56             1.00             0.26          2.16          0.00  0.79   0.52
DH_DEV_0062      64.22  86.22            0.20         0.75     0.32             0.54             0.13          3.59          0.62  0.84   0.33
DH_DEV_0063      21.70  26.41            0.76         0.78     0.77             0.64             0.62          0.67          0.60  1.00   0.61
DH_DEV_0064      27.62  36.41            0.74         0.74     0.74             0.53             0.54          0.71          0.69  0.83   0.54
DH_DEV_0065       3.73   5.36            0.94         0.97     0.96             0.96             0.93          0.23          0.10  2.31   0.93
DH_DEV_0066       3.12  11.95            0.95         0.97     0.96             0.95             0.93          0.17          0.12  1.56   0.92
DH_DEV_0067      40.45  79.31            0.58         0.84     0.68             0.76             0.46          1.52          0.37  1.20   0.58
DH_DEV_0068       8.10  13.03            0.93         0.95     0.94             0.92             0.89          0.21          0.13  1.34   0.89
DH_DEV_0069      70.22  89.64            0.29         1.00     0.45             1.00             0.20          2.83          0.00  0.73   0.45
DH_DEV_0070      25.01  27.38            0.76         0.76     0.76             0.63             0.62          0.66          0.65  1.02   0.61
DH_DEV_0071       4.77   9.60            0.93         0.96     0.94             0.92             0.87          0.25          0.14  1.22   0.86
DH_DEV_0072      17.96  22.89            0.69         0.85     0.77             0.74             0.54          0.81          0.38  0.92   0.61
DH_DEV_0073       9.90  14.89            0.90         0.90     0.90             0.84             0.84          0.33          0.33  1.30   0.80
DH_DEV_0074      17.72  25.51            0.69         0.85     0.76             0.68             0.48          0.83          0.39  0.78   0.57
DH_DEV_0075      15.35  19.02            0.75         0.87     0.81             0.79             0.63          0.66          0.33  1.08   0.69
DH_DEV_0076      31.37  63.60            0.65         1.00     0.79             1.00             0.45          0.85          0.00  0.83   0.70
DH_DEV_0077      38.14  66.68            0.68         1.00     0.81             1.00             0.52          0.76          0.00  0.97   0.75
DH_DEV_0078      24.49  26.50            0.82         0.81     0.81             0.72             0.74          0.49          0.58  1.32   0.71
DH_DEV_0079       2.32  22.40            0.97         0.98     0.98             0.97             0.96          0.10          0.07  1.96   0.96
DH_DEV_0080       5.80  11.78            0.91         0.95     0.93             0.91             0.84          0.31          0.15  1.17   0.84
DH_DEV_0081      18.07  23.68            0.75         0.82     0.78             0.69             0.61          0.70          0.50  1.01   0.63
DH_DEV_0082      21.23  24.37            0.73         0.78     0.75             0.66             0.60          0.74          0.62  1.05   0.61
DH_DEV_0083       0.00   0.00            1.00         1.00     1.00             1.00             1.00          0.00          0.00  1.00   1.00
DH_DEV_0084      14.59  17.91            0.76         0.88     0.81             0.79             0.63          0.67          0.32  1.09   0.69
DH_DEV_0085       3.19   3.19            1.00         0.95     0.97             0.86             1.00          0.00          0.16  0.73   0.90
DH_DEV_0086      40.77  76.74            0.64         1.00     0.78             1.00             0.48          0.89          0.00  0.97   0.72
DH_DEV_0087       9.84  15.19            0.93         0.90     0.91             0.85             0.88          0.24          0.28  1.34   0.84
DH_DEV_0088      53.47  91.21            0.23         1.00     0.37             1.00             0.08          2.84          0.00  0.32   0.32
DH_DEV_0089       4.25   9.58            0.94         0.97     0.96             0.95             0.91          0.20          0.10  1.32   0.90
DH_DEV_0090      15.58  23.24            0.79         0.87     0.83             0.80             0.69          0.59          0.32  1.20   0.73
DH_DEV_0091      23.92  28.03            0.70         0.75     0.72             0.61             0.55          0.81          0.69  0.97   0.57
DH_DEV_0092       5.44  21.25            0.92         0.96     0.94             0.95             0.88          0.28          0.13  2.12   0.91
DH_DEV_0093      64.78  85.74            0.27         0.72     0.39             0.52             0.18          2.99          0.78  0.93   0.36
DH_DEV_0094      18.14  25.20            0.70         0.86     0.77             0.74             0.55          0.80          0.36  0.93   0.62
DH_DEV_0095       7.74  11.72            0.92         0.95     0.94             0.92             0.88          0.23          0.14  1.37   0.88
DH_DEV_0096      12.29  16.04            0.88         0.88     0.88             0.83             0.83          0.35          0.35  1.36   0.80
DH_DEV_0097      11.27  22.30            0.90         0.89     0.89             0.83             0.84          0.26          0.28  1.23   0.82
DH_DEV_0098      16.53  22.05            0.74         0.85     0.79             0.75             0.61          0.72          0.40  1.06   0.66
DH_DEV_0099      19.59  25.18            0.85         0.81     0.83             0.73             0.78          0.42          0.52  1.27   0.73
DH_DEV_0100      15.27  29.20            0.73         0.89     0.80             0.71             0.50          0.74          0.28  0.74   0.60
DH_DEV_0101      24.59  24.60            1.00         0.73     0.84             0.53             1.00          0.00          0.60  0.83   0.76
DH_DEV_0102       1.84  11.76            0.98         0.98     0.98             0.96             0.95          0.08          0.07  1.03   0.93
DH_DEV_0103       1.06   4.17            0.99         0.99     0.99             0.98             0.97          0.06          0.05  1.36   0.96
DH_DEV_0104       6.75  12.45            0.94         0.95     0.94             0.91             0.90          0.21          0.15  1.31   0.88
DH_DEV_0105      21.82  56.82            0.73         0.89     0.80             0.77             0.51          1.07          0.31  1.11   0.63
DH_DEV_0106      16.79  21.71            0.72         0.84     0.78             0.73             0.57          0.77          0.40  0.95   0.62
DH_DEV_0107       8.64  13.66            0.90         0.92     0.91             0.88             0.85          0.32          0.22  1.36   0.83
DH_DEV_0108      18.16  53.40            0.71         0.90     0.79             0.86             0.63          1.10          0.32  1.71   0.72
DH_DEV_0109      18.96  21.62            0.77         0.83     0.80             0.75             0.67          0.63          0.48  1.22   0.69
DH_DEV_0110      14.50  17.54            0.93         0.88     0.90             0.81             0.89          0.21          0.33  1.36   0.84
DH_DEV_0111      15.53  24.38            0.86         0.89     0.88             0.82             0.79          0.37          0.26  1.23   0.80
DH_DEV_0112       3.57   8.43            0.94         0.96     0.95             0.94             0.92          0.20          0.16  2.15   0.92
DH_DEV_0113       6.26  26.83            0.91         0.98     0.95             0.96             0.82          0.29          0.07  1.15   0.87
DH_DEV_0114      21.89  27.04            0.72         0.78     0.75             0.64             0.57          0.77          0.61  0.98   0.59
DH_DEV_0115      18.67  27.20            0.79         0.86     0.82             0.78             0.69          0.57          0.34  1.21   0.73
DH_DEV_0116      15.63  20.13            0.72         0.85     0.78             0.74             0.56          0.76          0.37  0.92   0.62
DH_DEV_0117      16.24  20.02            0.91         0.85     0.88             0.77             0.86          0.27          0.42  1.36   0.80
DH_DEV_0118      71.31  83.73            0.12         1.00     0.22             1.00             0.01          3.46          0.00  0.09   0.16
DH_DEV_0119       3.31   4.87            0.95         0.97     0.96             0.96             0.93          0.21          0.12  2.37   0.94
DH_DEV_0120       0.70   0.70            1.00         0.99     0.99             0.98             1.00          0.00          0.04  0.88   0.98
DH_DEV_0121       0.00   0.00            1.00         1.00     1.00             1.00             1.00          0.00          0.00  1.00   1.00
DH_DEV_0122      14.99  19.12            0.83         0.87     0.85             0.80             0.75          0.49          0.39  1.29   0.75
DH_DEV_0123      25.06  61.76            0.68         0.84     0.75             0.78             0.60          1.15          0.47  1.60   0.67
DH_DEV_0124       5.32  39.99            0.93         0.98     0.96             0.96             0.86          0.28          0.06  1.16   0.87
DH_DEV_0125       0.00   0.00            1.00         1.00     1.00             1.00             1.00          0.00          0.00  0.58   1.00
DH_DEV_0126      20.80  25.44            0.63         0.80     0.70             0.62             0.43          0.96          0.49  0.74   0.51
DH_DEV_0127      22.72  29.09            0.63         0.78     0.70             0.62             0.45          0.94          0.51  0.85   0.54
DH_DEV_0128      23.32  27.66            0.61         0.79     0.69             0.62             0.41          0.98          0.55  0.77   0.51
DH_DEV_0129      18.44  26.34            0.77         0.83     0.80             0.75             0.67          0.63          0.40  1.18   0.70
DH_DEV_0130      20.02  26.36            0.66         0.81     0.73             0.65             0.49          0.89          0.46  0.86   0.57
DH_DEV_0131       5.67  36.05            0.94         0.98     0.96             0.97             0.91          0.22          0.08  2.01   0.93
DH_DEV_0132       8.67  16.15            0.93         0.92     0.92             0.86             0.88          0.25          0.25  1.29   0.84
DH_DEV_0133      11.02  43.92            0.86         0.91     0.89             0.87             0.79          0.45          0.24  1.34   0.79
DH_DEV_0134       9.91  13.68            0.87         0.93     0.90             0.89             0.81          0.40          0.20  1.37   0.82
DH_DEV_0135      21.19  24.38            0.67         0.82     0.74             0.68             0.51          0.85          0.52  0.89   0.57
DH_DEV_0136       5.11  48.84            0.93         0.99     0.96             0.98             0.91          0.23          0.06  2.11   0.94
DH_DEV_0137      17.06  23.63            0.71         0.83     0.76             0.69             0.54          0.80          0.44  0.88   0.59
DH_DEV_0138      26.80  28.86            0.72         0.72     0.72             0.58             0.58          0.74          0.74  0.97   0.57
DH_DEV_0139       7.00  11.02            0.91         0.94     0.93             0.91             0.87          0.29          0.16  1.37   0.86
DH_DEV_0140       0.00   0.00            1.00         1.00     1.00             1.00             1.00          0.00          0.00  0.71   1.00
DH_DEV_0141       4.33  36.24            0.95         0.98     0.96             0.95             0.91          0.13          0.09  1.34   0.92
DH_DEV_0142      16.03  20.64            0.74         0.84     0.79             0.70             0.55          0.71          0.43  0.83   0.60
DH_DEV_0143      13.31  19.15            0.81         0.93     0.87             0.89             0.72          0.52          0.18  1.29   0.79
DH_DEV_0144      14.22  19.35            0.87         0.86     0.87             0.78             0.80          0.39          0.42  1.25   0.76
DH_DEV_0145       8.91  15.39            0.93         0.91     0.92             0.85             0.89          0.24          0.27  1.32   0.84
DH_DEV_0146      37.47  56.85            0.45         0.65     0.53             0.54             0.35          1.94          0.95  1.22   0.47
DH_DEV_0147       0.00   0.00            1.00         1.00     1.00             1.00             1.00          0.00          0.00  0.98   1.00
DH_DEV_0148      13.19  15.93            0.90         0.88     0.89             0.83             0.85          0.30          0.35  1.39   0.81
DH_DEV_0149      11.95  19.51            0.88         0.93     0.90             0.88             0.81          0.35          0.18  1.30   0.83
DH_DEV_0150      10.00  15.37            0.88         0.91     0.89             0.86             0.82          0.36          0.23  1.35   0.82
DH_DEV_0151      18.46  30.15            0.76         0.83     0.79             0.72             0.63          0.66          0.41  1.07   0.67
DH_DEV_0152      28.64  59.48            0.82         0.94     0.88             0.89             0.68          0.41          0.15  1.00   0.78
DH_DEV_0153      65.57  90.83            0.21         1.00     0.34             1.00             0.11          3.15          0.00  0.44   0.35
DH_DEV_0154      51.21  80.32            0.34         0.70     0.46             0.45             0.17          2.55          0.86  0.75   0.33
DH_DEV_0155      32.17  58.27            0.52         0.74     0.61             0.67             0.43          1.74          0.74  1.47   0.55
DH_DEV_0156      16.48  22.20            0.74         0.87     0.80             0.76             0.60          0.70          0.38  1.02   0.66
DH_DEV_0157      32.04  55.53            0.74         0.87     0.80             0.78             0.60          0.58          0.30  1.01   0.70
DH_DEV_0158      43.49  67.66            0.43         0.65     0.52             0.55             0.33          2.17          1.00  1.32   0.46
DH_DEV_0159      37.71  58.97            0.58         0.79     0.67             0.73             0.51          1.56          0.61  1.73   0.62
DH_DEV_0160      54.85  87.40            0.29         1.00     0.45             1.00             0.15          2.49          0.00  0.51   0.41
DH_DEV_0161       6.63  11.63            0.93         0.94     0.94             0.91             0.89          0.22          0.18  1.35   0.87
DH_DEV_0162      15.71  15.72            1.00         0.78     0.87             0.51             1.00          0.00          0.53  0.63   0.74
DH_DEV_0163      19.43  58.28            0.74         0.87     0.80             0.75             0.55          0.91          0.37  1.02   0.62
DH_DEV_0164       4.13  41.79            0.94         0.96     0.95             0.93             0.89          0.19          0.12  1.12   0.88
DH_DEV_0165      63.02  90.39            0.72         1.00     0.84             1.00             0.51          0.81          0.00  0.96   0.74
DH_DEV_0166      18.70  25.70            0.69         0.82     0.75             0.68             0.54          0.82          0.47  0.92   0.59
DH_DEV_0167      11.04  16.79            0.89         0.88     0.89             0.82             0.83          0.33          0.35  1.28   0.79
DH_DEV_0168      25.49  52.99            0.65         0.95     0.77             0.87             0.44          0.90          0.16  0.79   0.62
DH_DEV_0169      25.78  48.13            0.70         0.95     0.81             0.91             0.59          0.88          0.16  1.26   0.72
DH_DEV_0170      16.75  43.19            0.86         0.85     0.85             0.78             0.79          0.43          0.48  1.37   0.75
DH_DEV_0171      12.88  16.85            0.91         0.89     0.90             0.84             0.85          0.28          0.32  1.33   0.82
DH_DEV_0172      30.21  58.87            0.71         0.84     0.77             0.78             0.61          0.92          0.40  1.41   0.69
DH_DEV_0173      12.13  17.41            0.86         0.87     0.86             0.79             0.77          0.44          0.38  1.20   0.75
DH_DEV_0174      19.92  26.65            0.71         0.86     0.77             0.76             0.58          0.76          0.34  1.07   0.67
DH_DEV_0175      13.36  32.26            0.86         0.98     0.91             0.97             0.81          0.39          0.08  1.90   0.89
DH_DEV_0176      17.72  22.97            0.78         0.84     0.81             0.76             0.68          0.60          0.44  1.21   0.70
DH_DEV_0177       3.46   5.97            0.97         0.98     0.97             0.96             0.94          0.13          0.08  1.40   0.93
DH_DEV_0178      22.05  27.44            0.66         0.76     0.71             0.59             0.49          0.89          0.63  0.82   0.52
DH_DEV_0179       5.64   5.64            1.00         0.93     0.97             0.87             1.00          0.00          0.19  0.96   0.91
DH_DEV_0180      23.43  54.44            0.70         0.88     0.78             0.83             0.62          1.05          0.35  1.60   0.70
DH_DEV_0181       3.64  32.45            0.97         0.95     0.96             0.87             0.93          0.06          0.18  0.83   0.87
DH_DEV_0182      17.62  28.04            0.80         0.85     0.83             0.77             0.71          0.53          0.35  1.19   0.73
DH_DEV_0183      45.21  78.23            0.51         0.82     0.63             0.75             0.42          1.96          0.49  1.44   0.56
DH_DEV_0184      11.11  16.86            0.93         0.89     0.91             0.82             0.89          0.18          0.33  1.28   0.83
DH_DEV_0185      13.24  17.62            0.84         0.92     0.88             0.88             0.77          0.45          0.21  1.36   0.81
DH_DEV_0186      22.04  23.70            0.75         0.81     0.78             0.69             0.61          0.65          0.56  1.08   0.64
DH_DEV_0187      38.52  63.52            0.56         0.86     0.68             0.78             0.47          1.38          0.42  1.42   0.63
DH_DEV_0188      29.60  54.69            0.52         0.83     0.64             0.77             0.44          1.83          0.46  1.61   0.60
DH_DEV_0189       4.77  23.56            0.93         0.97     0.95             0.93             0.85          0.25          0.09  0.96   0.85
DH_DEV_0190       6.21  10.98            0.94         0.95     0.94             0.92             0.90          0.20          0.16  1.35   0.88
DH_DEV_0191      30.60  33.48            0.68         0.67     0.68             0.51             0.52          0.84          0.96  0.88   0.49
DH_DEV_0192      65.73  83.90            0.24         0.85     0.37             0.73             0.17          3.47          0.37  0.91   0.38
DH_DEV_0193      35.45  69.84            0.53         0.81     0.64             0.70             0.37          1.75          0.48  1.13   0.53
DH_DEV_0194      32.87  32.88            1.00         0.61     0.76             0.29             1.00          0.00          0.81  0.51   0.62
DH_DEV_0195      12.80  15.92            0.87         0.88     0.87             0.82             0.80          0.40          0.37  1.31   0.77
DH_DEV_0196      24.63  26.43            0.76         0.76     0.76             0.65             0.64          0.66          0.65  1.13   0.63
DH_DEV_0197      12.79  19.58            0.87         0.90     0.88             0.84             0.80          0.39          0.26  1.28   0.80
DH_DEV_0198      12.96  22.65            0.84         0.89     0.86             0.83             0.75          0.46          0.29  1.20   0.76
DH_DEV_0199       6.00  39.58            0.92         0.97     0.94             0.96             0.89          0.31          0.11  2.07   0.91
DH_DEV_0200       7.35  14.99            0.95         0.95     0.95             0.91             0.90          0.15          0.15  1.20   0.89
DH_DEV_0201       7.04  13.67            0.90         0.95     0.93             0.91             0.85          0.31          0.14  1.27   0.85
DH_DEV_0202      44.32  84.43            0.66         0.91     0.76             0.86             0.54          1.35          0.24  1.50   0.67
DH_DEV_0203      45.20  84.34            0.58         1.00     0.74             1.00             0.43          1.30          0.00  0.93   0.65
DH_DEV_0204      46.76  60.64            0.36         0.91     0.52             0.82             0.23          2.20          0.22  1.19   0.54
DH_DEV_0205      10.25  19.66            0.88         0.91     0.90             0.86             0.82          0.34          0.22  1.27   0.82
DH_DEV_0206       2.07   8.27            0.97         0.99     0.98             0.99             0.96          0.11          0.04  1.65   0.96
DH_DEV_0207       4.10   7.85            0.93         0.96     0.95             0.94             0.90          0.25          0.15  1.93   0.91
DH_DEV_0208      30.53  48.81            0.55         0.85     0.67             0.81             0.49          1.78          0.38  1.93   0.66
DH_DEV_0209      15.05  19.39            0.76         0.86     0.81             0.78             0.64          0.66          0.36  1.09   0.68
DH_DEV_0210      12.14  16.43            0.85         0.88     0.86             0.80             0.77          0.45          0.36  1.25   0.76
DH_DEV_0211       7.48  18.46            0.95         0.92     0.93             0.84             0.89          0.18          0.25  1.11   0.84
DH_DEV_0212      27.39  57.27            0.62         0.90     0.73             0.86             0.53          1.39          0.30  1.77   0.69
DH_DEV_0213      36.73  66.08            0.73         0.96     0.83             0.93             0.58          0.59          0.12  0.99   0.75
DH_DEV_0214       5.37  11.13            0.95         0.94     0.95             0.89             0.90          0.18          0.21  1.20   0.86
DH_DEV_0215      17.14  24.38            0.86         0.82     0.84             0.71             0.77          0.42          0.50  1.20   0.72
DH_DEV_0216       4.75   7.36            0.93         0.96     0.95             0.95             0.90          0.27          0.13  1.82   0.90
DH_DEV_0217      32.45  41.64            0.48         0.72     0.57             0.56             0.33          1.60          0.78  0.92   0.44
DH_DEV_0218      49.72  77.57            0.44         1.00     0.61             1.00             0.25          1.38          0.00  0.66   0.57
DH_DEV_0219      10.66  16.22            0.89         0.92     0.90             0.87             0.83          0.33          0.21  1.34   0.83
DH_DEV_0220       5.78   8.88            0.96         0.95     0.96             0.92             0.94          0.14          0.17  1.44   0.90
DH_DEV_0221      12.90  18.63            0.86         0.87     0.86             0.80             0.79          0.43          0.38  1.27   0.76
DH_DEV_0222      14.07  22.81            0.88         0.90     0.89             0.83             0.80          0.34          0.26  1.22   0.80
DH_DEV_0223      20.91  26.94            0.73         0.79     0.76             0.61             0.55          0.75          0.61  0.84   0.55
DH_DEV_0224      12.70  20.55            0.88         0.90     0.89             0.84             0.82          0.35          0.31  1.30   0.80
DH_DEV_0225      16.72  17.68            0.94         0.87     0.91             0.80             0.91          0.16          0.32  1.38   0.85
DH_DEV_0226       7.63  65.32            0.91         0.97     0.94             0.93             0.82          0.33          0.11  1.04   0.83
DH_DEV_0227       5.24   5.24            1.00         0.91     0.95             0.66             1.00          0.00          0.27  0.47   0.80
DH_DEV_0228      35.06  66.06            0.73         0.94     0.82             0.87             0.57          0.62          0.19  0.96   0.71
DH_DEV_0229      59.45  85.37            0.40         0.93     0.56             0.85             0.28          2.26          0.19  1.01   0.51
DH_DEV_0230       0.85   2.70            0.99         0.99     0.99             0.99             0.98          0.06          0.02  1.44   0.97
DH_DEV_0231      15.35  22.41            0.83         0.91     0.87             0.85             0.75          0.46          0.22  1.26   0.79
DH_DEV_0232       8.90  45.71            0.87         0.96     0.91             0.95             0.83          0.43          0.15  2.10   0.88
DH_DEV_0233       0.00   0.00            1.00         1.00     1.00             1.00             1.00          0.00          0.00  0.82   1.00
DH_DEV_0234      17.88  22.10            0.74         0.86     0.79             0.75             0.59          0.69          0.38  1.02   0.66
DH_DEV_0235      24.31  28.31            0.69         0.75     0.72             0.61             0.54          0.82          0.71  0.97   0.56
DH_DEV_0236      12.57  14.53            0.90         0.87     0.89             0.81             0.86          0.29          0.39  1.41   0.81
DH_DEV_0237      18.59  21.54            0.70         0.83     0.76             0.71             0.55          0.79          0.46  0.95   0.61
DH_DEV_0238      17.04  22.23            0.70         0.84     0.76             0.70             0.53          0.82          0.41  0.85   0.59
DH_DEV_0239      18.37  23.81            0.74         0.85     0.79             0.76             0.62          0.71          0.41  1.14   0.67
DH_DEV_0240      25.86  34.56            0.74         0.76     0.75             0.55             0.52          0.69          0.66  0.80   0.54
DH_DEV_0241      16.57  19.82            0.70         0.87     0.78             0.76             0.55          0.78          0.34  0.94   0.63
DH_DEV_0242      33.07  62.81            0.75         0.93     0.83             0.86             0.61          0.57          0.21  0.99   0.73
DH_DEV_0243       8.12  16.38            0.89         0.93     0.91             0.88             0.83          0.34          0.21  1.25   0.82
DH_DEV_0244       5.81   8.46            0.92         0.96     0.94             0.94             0.88          0.27          0.13  1.43   0.88
DH_DEV_0245      57.11  78.55            0.33         0.63     0.43             0.49             0.24          2.98          1.00  1.06   0.37
DH_DEV_0246       9.89  12.61            0.87         0.93     0.90             0.90             0.81          0.38          0.19  1.39   0.83
DH_DEV_0247      36.12  48.66            0.60         0.73     0.66             0.58             0.45          0.98          0.58  0.94   0.55
DH_DEV_0248      32.07  34.26            0.69         0.69     0.69             0.53             0.53          0.82          0.82  0.89   0.52
DH_DEV_0249       7.44  11.47            0.91         0.94     0.93             0.91             0.87          0.27          0.17  1.39   0.86
DH_DEV_0250       0.00   0.00            1.00         1.00     1.00             1.00             1.00          0.00          0.00  0.72   1.00
DH_DEV_0251      19.25  27.00            0.71         0.82     0.76             0.70             0.57          0.78          0.42  1.02   0.63
DH_DEV_0252      20.35  27.59            0.67         0.80     0.73             0.64             0.49          0.88          0.48  0.87   0.57
DH_DEV_0253      56.16  84.29            0.53         0.92     0.67             0.85             0.39          1.55          0.18  1.09   0.60
DH_DEV_0254      66.48  91.11            0.23         1.00     0.38             1.00             0.12          2.86          0.00  0.47   0.37
*** OVERALL ***  20.71  42.44            0.78         0.87     0.82             0.87             0.78          0.71          0.35  9.07   0.95
