File                DER    JER    B3-Precision    B3-Recall    B3-F1    GKT(ref, sys)    GKT(sys, ref)    H(ref|sys)    H(sys|ref)    MI    NMI
---------------  ------  -----  --------------  -----------  -------  ---------------  ---------------  ------------  ------------  ----  -----
DH_EVAL_0001      12.08  40.33            0.89         0.88     0.89             0.78             0.80          0.40          0.33  1.14   0.76
DH_EVAL_0002      39.24  74.96            0.40         0.95     0.57             0.32             0.04          1.64          0.13  0.09   0.15
DH_EVAL_0003      29.70  37.66            0.56         0.68     0.61             0.45             0.33          1.18          0.79  0.56   0.36
DH_EVAL_0004      17.55  20.55            0.72         0.82     0.77             0.67             0.56          0.85          0.50  0.79   0.54
DH_EVAL_0005      17.19  19.01            0.73         0.82     0.77             0.70             0.59          0.78          0.57  0.94   0.58
DH_EVAL_0006      16.91  18.67            0.70         0.87     0.78             0.76             0.54          0.84          0.37  0.87   0.60
DH_EVAL_0007      23.35  25.42            0.67         0.75     0.71             0.59             0.51          0.96          0.77  0.81   0.48
DH_EVAL_0008      16.60  18.26            0.78         0.84     0.81             0.72             0.63          0.66          0.49  0.96   0.63
DH_EVAL_0009      55.35  71.84            0.29         0.54     0.38             0.38             0.19          2.66          1.25  0.78   0.29
DH_EVAL_0010      16.07  17.29            0.77         0.82     0.79             0.71             0.65          0.72          0.50  0.97   0.62
DH_EVAL_0011      17.16  19.39            0.74         0.83     0.78             0.69             0.58          0.78          0.52  0.84   0.56
DH_EVAL_0012      21.84  23.42            0.73         0.75     0.74             0.60             0.58          0.80          0.76  0.89   0.53
DH_EVAL_0013       7.11   6.97            0.95         0.89     0.92             0.74             0.86          0.15          0.35  0.61   0.71
DH_EVAL_0014      22.98  27.00            0.69         0.74     0.72             0.57             0.51          0.94          0.73  0.89   0.52
DH_EVAL_0015      48.49  65.89            0.32         0.53     0.40             0.33             0.18          2.48          1.22  0.72   0.29
DH_EVAL_0016      20.65  22.10            0.68         0.78     0.73             0.65             0.54          0.93          0.62  0.88   0.53
DH_EVAL_0017      68.83  92.81            0.28         0.86     0.42             0.26             0.08          2.67          0.31  0.18   0.15
DH_EVAL_0018     107.11  87.92            0.43         0.76     0.55             0.20             0.11          1.53          0.51  0.18   0.17
DH_EVAL_0019      60.39  86.82            0.17         0.92     0.29             0.40             0.03          2.94          0.20  0.16   0.15
DH_EVAL_0020      84.47  93.30            0.36         0.92     0.52             0.13             0.03          1.90          0.20  0.08   0.10
DH_EVAL_0021      19.36  22.86            0.79         0.80     0.80             0.70             0.68          0.67          0.59  0.97   0.61
DH_EVAL_0022      18.99  20.61            0.71         0.79     0.75             0.66             0.57          0.87          0.65  0.89   0.54
DH_EVAL_0023      12.93  15.80            0.90         0.88     0.89             0.80             0.82          0.36          0.40  1.04   0.73
DH_EVAL_0024      65.63  78.00            0.53         0.83     0.64             0.58             0.30          1.21          0.42  0.46   0.38
DH_EVAL_0025      64.96  84.90            0.44         0.60     0.51             0.36             0.25          1.69          1.10  0.52   0.27
DH_EVAL_0026      25.56  28.86            0.64         0.72     0.68             0.52             0.45          1.00          0.84  0.67   0.42
DH_EVAL_0027       8.54  40.86            0.87         0.92     0.89             0.87             0.80          0.50          0.27  1.61   0.81
DH_EVAL_0028      20.30  23.86            0.67         0.78     0.72             0.63             0.51          0.95          0.62  0.81   0.51
DH_EVAL_0029      18.74  20.55            0.71         0.80     0.75             0.68             0.56          0.85          0.59  0.90   0.56
DH_EVAL_0030      19.29  21.41            0.69         0.79     0.74             0.65             0.53          0.91          0.59  0.82   0.53
DH_EVAL_0031      94.22  90.85            0.27         0.78     0.41             0.06             0.02          2.31          0.52  0.04   0.04
DH_EVAL_0032      37.44  38.59            0.66         0.64     0.65             0.47             0.50          0.91          0.96  0.82   0.47
DH_EVAL_0033      13.14  15.47            0.77         0.87     0.82             0.77             0.63          0.70          0.37  0.95   0.64
DH_EVAL_0034      65.64  88.44            0.18         0.76     0.30             0.47             0.05          2.79          0.54  0.40   0.23
DH_EVAL_0035      33.82  35.80            0.62         0.69     0.65             0.49             0.43          1.01          0.88  0.69   0.42
DH_EVAL_0036      16.09  18.21            0.73         0.84     0.78             0.74             0.59          0.79          0.46  0.95   0.61
DH_EVAL_0037      47.96  64.67            0.43         0.68     0.52             0.58             0.34          2.13          0.93  1.30   0.47
DH_EVAL_0038       4.85   4.82            0.93         0.93     0.93             0.83             0.83          0.19          0.22  0.64   0.76
DH_EVAL_0039      15.97  44.23            0.82         0.78     0.80             0.47             0.53          0.54          0.62  0.44   0.43
DH_EVAL_0040       2.41   2.38            0.96         0.96     0.96             0.89             0.89          0.13          0.13  0.62   0.83
DH_EVAL_0041      15.83  30.57            0.78         0.81     0.80             0.60             0.55          0.66          0.52  0.61   0.51
DH_EVAL_0042      11.09  17.61            0.89         0.90     0.89             0.83             0.82          0.37          0.35  1.09   0.75
DH_EVAL_0043       5.57   7.52            0.91         0.93     0.92             0.86             0.83          0.32          0.22  1.11   0.80
DH_EVAL_0044      55.24  61.27            0.32         0.61     0.42             0.47             0.25          2.76          1.14  1.11   0.38
DH_EVAL_0045      12.38  14.88            0.87         0.88     0.88             0.81             0.80          0.44          0.38  1.14   0.74
DH_EVAL_0046      11.65  17.54            0.85         0.86     0.85             0.77             0.75          0.51          0.44  1.01   0.68
DH_EVAL_0047      21.57  25.75            0.67         0.73     0.70             0.57             0.49          0.96          0.75  0.75   0.47
DH_EVAL_0048      21.73  23.11            0.75         0.78     0.77             0.66             0.63          0.74          0.69  1.02   0.59
DH_EVAL_0049      12.77  17.19            0.88         0.89     0.89             0.81             0.80          0.41          0.36  1.05   0.73
DH_EVAL_0050      10.11  20.75            0.88         0.90     0.89             0.82             0.78          0.43          0.34  0.98   0.72
DH_EVAL_0051      18.82  21.86            0.81         0.83     0.82             0.74             0.71          0.59          0.52  1.02   0.65
DH_EVAL_0052      14.38  22.90            0.81         0.79     0.80             0.43             0.45          0.52          0.52  0.40   0.44
DH_EVAL_0053      56.83  81.08            0.50         0.78     0.61             0.45             0.24          1.36          0.47  0.37   0.30
DH_EVAL_0054       8.75  21.68            0.89         0.90     0.90             0.83             0.81          0.36          0.31  0.99   0.75
DH_EVAL_0055      54.73  74.50            0.59         0.83     0.69             0.66             0.37          1.08          0.44  0.56   0.44
DH_EVAL_0056      47.06  56.88            0.40         0.62     0.49             0.52             0.31          2.24          1.08  1.19   0.43
DH_EVAL_0057      31.94  32.93            0.67         0.69     0.68             0.51             0.49          0.90          0.74  0.73   0.47
DH_EVAL_0058      16.21  43.89            0.79         0.89     0.84             0.76             0.63          0.61          0.32  0.77   0.63
DH_EVAL_0059      23.82  30.74            0.71         0.75     0.73             0.62             0.57          0.86          0.70  0.87   0.53
DH_EVAL_0060      20.32  25.08            0.78         0.78     0.78             0.67             0.66          0.67          0.64  0.94   0.59
DH_EVAL_0061      60.39  82.91            0.16         0.88     0.26             0.36             0.03          3.20          0.30  0.18   0.14
DH_EVAL_0062      21.27  25.94            0.73         0.81     0.77             0.65             0.56          0.77          0.56  0.87   0.57
DH_EVAL_0063      72.24  76.84            0.32         0.97     0.49             0.03             0.01          1.75          0.08  0.02   0.05
DH_EVAL_0064      36.69  53.69            0.58         0.72     0.64             0.52             0.38          1.13          0.76  0.63   0.40
DH_EVAL_0065      19.04  21.52            0.71         0.80     0.75             0.69             0.57          0.85          0.57  0.96   0.58
DH_EVAL_0066      25.63  66.33            0.66         0.79     0.72             0.59             0.44          1.04          0.53  0.80   0.51
DH_EVAL_0067      80.68  93.89            0.37         0.75     0.50             0.47             0.18          2.16          0.56  0.39   0.25
DH_EVAL_0068      17.99  19.17            0.75         0.80     0.78             0.68             0.61          0.73          0.61  0.94   0.58
DH_EVAL_0069      13.82  16.79            0.82         0.84     0.83             0.76             0.73          0.58          0.50  1.06   0.66
DH_EVAL_0070       9.95  17.10            0.87         0.88     0.88             0.80             0.78          0.43          0.40  1.02   0.71
DH_EVAL_0071      15.90  48.18            0.79         0.89     0.84             0.84             0.71          0.72          0.39  1.72   0.76
DH_EVAL_0072       8.94  19.21            0.88         0.91     0.89             0.86             0.82          0.46          0.31  1.43   0.79
DH_EVAL_0073      12.87  12.51            0.87         0.86     0.86             0.72             0.72          0.36          0.38  0.62   0.63
DH_EVAL_0074      55.28  73.48            0.56         0.88     0.68             0.74             0.36          1.17          0.33  0.61   0.47
DH_EVAL_0075      14.87  24.19            0.82         0.84     0.83             0.72             0.71          0.57          0.47  0.92   0.64
DH_EVAL_0076      17.39  20.77            0.72         0.82     0.77             0.68             0.55          0.83          0.55  0.84   0.55
DH_EVAL_0077       2.81   2.79            0.96         0.96     0.96             0.91             0.91          0.14          0.14  0.73   0.84
DH_EVAL_0078      44.81  81.33            0.34         0.81     0.48             0.28             0.06          2.09          0.46  0.16   0.14
DH_EVAL_0079      17.60  24.24            0.70         0.82     0.76             0.65             0.50          0.87          0.52  0.73   0.52
DH_EVAL_0080      16.09  36.61            0.71         0.90     0.79             0.57             0.33          0.83          0.30  0.41   0.44
DH_EVAL_0081       1.32   1.31            0.98         0.98     0.98             0.92             0.92          0.09          0.08  0.56   0.87
DH_EVAL_0082       6.91  30.40            0.89         0.91     0.90             0.85             0.83          0.37          0.30  1.38   0.81
DH_EVAL_0083      41.66  68.15            0.62         0.88     0.73             0.74             0.42          1.00          0.34  0.62   0.50
DH_EVAL_0084       7.50  32.68            0.90         0.91     0.90             0.84             0.82          0.37          0.29  1.20   0.78
DH_EVAL_0085      54.90  77.57            0.47         0.77     0.59             0.54             0.27          1.67          0.62  0.53   0.33
DH_EVAL_0086     157.93  95.29            0.39         0.91     0.54             0.04             0.02          1.71          0.25  0.04   0.06
DH_EVAL_0087      17.14  19.06            0.70         0.83     0.76             0.71             0.55          0.85          0.48  0.89   0.57
DH_EVAL_0088      28.02  28.50            0.67         0.71     0.69             0.56             0.52          0.91          0.85  0.87   0.50
DH_EVAL_0089      14.61  17.02            0.74         0.85     0.79             0.74             0.60          0.77          0.43  0.90   0.61
DH_EVAL_0090      64.86  81.55            0.37         0.63     0.47             0.44             0.21          1.66          0.84  0.74   0.38
DH_EVAL_0091      15.47  18.01            0.73         0.85     0.78             0.73             0.58          0.81          0.44  0.88   0.59
DH_EVAL_0092      14.16  16.29            0.82         0.83     0.82             0.71             0.70          0.56          0.49  0.91   0.64
DH_EVAL_0093      20.55  20.89            0.77         0.80     0.79             0.69             0.65          0.64          0.61  1.05   0.63
DH_EVAL_0094      28.69  51.32            0.63         0.75     0.68             0.57             0.44          1.06          0.67  0.71   0.45
DH_EVAL_0095      46.51  59.67            0.55         0.67     0.60             0.47             0.35          1.39          0.85  0.62   0.36
DH_EVAL_0096      16.47  18.78            0.79         0.82     0.80             0.73             0.69          0.64          0.54  1.04   0.64
DH_EVAL_0097      53.43  74.33            0.63         0.89     0.74             0.78             0.43          0.94          0.31  0.69   0.54
DH_EVAL_0098      19.82  29.91            0.70         0.81     0.75             0.60             0.47          0.89          0.52  0.65   0.48
DH_EVAL_0099      14.78  36.81            0.80         0.90     0.85             0.87             0.76          0.63          0.35  2.25   0.82
DH_EVAL_0100      52.33  73.73            0.28         0.68     0.39             0.45             0.15          2.76          0.82  0.74   0.32
DH_EVAL_0101      16.03  57.41            0.83         0.83     0.83             0.65             0.64          0.46          0.45  0.52   0.53
DH_EVAL_0102      22.42  26.53            0.75         0.78     0.76             0.66             0.63          0.76          0.65  0.93   0.57
DH_EVAL_0103      19.62  23.65            0.76         0.77     0.76             0.64             0.64          0.70          0.67  0.90   0.57
DH_EVAL_0104      21.14  25.96            0.82         0.83     0.83             0.72             0.70          0.56          0.50  0.94   0.64
DH_EVAL_0105      61.83  87.49            0.36         0.95     0.52             0.87             0.23          2.30          0.15  0.65   0.42
DH_EVAL_0106      17.43  18.66            0.75         0.82     0.78             0.70             0.61          0.75          0.55  0.94   0.59
DH_EVAL_0107       8.87  10.18            0.89         0.90     0.89             0.85             0.84          0.41          0.35  1.49   0.80
DH_EVAL_0108      12.22  19.82            0.81         0.89     0.85             0.78             0.68          0.60          0.36  0.94   0.66
DH_EVAL_0109      17.59  19.29            0.70         0.85     0.77             0.74             0.54          0.85          0.45  0.88   0.58
DH_EVAL_0110      18.71  20.69            0.69         0.83     0.76             0.71             0.55          0.87          0.50  0.91   0.57
DH_EVAL_0111      41.23  49.65            0.43         0.72     0.54             0.65             0.36          2.34          0.85  1.73   0.53
DH_EVAL_0112      62.64  92.56            0.47         0.74     0.58             0.49             0.22          1.84          0.60  0.40   0.27
DH_EVAL_0113      14.22  20.10            0.81         0.83     0.82             0.73             0.70          0.62          0.48  0.99   0.64
DH_EVAL_0114      23.61  28.43            0.72         0.75     0.74             0.58             0.55          0.82          0.73  0.83   0.52
DH_EVAL_0115      44.09  58.64            0.47         0.71     0.56             0.49             0.28          1.56          0.73  0.66   0.37
DH_EVAL_0116      68.35  83.52            0.35         0.72     0.47             0.44             0.16          2.11          0.64  0.35   0.22
DH_EVAL_0117      39.60  53.76            0.56         0.72     0.63             0.46             0.35          1.18          0.71  0.57   0.38
DH_EVAL_0118      13.86  18.33            0.79         0.84     0.82             0.74             0.67          0.67          0.47  0.97   0.63
DH_EVAL_0119      15.60  16.69            0.74         0.84     0.79             0.74             0.61          0.75          0.47  0.95   0.61
DH_EVAL_0120      18.82  24.02            0.70         0.80     0.75             0.64             0.53          0.89          0.57  0.80   0.53
DH_EVAL_0121      44.30  70.05            0.68         0.90     0.78             0.80             0.49          0.83          0.29  0.71   0.57
DH_EVAL_0122       2.72   2.68            0.96         0.96     0.96             0.88             0.88          0.14          0.14  0.63   0.82
DH_EVAL_0123      19.81  24.81            0.67         0.80     0.73             0.64             0.49          0.93          0.56  0.78   0.52
DH_EVAL_0124      10.31  12.94            0.87         0.89     0.88             0.84             0.80          0.45          0.35  1.21   0.75
DH_EVAL_0125      57.11  82.74            0.65         0.85     0.74             0.70             0.42          0.96          0.39  0.59   0.48
DH_EVAL_0126      20.83  21.05            0.77         0.78     0.78             0.66             0.64          0.67          0.68  0.98   0.59
DH_EVAL_0127      17.44  23.31            0.82         0.83     0.82             0.73             0.71          0.59          0.52  0.95   0.63
DH_EVAL_0128      14.54  56.69            0.82         0.81     0.82             0.29             0.25          0.50          0.49  0.16   0.24
DH_EVAL_0129      21.99  25.47            0.63         0.78     0.70             0.59             0.43          1.01          0.63  0.65   0.45
DH_EVAL_0130      19.05  22.61            0.72         0.76     0.74             0.62             0.57          0.85          0.70  0.84   0.52
DH_EVAL_0131      29.59  60.44            0.67         0.74     0.70             0.57             0.51          0.91          0.68  0.77   0.49
DH_EVAL_0132      11.49  15.18            0.84         0.86     0.85             0.77             0.75          0.51          0.45  1.06   0.69
DH_EVAL_0133      23.20  49.24            0.64         0.78     0.70             0.65             0.49          1.14          0.62  0.88   0.51
DH_EVAL_0134      14.70  19.87            0.76         0.85     0.81             0.70             0.57          0.70          0.43  0.81   0.59
DH_EVAL_0135      18.58  24.23            0.76         0.78     0.77             0.67             0.64          0.74          0.62  0.95   0.58
DH_EVAL_0136      24.63  25.50            0.71         0.71     0.71             0.55             0.54          0.85          0.84  0.82   0.49
DH_EVAL_0137      10.71  26.14            0.86         0.92     0.89             0.90             0.83          0.48          0.27  2.25   0.86
DH_EVAL_0138      27.48  39.45            0.65         0.72     0.68             0.42             0.40          0.99          0.75  0.49   0.36
DH_EVAL_0139      45.26  49.33            0.37         0.59     0.46             0.48             0.29          2.33          1.19  1.07   0.39
DH_EVAL_0140      21.55  56.23            0.75         0.90     0.82             0.87             0.67          0.81          0.33  1.82   0.77
DH_EVAL_0141      17.85  19.44            0.73         0.85     0.79             0.75             0.59          0.75          0.49  0.97   0.61
DH_EVAL_0142       8.08  38.71            0.88         0.90     0.89             0.82             0.80          0.40          0.34  1.22   0.77
DH_EVAL_0143      42.73  69.93            0.59         0.80     0.68             0.59             0.34          0.99          0.49  0.48   0.40
DH_EVAL_0144      10.41  15.59            0.85         0.88     0.87             0.80             0.77          0.49          0.37  1.10   0.72
DH_EVAL_0145      29.46  50.11            0.70         0.70     0.70             0.55             0.55          0.88          0.86  0.83   0.49
DH_EVAL_0146       9.73  32.73            0.85         0.88     0.87             0.83             0.80          0.46          0.37  1.51   0.78
DH_EVAL_0147       9.20  17.45            0.89         0.90     0.89             0.84             0.81          0.39          0.33  1.07   0.75
DH_EVAL_0148      18.21  21.28            0.73         0.80     0.76             0.68             0.59          0.82          0.60  0.92   0.57
DH_EVAL_0149       9.86  15.44            0.87         0.89     0.88             0.81             0.79          0.44          0.37  1.09   0.73
DH_EVAL_0150       3.40   3.37            0.95         0.95     0.95             0.83             0.83          0.14          0.18  0.53   0.77
DH_EVAL_0151       1.79   1.78            0.97         0.97     0.97             0.92             0.92          0.10          0.10  0.65   0.86
DH_EVAL_0152      69.13  82.76            0.24         0.50     0.32             0.32             0.15          3.18          1.30  0.80   0.28
DH_EVAL_0153      66.80  83.51            0.28         0.95     0.43             0.05             0.01          2.14          0.15  0.03   0.05
DH_EVAL_0154      21.87  24.62            0.75         0.78     0.77             0.68             0.63          0.78          0.63  0.95   0.58
DH_EVAL_0155      17.88  21.71            0.77         0.80     0.79             0.70             0.66          0.72          0.59  0.97   0.60
DH_EVAL_0156      47.19  68.89            0.70         0.82     0.75             0.65             0.46          0.79          0.42  0.58   0.49
DH_EVAL_0157      18.29  20.25            0.81         0.83     0.82             0.74             0.71          0.60          0.52  1.04   0.65
DH_EVAL_0158      51.50  74.46            0.62         0.85     0.71             0.71             0.42          0.92          0.43  0.66   0.50
DH_EVAL_0159      11.63  19.11            0.83         0.86     0.84             0.71             0.66          0.57          0.39  0.78   0.62
DH_EVAL_0160      65.44  82.36            0.24         0.50     0.32             0.32             0.13          3.14          1.28  0.68   0.25
DH_EVAL_0161      53.90  79.86            0.30         0.68     0.42             0.52             0.20          2.85          0.85  0.89   0.35
DH_EVAL_0162      19.28  20.59            0.72         0.82     0.77             0.69             0.57          0.79          0.55  0.89   0.57
DH_EVAL_0163      22.88  24.51            0.76         0.79     0.78             0.68             0.65          0.72          0.60  0.97   0.59
DH_EVAL_0164      65.29  87.30            0.26         0.58     0.36             0.33             0.11          2.74          0.97  0.51   0.23
DH_EVAL_0165      18.41  15.69            0.88         0.88     0.88             0.75             0.75          0.30          0.33  0.65   0.67
DH_EVAL_0166      47.43  72.45            0.42         0.70     0.53             0.51             0.25          2.12          0.78  0.74   0.35
DH_EVAL_0167      21.59  24.10            0.75         0.78     0.76             0.66             0.63          0.74          0.64  0.94   0.58
DH_EVAL_0168      15.51  18.45            0.73         0.83     0.78             0.68             0.55          0.80          0.48  0.77   0.55
DH_EVAL_0169      13.04  15.08            0.83         0.85     0.84             0.75             0.73          0.52          0.45  0.99   0.67
DH_EVAL_0170      28.13  29.25            0.74         0.70     0.72             0.58             0.63          0.76          0.86  1.00   0.55
DH_EVAL_0171      27.61  36.93            0.58         0.78     0.67             0.65             0.45          1.38          0.65  1.05   0.52
DH_EVAL_0172      12.32  22.22            0.88         0.90     0.89             0.82             0.80          0.40          0.33  1.03   0.74
DH_EVAL_0173      54.19  61.75            0.28         0.52     0.36             0.33             0.18          2.63          1.28  0.75   0.29
DH_EVAL_0174      14.42  43.25            0.83         0.90     0.86             0.82             0.73          0.59          0.34  1.17   0.72
DH_EVAL_0175      10.66  63.56            0.85         0.93     0.89             0.86             0.72          0.48          0.23  1.23   0.78
DH_EVAL_0176      28.56  59.05            0.65         0.93     0.76             0.90             0.57          1.00          0.26  1.85   0.75
DH_EVAL_0177      16.07  18.32            0.77         0.81     0.79             0.70             0.66          0.71          0.54  0.96   0.61
DH_EVAL_0178      71.56  86.55            0.15         0.85     0.25             0.14             0.02          3.28          0.37  0.09   0.08
DH_EVAL_0179      17.59  20.31            0.70         0.84     0.76             0.72             0.55          0.86          0.48  0.89   0.58
DH_EVAL_0180       9.73  15.66            0.87         0.89     0.88             0.80             0.78          0.46          0.36  1.05   0.72
DH_EVAL_0181      23.10  31.54            0.68         0.76     0.72             0.60             0.51          1.02          0.70  0.90   0.51
DH_EVAL_0182      17.02  22.23            0.72         0.82     0.76             0.64             0.52          0.86          0.53  0.73   0.52
DH_EVAL_0183      22.33  27.44            0.71         0.75     0.73             0.63             0.58          0.92          0.71  1.02   0.56
DH_EVAL_0184      18.19  21.32            0.73         0.80     0.76             0.68             0.59          0.80          0.61  0.94   0.57
DH_EVAL_0185      19.24  21.22            0.71         0.80     0.76             0.65             0.54          0.83          0.60  0.82   0.54
DH_EVAL_0186      34.61  84.22            0.53         0.84     0.65             0.57             0.28          1.68          0.41  0.49   0.35
DH_EVAL_0187      15.50  47.72            0.85         0.80     0.82             0.57             0.60          0.39          0.60  0.66   0.57
DH_EVAL_0188       4.87  10.12            0.92         0.93     0.92             0.82             0.80          0.30          0.24  0.79   0.75
DH_EVAL_0189      52.47  72.85            0.66         0.87     0.75             0.73             0.45          0.88          0.37  0.63   0.51
DH_EVAL_0190      26.85  31.54            0.68         0.73     0.70             0.57             0.52          0.92          0.71  0.80   0.50
DH_EVAL_0191      30.06  33.19            0.62         0.74     0.67             0.49             0.41          1.07          0.67  0.62   0.42
DH_EVAL_0192      14.06  16.99            0.81         0.84     0.82             0.76             0.72          0.61          0.49  1.07   0.66
DH_EVAL_0193      13.33  14.31            0.77         0.88     0.82             0.79             0.63          0.67          0.37  0.99   0.66
DH_EVAL_0194      70.30  86.45            0.20         0.59     0.30             0.31             0.12          3.48          0.97  0.65   0.25
DH_EVAL_0195       2.91   2.90            0.96         0.96     0.96             0.89             0.89          0.14          0.15  0.68   0.82
DH_EVAL_0196      13.46  34.51            0.81         0.89     0.85             0.82             0.70          0.66          0.37  1.38   0.73
DH_EVAL_0197      17.44  19.93            0.77         0.81     0.79             0.71             0.65          0.73          0.56  0.99   0.61
DH_EVAL_0198      20.42  22.34            0.71         0.81     0.76             0.69             0.58          0.82          0.60  0.97   0.58
DH_EVAL_0199      76.05  86.27            0.25         0.62     0.36             0.24             0.05          2.21          0.81  0.19   0.12
DH_EVAL_0200       5.39   5.19            0.94         0.92     0.93             0.80             0.83          0.21          0.24  0.60   0.73
DH_EVAL_0201      12.71  46.91            0.81         0.90     0.85             0.80             0.65          0.60          0.28  0.95   0.69
DH_EVAL_0202       2.09   2.08            0.97         0.97     0.97             0.91             0.91          0.12          0.11  0.66   0.85
DH_EVAL_0203      14.02  17.36            0.82         0.84     0.83             0.76             0.73          0.58          0.49  1.08   0.67
DH_EVAL_0204      17.94  22.51            0.78         0.80     0.79             0.70             0.68          0.66          0.58  1.00   0.62
DH_EVAL_0205      14.90  17.91            0.85         0.86     0.85             0.77             0.77          0.49          0.43  1.06   0.70
DH_EVAL_0206      59.28  71.07            0.32         0.71     0.44             0.56             0.21          2.34          0.81  0.89   0.38
DH_EVAL_0207      11.08  13.53            0.85         0.86     0.85             0.76             0.75          0.46          0.45  0.99   0.68
DH_EVAL_0208      33.46  54.68            0.70         0.68     0.69             0.44             0.51          0.85          0.85  0.68   0.44
DH_EVAL_0209      59.30  86.76            0.65         0.64     0.64             0.43             0.41          1.12          0.93  0.59   0.37
DH_EVAL_0210     252.32  92.04            0.61         0.48     0.54             0.10             0.11          1.03          1.24  0.17   0.13
DH_EVAL_0211      19.93  21.10            0.80         0.79     0.80             0.68             0.69          0.60          0.66  1.07   0.63
DH_EVAL_0212      20.90  24.37            0.74         0.77     0.76             0.66             0.62          0.78          0.66  0.92   0.56
DH_EVAL_0213      20.31  21.63            0.72         0.79     0.75             0.66             0.57          0.83          0.66  0.92   0.55
DH_EVAL_0214      38.62  51.73            0.46         0.73     0.57             0.60             0.34          2.00          0.77  1.08   0.45
DH_EVAL_0215       8.27  14.84            0.88         0.90     0.89             0.81             0.79          0.41          0.32  0.97   0.73
DH_EVAL_0216      12.46  16.73            0.84         0.85     0.85             0.78             0.77          0.51          0.46  1.12   0.70
DH_EVAL_0217      13.66  19.69            0.81         0.83     0.82             0.70             0.66          0.61          0.53  0.86   0.60
DH_EVAL_0218      23.65  55.83            0.70         0.91     0.79             0.89             0.64          0.94          0.31  1.87   0.76
DH_EVAL_0219      18.01  21.52            0.79         0.81     0.80             0.69             0.68          0.67          0.61  0.98   0.60
DH_EVAL_0220      20.18  27.21            0.81         0.81     0.81             0.68             0.68          0.57          0.54  0.83   0.60
DH_EVAL_0221      15.33  18.97            0.73         0.86     0.79             0.74             0.58          0.77          0.43  0.89   0.60
DH_EVAL_0222      26.18  34.60            0.71         0.74     0.73             0.61             0.57          0.83          0.70  0.87   0.53
DH_EVAL_0223      19.25  24.76            0.80         0.83     0.82             0.73             0.69          0.62          0.49  1.00   0.64
DH_EVAL_0224      15.49  17.32            0.81         0.82     0.82             0.72             0.70          0.59          0.52  0.97   0.64
DH_EVAL_0225      55.09  85.01            0.43         0.75     0.55             0.30             0.16          1.69          0.55  0.24   0.19
DH_EVAL_0226      47.15  70.74            0.56         0.86     0.68             0.71             0.35          1.11          0.38  0.59   0.46
DH_EVAL_0227      23.43  27.00            0.65         0.74     0.69             0.58             0.49          1.02          0.69  0.78   0.48
DH_EVAL_0228       1.82   1.80            0.97         0.97     0.97             0.89             0.89          0.11          0.09  0.52   0.83
DH_EVAL_0229      29.99  33.18            0.73         0.74     0.73             0.58             0.57          0.77          0.72  0.76   0.51
DH_EVAL_0230      24.16  25.45            0.66         0.76     0.71             0.62             0.50          0.93          0.72  0.87   0.52
DH_EVAL_0231      14.93  21.58            0.76         0.83     0.80             0.65             0.58          0.75          0.47  0.76   0.56
DH_EVAL_0232      19.90  24.40            0.69         0.81     0.74             0.66             0.53          0.90          0.57  0.85   0.54
DH_EVAL_0233       9.39  10.52            0.91         0.87     0.89             0.81             0.85          0.33          0.41  1.32   0.78
DH_EVAL_0234      26.23  30.34            0.63         0.71     0.67             0.53             0.46          1.06          0.84  0.75   0.44
DH_EVAL_0235      22.61  30.72            0.68         0.74     0.71             0.52             0.43          0.90          0.69  0.62   0.44
DH_EVAL_0236      54.99  71.94            0.30         0.72     0.42             0.58             0.20          2.51          0.83  1.00   0.39
DH_EVAL_0237       5.38   5.35            0.94         0.91     0.92             0.62             0.62          0.14          0.28  0.31   0.61
DH_EVAL_0238      73.83  90.63            0.12         0.82     0.21             0.30             0.03          3.42          0.46  0.16   0.11
DH_EVAL_0239       4.22   6.94            0.93         0.94     0.93             0.86             0.86          0.26          0.21  1.15   0.83
DH_EVAL_0240      27.69  30.49            0.80         0.80     0.80             0.64             0.63          0.56          0.58  0.72   0.56
DH_EVAL_0241      10.33  18.23            0.83         0.88     0.86             0.74             0.67          0.55          0.36  0.82   0.65
DH_EVAL_0242      16.56  19.07            0.73         0.83     0.77             0.72             0.60          0.81          0.50  0.96   0.60
DH_EVAL_0243       7.63  14.72            0.90         0.92     0.91             0.85             0.82          0.38          0.26  1.08   0.77
DH_EVAL_0244      11.69  16.91            0.87         0.89     0.88             0.82             0.80          0.44          0.37  1.10   0.73
DH_EVAL_0245      19.26  28.51            0.73         0.78     0.75             0.68             0.62          0.91          0.67  1.11   0.59
DH_EVAL_0246      17.97  21.76            0.72         0.81     0.76             0.70             0.59          0.84          0.56  0.94   0.58
DH_EVAL_0247      16.37  18.90            0.75         0.83     0.79             0.74             0.63          0.77          0.50  1.02   0.62
DH_EVAL_0248      18.16  24.69            0.68         0.83     0.74             0.59             0.41          0.91          0.47  0.59   0.47
DH_EVAL_0249      23.59  23.90            0.67         0.74     0.70             0.57             0.50          0.92          0.75  0.80   0.49
DH_EVAL_0250      21.98  23.29            0.70         0.78     0.74             0.65             0.56          0.86          0.68  0.94   0.55
DH_EVAL_0251      16.08  19.78            0.79         0.80     0.80             0.69             0.68          0.65          0.60  0.95   0.60
DH_EVAL_0252      36.09  65.54            0.77         0.91     0.83             0.81             0.58          0.62          0.27  0.71   0.62
DH_EVAL_0253      25.49  46.70            0.70         0.92     0.79             0.88             0.61          0.89          0.30  1.77   0.75
DH_EVAL_0254      72.03  88.36            0.23         0.59     0.34             0.36             0.11          2.87          0.99  0.52   0.23
DH_EVAL_0255      18.22  18.93            0.69         0.85     0.76             0.74             0.53          0.84          0.44  0.89   0.59
DH_EVAL_0256      31.21  37.29            0.69         0.73     0.71             0.57             0.53          0.90          0.75  0.78   0.49
DH_EVAL_0257       7.12   9.45            0.89         0.92     0.90             0.90             0.86          0.45          0.29  2.32   0.86
DH_EVAL_0258      26.96  34.38            0.76         0.79     0.77             0.65             0.62          0.69          0.58  0.86   0.58
DH_EVAL_0259      60.63  89.14            0.16         0.90     0.28             0.24             0.02          3.19          0.26  0.11   0.10
*** OVERALL ***   25.36  46.95            0.71         0.81     0.75             0.81             0.70          0.94          0.55  8.80   0.92
