File               DER    JER    B3-Precision    B3-Recall    B3-F1    GKT(ref, sys)    GKT(sys, ref)    H(ref|sys)    H(sys|ref)    MI    NMI
---------------  -----  -----  --------------  -----------  -------  ---------------  ---------------  ------------  ------------  ----  -----
DH_EVAL_0001      8.78  38.68            0.94         0.93     0.94             0.87             0.89          0.24          0.18  1.30   0.86
DH_EVAL_0002     36.98  74.45            0.44         1.00     0.61             0.96             0.10          1.47          0.01  0.25   0.38
DH_EVAL_0004      9.34  14.05            0.84         0.92     0.88             0.86             0.75          0.49          0.25  1.14   0.76
DH_EVAL_0009     43.11  60.18            0.43         0.66     0.52             0.55             0.35          2.16          0.96  1.29   0.46
DH_EVAL_0010      8.15  11.62            0.88         0.92     0.90             0.87             0.82          0.41          0.26  1.28   0.80
DH_EVAL_0012     15.34  18.77            0.77         0.85     0.81             0.75             0.65          0.66          0.46  1.02   0.65
DH_EVAL_0013      5.47   5.44            0.99         0.92     0.96             0.80             0.98          0.03          0.25  0.74   0.85
DH_EVAL_0014      9.84  21.86            0.86         0.93     0.89             0.87             0.78          0.50          0.21  1.32   0.79
DH_EVAL_0015     40.85  62.87            0.38         0.63     0.48             0.46             0.25          2.25          0.96  0.95   0.38
DH_EVAL_0017     51.91  91.30            0.45         0.99     0.62             0.97             0.30          2.08          0.04  0.76   0.50
DH_EVAL_0018     44.24  79.83            0.71         0.99     0.83             0.99             0.55          0.74          0.02  0.97   0.75
DH_EVAL_0019     58.00  86.16            0.19         1.00     0.32             0.96             0.05          2.86          0.01  0.24   0.27
DH_EVAL_0020     30.84  89.69            0.68         0.98     0.81             0.97             0.52          1.07          0.06  0.90   0.66
DH_EVAL_0023      5.37  12.36            0.95         0.96     0.95             0.93             0.91          0.18          0.15  1.22   0.88
DH_EVAL_0025     46.31  86.92            0.56         0.99     0.72             0.98             0.41          1.29          0.05  0.92   0.63
DH_EVAL_0027      5.15  38.81            0.92         0.97     0.95             0.96             0.88          0.30          0.10  1.80   0.90
DH_EVAL_0031     51.82  86.23            0.56         1.00     0.72             0.99             0.41          1.42          0.02  0.93   0.62
DH_EVAL_0034     56.11  87.02            0.27         1.00     0.42             0.98             0.15          2.66          0.01  0.53   0.40
DH_EVAL_0037     44.94  70.09            0.43         0.84     0.57             0.77             0.34          2.05          0.44  1.38   0.55
DH_EVAL_0038      0.50   0.50            0.99         0.99     0.99             0.98             0.98          0.03          0.03  0.80   0.96
DH_EVAL_0039      4.62  27.14            0.94         0.94     0.94             0.84             0.84          0.20          0.20  0.79   0.80
DH_EVAL_0040      0.57   0.55            0.99         0.99     0.99             0.97             0.98          0.03          0.04  0.72   0.95
DH_EVAL_0041      5.62  21.80            0.91         0.96     0.94             0.90             0.82          0.31          0.11  0.97   0.82
DH_EVAL_0042      6.46  13.39            0.94         0.94     0.94             0.91             0.89          0.22          0.19  1.23   0.86
DH_EVAL_0043      2.40   4.71            0.96         0.98     0.97             0.96             0.92          0.15          0.07  1.27   0.92
DH_EVAL_0044     53.55  62.90            0.38         0.74     0.50             0.63             0.32          2.55          0.68  1.32   0.47
DH_EVAL_0046     11.33  18.05            0.91         0.87     0.89             0.79             0.85          0.30          0.40  1.22   0.78
DH_EVAL_0047     14.79  20.81            0.76         0.84     0.80             0.73             0.63          0.70          0.43  1.00   0.64
DH_EVAL_0049      8.67  16.16            0.92         0.93     0.93             0.88             0.87          0.24          0.23  1.21   0.84
DH_EVAL_0050      5.87  17.07            0.93         0.95     0.94             0.91             0.87          0.26          0.15  1.15   0.85
DH_EVAL_0052      2.56  16.03            0.96         0.97     0.96             0.90             0.87          0.18          0.08  0.75   0.86
DH_EVAL_0053     36.03  77.61            0.68         0.99     0.81             0.98             0.52          0.81          0.04  0.92   0.71
DH_EVAL_0054      5.17  16.76            0.94         0.95     0.94             0.90             0.89          0.22          0.17  1.13   0.85
DH_EVAL_0056     38.70  51.67            0.55         0.74     0.63             0.67             0.48          1.82          0.74  1.61   0.57
DH_EVAL_0058      7.43  21.62            0.90         0.92     0.91             0.85             0.82          0.33          0.21  1.06   0.80
DH_EVAL_0060     11.69  19.60            0.88         0.88     0.88             0.82             0.81          0.35          0.33  1.25   0.79
DH_EVAL_0061     56.98  82.03            0.21         1.00     0.35             0.98             0.10          2.99          0.01  0.39   0.34
DH_EVAL_0063     43.48  69.67            0.58         1.00     0.73             0.99             0.39          0.99          0.02  0.78   0.66
DH_EVAL_0064      9.83  42.09            0.87         0.91     0.89             0.87             0.82          0.42          0.29  1.33   0.79
DH_EVAL_0066     17.98  69.74            0.69         0.95     0.80             0.88             0.50          0.96          0.17  0.88   0.63
DH_EVAL_0067     64.68  93.18            0.53         0.99     0.69             0.98             0.38          1.61          0.04  0.94   0.59
DH_EVAL_0070      5.89  12.86            0.92         0.93     0.93             0.89             0.87          0.25          0.21  1.20   0.84
DH_EVAL_0071      5.14  20.14            0.92         0.95     0.94             0.93             0.89          0.33          0.19  2.12   0.89
DH_EVAL_0072      5.25  12.78            0.93         0.96     0.95             0.94             0.90          0.28          0.13  1.60   0.89
DH_EVAL_0073      0.49   0.53            0.99         0.99     0.99             0.99             0.99          0.03          0.03  0.95   0.97
DH_EVAL_0075      8.19  17.76            0.91         0.91     0.91             0.86             0.86          0.28          0.26  1.21   0.82
DH_EVAL_0076     11.70  16.77            0.80         0.92     0.86             0.86             0.69          0.58          0.23  1.09   0.73
DH_EVAL_0077      0.58   0.58            0.99         0.99     0.99             0.98             0.98          0.04          0.03  0.83   0.96
DH_EVAL_0078     38.80  80.72            0.41         1.00     0.59             0.97             0.17          1.81          0.02  0.44   0.44
DH_EVAL_0079     17.86  24.39            0.79         0.84     0.81             0.70             0.65          0.60          0.49  1.01   0.65
DH_EVAL_0081      0.32   0.32            0.99         0.99     0.99             0.98             0.98          0.03          0.02  0.62   0.96
DH_EVAL_0082      6.63  34.15            0.97         0.93     0.95             0.89             0.95          0.14          0.18  1.61   0.91
DH_EVAL_0083     32.59  60.09            0.71         0.92     0.80             0.85             0.56          0.69          0.24  0.93   0.68
DH_EVAL_0084      2.52  27.17            0.97         0.98     0.97             0.96             0.94          0.15          0.09  1.42   0.92
DH_EVAL_0085     45.39  76.21            0.59         0.97     0.73             0.93             0.43          1.26          0.10  0.93   0.62
DH_EVAL_0086     53.34  90.26            0.71         0.99     0.83             0.98             0.54          0.80          0.04  0.96   0.72
DH_EVAL_0087     13.73  16.00            0.76         0.89     0.82             0.81             0.64          0.67          0.30  1.07   0.69
DH_EVAL_0089     12.01  14.89            0.79         0.90     0.84             0.83             0.67          0.62          0.27  1.05   0.71
DH_EVAL_0090     29.11  53.21            0.69         0.94     0.80             0.91             0.61          0.83          0.22  1.58   0.76
DH_EVAL_0092     26.10  62.72            0.73         0.97     0.83             0.93             0.55          0.63          0.11  0.83   0.71
DH_EVAL_0094     12.51  44.29            0.83         0.90     0.87             0.85             0.75          0.53          0.29  1.24   0.75
DH_EVAL_0095     30.25  56.61            0.72         0.86     0.78             0.77             0.59          0.86          0.35  1.15   0.66
DH_EVAL_0096      7.73  11.97            0.90         0.93     0.91             0.89             0.85          0.34          0.23  1.35   0.83
DH_EVAL_0097     48.52  72.82            0.70         0.98     0.82             0.95             0.55          0.68          0.09  0.95   0.73
DH_EVAL_0098     11.80  27.13            0.81         0.94     0.87             0.87             0.67          0.55          0.17  0.99   0.74
DH_EVAL_0099     11.12  34.04            0.86         0.96     0.91             0.95             0.83          0.41          0.13  2.47   0.90
DH_EVAL_0100     42.11  71.14            0.41         0.81     0.54             0.70             0.30          2.29          0.49  1.21   0.50
DH_EVAL_0101      0.93  50.45            0.99         0.99     0.99             0.98             0.98          0.05          0.04  0.94   0.96
DH_EVAL_0103      7.13  12.44            0.91         0.92     0.91             0.87             0.87          0.29          0.27  1.30   0.82
DH_EVAL_0105     60.11  87.11            0.38         1.00     0.55             0.99             0.26          2.18          0.02  0.77   0.51
DH_EVAL_0106     11.59  13.55            0.79         0.91     0.85             0.84             0.68          0.59          0.25  1.10   0.73
DH_EVAL_0107      3.30   4.96            0.96         0.97     0.96             0.95             0.94          0.18          0.12  1.72   0.92
DH_EVAL_0108     12.36  19.21            0.88         0.90     0.89             0.83             0.80          0.38          0.32  1.17   0.77
DH_EVAL_0111     39.57  51.38            0.46         0.77     0.57             0.71             0.39          2.33          0.68  1.75   0.56
DH_EVAL_0112     43.12  86.12            0.67         0.86     0.75             0.78             0.51          1.17          0.35  1.08   0.60
DH_EVAL_0113      6.82  12.06            0.90         0.93     0.92             0.88             0.85          0.33          0.23  1.28   0.82
DH_EVAL_0115     12.87  17.82            0.81         0.90     0.85             0.86             0.74          0.67          0.31  1.56   0.76
DH_EVAL_0116     56.82  81.68            0.50         0.99     0.67             0.99             0.36          1.55          0.02  0.92   0.60
DH_EVAL_0118      8.54  13.80            0.87         0.92     0.89             0.87             0.80          0.43          0.23  1.21   0.79
DH_EVAL_0121     33.96  62.46            0.76         0.96     0.85             0.92             0.61          0.57          0.14  0.97   0.74
DH_EVAL_0122      0.50   0.51            0.99         0.99     0.99             0.98             0.98          0.04          0.03  0.73   0.96
DH_EVAL_0124      7.03  10.73            0.91         0.93     0.92             0.90             0.87          0.31          0.21  1.35   0.84
DH_EVAL_0125     10.08  42.56            0.91         0.95     0.93             0.91             0.86          0.30          0.17  1.26   0.84
DH_EVAL_0127      8.68  16.54            0.91         0.92     0.91             0.88             0.85          0.30          0.22  1.24   0.82
DH_EVAL_0128      2.12  50.68            0.96         1.00     0.98             0.98             0.84          0.16          0.02  0.49   0.85
DH_EVAL_0130     10.00  14.15            0.84         0.89     0.87             0.83             0.76          0.50          0.31  1.18   0.75
DH_EVAL_0131     13.77  48.90            0.84         0.87     0.86             0.80             0.76          0.47          0.33  1.20   0.75
DH_EVAL_0132      5.60   9.45            0.92         0.94     0.93             0.90             0.87          0.28          0.20  1.29   0.84
DH_EVAL_0133     17.75  46.62            0.72         0.87     0.79             0.80             0.61          0.89          0.34  1.13   0.66
DH_EVAL_0135     11.16  16.33            0.86         0.88     0.87             0.82             0.80          0.43          0.38  1.27   0.76
DH_EVAL_0137      3.06   3.21            0.95         0.97     0.96             0.97             0.94          0.21          0.10  2.51   0.94
DH_EVAL_0138     12.35  29.64            0.83         0.89     0.86             0.78             0.71          0.50          0.29  0.97   0.71
DH_EVAL_0139     56.15  69.93            0.33         0.74     0.46             0.62             0.24          2.31          0.72  1.08   0.44
DH_EVAL_0140     10.11  41.05            0.86         0.97     0.91             0.96             0.82          0.44          0.12  2.20   0.89
DH_EVAL_0142      3.84  35.61            0.95         0.96     0.95             0.93             0.91          0.20          0.13  1.42   0.90
DH_EVAL_0143     26.32  63.04            0.75         0.99     0.85             0.98             0.60          0.56          0.04  0.91   0.77
DH_EVAL_0144      7.66  13.04            0.90         0.92     0.91             0.86             0.84          0.34          0.27  1.26   0.81
DH_EVAL_0145      9.27  42.76            0.88         0.92     0.90             0.88             0.83          0.39          0.24  1.32   0.81
DH_EVAL_0146      2.24  27.56            0.96         0.98     0.97             0.97             0.95          0.15          0.08  1.83   0.94
DH_EVAL_0147      5.86  13.47            0.93         0.95     0.94             0.91             0.88          0.26          0.18  1.21   0.85
DH_EVAL_0149      6.97  12.25            0.93         0.92     0.93             0.87             0.88          0.26          0.27  1.27   0.83
DH_EVAL_0150      0.62   0.63            0.99         0.99     0.99             0.96             0.98          0.03          0.04  0.65   0.95
DH_EVAL_0151      0.47   0.47            0.99         0.99     0.99             0.98             0.98          0.03          0.03  0.72   0.96
DH_EVAL_0152     60.65  84.44            0.33         0.76     0.46             0.60             0.25          2.91          0.56  1.08   0.42
DH_EVAL_0153     44.58  79.63            0.49         0.99     0.66             0.97             0.30          1.47          0.03  0.70   0.56
DH_EVAL_0155     10.69  17.34            0.86         0.89     0.88             0.84             0.79          0.43          0.29  1.25   0.78
DH_EVAL_0157      8.48  12.52            0.91         0.93     0.92             0.90             0.86          0.30          0.21  1.34   0.84
DH_EVAL_0158     43.19  71.30            0.70         0.97     0.82             0.94             0.55          0.64          0.11  0.94   0.73
DH_EVAL_0159      4.83  13.20            0.92         0.96     0.94             0.91             0.85          0.28          0.14  1.07   0.84
DH_EVAL_0160     59.10  76.72            0.36         0.66     0.47             0.52             0.27          2.65          0.86  1.17   0.42
DH_EVAL_0161     42.08  72.53            0.44         0.76     0.56             0.68             0.36          2.25          0.64  1.49   0.53
DH_EVAL_0164     50.78  80.44            0.37         0.78     0.50             0.62             0.24          2.29          0.59  0.96   0.43
DH_EVAL_0165      1.20   1.26            0.99         0.99     0.99             0.98             0.98          0.03          0.04  0.92   0.96
DH_EVAL_0166     37.93  67.30            0.52         0.93     0.67             0.87             0.38          1.77          0.19  1.09   0.57
DH_EVAL_0167      9.99  15.73            0.88         0.91     0.89             0.86             0.82          0.37          0.27  1.31   0.80
DH_EVAL_0168     12.29  16.61            0.79         0.88     0.83             0.78             0.64          0.62          0.32  0.95   0.67
DH_EVAL_0169      4.15   8.21            0.94         0.96     0.95             0.94             0.91          0.21          0.13  1.29   0.88
DH_EVAL_0170     12.36  16.17            0.82         0.90     0.86             0.84             0.74          0.52          0.32  1.24   0.75
DH_EVAL_0171     31.43  54.53            0.56         0.86     0.68             0.77             0.42          1.37          0.34  1.06   0.57
DH_EVAL_0172      6.62  14.70            0.94         0.94     0.94             0.91             0.89          0.22          0.18  1.21   0.86
DH_EVAL_0173     53.85  61.93            0.38         0.53     0.44             0.39             0.29          2.27          1.26  1.11   0.39
DH_EVAL_0174      9.03  28.37            0.91         0.96     0.94             0.93             0.85          0.34          0.14  1.41   0.86
DH_EVAL_0175      8.09  61.06            0.89         0.97     0.93             0.94             0.79          0.37          0.10  1.34   0.85
DH_EVAL_0176     26.58  56.81            0.69         0.97     0.80             0.96             0.62          0.86          0.11  1.99   0.81
DH_EVAL_0177      8.10  12.73            0.88         0.91     0.90             0.86             0.82          0.39          0.26  1.27   0.80
DH_EVAL_0178     60.44  84.08            0.29         1.00     0.45             0.98             0.19          2.71          0.02  0.66   0.44
DH_EVAL_0179     14.89  18.12            0.74         0.89     0.81             0.80             0.62          0.71          0.32  1.05   0.68
DH_EVAL_0180      6.70  13.28            0.92         0.92     0.92             0.87             0.87          0.28          0.26  1.23   0.82
DH_EVAL_0181     11.89  25.29            0.83         0.92     0.87             0.86             0.73          0.61          0.25  1.31   0.76
DH_EVAL_0183      9.91  19.21            0.86         0.91     0.88             0.86             0.80          0.49          0.30  1.45   0.79
DH_EVAL_0185     15.45  18.47            0.77         0.87     0.82             0.76             0.64          0.64          0.40  1.02   0.66
DH_EVAL_0186     26.88  80.69            0.64         0.91     0.75             0.80             0.45          1.29          0.22  0.88   0.57
DH_EVAL_0187      6.24  43.42            0.96         0.93     0.95             0.84             0.90          0.13          0.23  0.92   0.84
DH_EVAL_0188      2.02   6.69            0.97         0.97     0.97             0.93             0.91          0.15          0.09  0.95   0.89
DH_EVAL_0189     41.97  70.40            0.76         0.99     0.86             0.98             0.60          0.55          0.04  0.96   0.78
DH_EVAL_0190     11.88  18.79            0.84         0.89     0.87             0.83             0.77          0.48          0.30  1.23   0.76
DH_EVAL_0191     13.20  22.79            0.81         0.89     0.85             0.82             0.71          0.57          0.29  1.12   0.73
DH_EVAL_0192      8.63  13.11            0.88         0.91     0.90             0.87             0.83          0.38          0.26  1.31   0.81
DH_EVAL_0194     58.93  82.97            0.30         0.71     0.42             0.58             0.23          2.99          0.71  1.14   0.41
DH_EVAL_0195     24.29  24.11            0.99         0.73     0.84             0.53             0.98          0.03          0.61  0.80   0.74
DH_EVAL_0196     11.07  33.38            0.86         0.94     0.89             0.90             0.77          0.50          0.21  1.55   0.81
DH_EVAL_0197     12.65  15.87            0.86         0.87     0.87             0.81             0.80          0.43          0.40  1.29   0.76
DH_EVAL_0199     64.57  86.45            0.41         0.99     0.58             0.98             0.25          1.71          0.02  0.69   0.53
DH_EVAL_0200      1.01   1.01            0.99         0.98     0.99             0.96             0.98          0.03          0.06  0.78   0.94
DH_EVAL_0201      9.64  45.46            0.86         0.95     0.90             0.91             0.74          0.44          0.13  1.11   0.80
DH_EVAL_0202      0.44   0.43            0.99         0.99     0.99             0.98             0.98          0.03          0.03  0.75   0.96
DH_EVAL_0203     10.76  14.47            0.89         0.89     0.89             0.83             0.82          0.37          0.36  1.28   0.78
DH_EVAL_0206     55.39  74.01            0.38         0.87     0.53             0.79             0.29          2.13          0.35  1.11   0.51
DH_EVAL_0208     13.10  50.39            0.87         0.87     0.87             0.79             0.78          0.39          0.35  1.14   0.76
DH_EVAL_0209     29.89  85.09            0.85         0.85     0.85             0.76             0.74          0.58          0.36  1.12   0.71
DH_EVAL_0210     45.71  80.91            0.85         1.00     0.92             1.00             0.66          0.35          0.01  0.84   0.84
DH_EVAL_0211     10.36  13.41            0.84         0.91     0.88             0.86             0.75          0.48          0.26  1.19   0.76
DH_EVAL_0213     17.88  20.07            0.76         0.83     0.80             0.73             0.65          0.67          0.50  1.08   0.65
DH_EVAL_0214     36.14  53.35            0.52         0.84     0.64             0.75             0.41          1.82          0.43  1.26   0.55
DH_EVAL_0215      6.01  16.59            0.94         0.94     0.94             0.88             0.89          0.23          0.19  1.14   0.84
DH_EVAL_0216     44.65  71.82            0.66         0.98     0.79             0.96             0.48          0.76          0.07  0.87   0.70
DH_EVAL_0217      5.30  11.26            0.92         0.95     0.93             0.91             0.86          0.29          0.17  1.18   0.84
DH_EVAL_0218     15.12  38.03            0.80         0.97     0.87             0.96             0.75          0.61          0.14  2.20   0.86
DH_EVAL_0219     10.59  14.89            0.89         0.90     0.90             0.84             0.83          0.36          0.33  1.29   0.79
DH_EVAL_0223     10.62  16.64            0.89         0.91     0.90             0.86             0.83          0.35          0.25  1.28   0.81
DH_EVAL_0224      3.65   6.48            0.95         0.97     0.96             0.95             0.92          0.19          0.11  1.37   0.90
DH_EVAL_0225     32.30  82.10            0.65         0.99     0.78             0.98             0.48          1.06          0.04  0.87   0.66
DH_EVAL_0226     23.29  38.64            0.75         0.83     0.79             0.72             0.63          0.66          0.41  1.04   0.66
DH_EVAL_0227     15.04  19.75            0.77         0.86     0.81             0.77             0.67          0.66          0.39  1.14   0.69
DH_EVAL_0228      0.38   0.38            0.99         0.99     0.99             0.98             0.98          0.03          0.02  0.60   0.96
DH_EVAL_0229     10.42  18.46            0.90         0.91     0.91             0.85             0.84          0.29          0.26  1.24   0.82
DH_EVAL_0233      6.05   5.79            0.97         0.92     0.95             0.88             0.96          0.12          0.25  1.54   0.90
DH_EVAL_0235     13.52  23.62            0.76         0.90     0.82             0.77             0.58          0.69          0.26  0.83   0.65
DH_EVAL_0236     49.35  68.59            0.37         0.82     0.51             0.73             0.28          2.22          0.51  1.28   0.51
DH_EVAL_0237      0.10   0.13            1.00         1.00     1.00             0.99             0.99          0.01          0.01  0.43   0.97
DH_EVAL_0238     69.76  89.93            0.18         1.00     0.31             0.98             0.09          3.18          0.01  0.40   0.33
DH_EVAL_0239      1.05   3.99            0.98         0.98     0.98             0.97             0.96          0.09          0.06  1.32   0.95
DH_EVAL_0241      7.20  17.55            0.88         0.94     0.91             0.86             0.77          0.40          0.17  0.98   0.78
DH_EVAL_0242     12.93  15.92            0.79         0.89     0.84             0.82             0.69          0.60          0.32  1.16   0.72
DH_EVAL_0243      5.22  11.80            0.93         0.95     0.94             0.91             0.88          0.25          0.17  1.20   0.85
DH_EVAL_0244      6.95  12.96            0.92         0.94     0.93             0.90             0.88          0.26          0.19  1.27   0.85
DH_EVAL_0245     10.82  19.51            0.84         0.90     0.87             0.86             0.78          0.52          0.32  1.50   0.78
DH_EVAL_0247     12.23  15.18            0.81         0.90     0.85             0.84             0.72          0.56          0.29  1.23   0.75
DH_EVAL_0253     24.22  54.98            0.72         0.97     0.83             0.95             0.64          0.77          0.12  1.89   0.82
DH_EVAL_0254     57.92  82.97            0.41         0.75     0.53             0.63             0.31          2.24          0.60  1.15   0.47
DH_EVAL_0255     15.67  16.76            0.74         0.90     0.81             0.82             0.60          0.70          0.28  1.04   0.69
DH_EVAL_0256     19.50  29.38            0.81         0.84     0.82             0.75             0.71          0.53          0.40  1.15   0.71
DH_EVAL_0257     12.98  39.62            0.83         0.96     0.89             0.95             0.79          0.53          0.13  2.24   0.87
DH_EVAL_0259     56.73  88.51            0.23         1.00     0.37             0.97             0.10          2.92          0.01  0.38   0.33
*** OVERALL ***  20.65  47.74            0.79         0.91     0.84             0.91             0.79          0.73          0.26  8.57   0.95
