File                DER    JER    B3-Precision    B3-Recall    B3-F1    GKT(ref, sys)    GKT(sys, ref)    H(ref|sys)    H(sys|ref)    MI    NMI
---------------  ------  -----  --------------  -----------  -------  ---------------  ---------------  ------------  ------------  ----  -----
DH_EVAL_0001      12.15  39.31            0.89         0.88     0.88             0.78             0.79          0.40          0.36  1.14   0.75
DH_EVAL_0002      39.22  74.95            0.40         0.95     0.57             0.32             0.04          1.63          0.13  0.09   0.15
DH_EVAL_0003      30.12  38.02            0.56         0.68     0.62             0.45             0.34          1.16          0.82  0.57   0.37
DH_EVAL_0004      20.75  26.01            0.68         0.78     0.72             0.57             0.49          0.97          0.59  0.67   0.47
DH_EVAL_0005      23.13  26.02            0.69         0.73     0.71             0.58             0.53          0.88          0.83  0.84   0.50
DH_EVAL_0006      20.78  25.75            0.64         0.81     0.72             0.63             0.45          1.00          0.51  0.70   0.49
DH_EVAL_0007      30.12  30.99            0.66         0.65     0.66             0.49             0.50          0.97          1.08  0.80   0.44
DH_EVAL_0008      22.04  24.95            0.75         0.77     0.76             0.61             0.59          0.74          0.70  0.88   0.55
DH_EVAL_0009      59.47  73.51            0.28         0.49     0.36             0.33             0.19          2.70          1.43  0.75   0.27
DH_EVAL_0010      20.27  24.28            0.72         0.77     0.74             0.62             0.58          0.85          0.60  0.84   0.54
DH_EVAL_0011      19.41  21.34            0.73         0.79     0.76             0.63             0.57          0.81          0.66  0.82   0.53
DH_EVAL_0012      33.07  34.43            0.70         0.63     0.66             0.46             0.54          0.86          1.00  0.82   0.47
DH_EVAL_0013       7.94   7.77            0.95         0.88     0.92             0.72             0.86          0.15          0.38  0.61   0.70
DH_EVAL_0014      28.24  34.23            0.65         0.67     0.66             0.48             0.44          1.05          0.93  0.77   0.44
DH_EVAL_0015      52.63  68.05            0.30         0.47     0.36             0.27             0.15          2.56          1.42  0.64   0.25
DH_EVAL_0016      23.78  27.24            0.64         0.73     0.68             0.57             0.47          1.05          0.74  0.76   0.46
DH_EVAL_0017      68.75  92.81            0.28         0.86     0.43             0.27             0.08          2.66          0.31  0.18   0.15
DH_EVAL_0018     106.81  87.90            0.43         0.76     0.55             0.20             0.11          1.53          0.51  0.19   0.17
DH_EVAL_0019      60.44  86.84            0.17         0.92     0.29             0.40             0.03          2.94          0.20  0.16   0.15
DH_EVAL_0020      84.31  93.29            0.36         0.92     0.52             0.13             0.03          1.90          0.21  0.08   0.10
DH_EVAL_0021      24.75  30.95            0.74         0.76     0.75             0.63             0.61          0.78          0.69  0.87   0.54
DH_EVAL_0022      28.60  30.40            0.66         0.65     0.66             0.49             0.50          0.99          1.01  0.77   0.44
DH_EVAL_0023      18.43  22.04            0.87         0.84     0.85             0.73             0.78          0.42          0.54  0.99   0.67
DH_EVAL_0024      65.40  77.97            0.53         0.83     0.64             0.59             0.30          1.21          0.42  0.46   0.38
DH_EVAL_0025      70.19  86.53            0.43         0.56     0.49             0.31             0.23          1.74          1.22  0.47   0.24
DH_EVAL_0026      28.90  30.61            0.65         0.67     0.66             0.47             0.46          0.97          1.02  0.69   0.41
DH_EVAL_0027      10.17  43.33            0.84         0.89     0.87             0.84             0.77          0.55          0.37  1.55   0.77
DH_EVAL_0028      24.90  31.11            0.61         0.72     0.66             0.53             0.42          1.08          0.74  0.67   0.43
DH_EVAL_0029      21.89  23.89            0.70         0.76     0.73             0.61             0.54          0.89          0.74  0.86   0.51
DH_EVAL_0030      23.26  24.43            0.69         0.74     0.72             0.59             0.53          0.90          0.78  0.83   0.50
DH_EVAL_0031      94.18  90.85            0.27         0.78     0.40             0.06             0.02          2.31          0.53  0.04   0.04
DH_EVAL_0032      36.86  38.93            0.64         0.63     0.63             0.44             0.46          0.98          1.00  0.76   0.43
DH_EVAL_0033      16.99  22.96            0.71         0.81     0.76             0.66             0.53          0.86          0.52  0.78   0.53
DH_EVAL_0034      65.77  88.47            0.18         0.75     0.30             0.47             0.05          2.79          0.54  0.40   0.23
DH_EVAL_0035      35.21  39.70            0.54         0.63     0.58             0.36             0.30          1.22          1.06  0.47   0.29
DH_EVAL_0036      19.26  23.41            0.68         0.79     0.73             0.64             0.52          0.92          0.61  0.82   0.52
DH_EVAL_0037      49.78  65.69            0.41         0.63     0.50             0.53             0.32          2.19          1.12  1.23   0.44
DH_EVAL_0038       5.14   5.11            0.93         0.93     0.93             0.82             0.82          0.19          0.23  0.64   0.75
DH_EVAL_0039      15.16  41.72            0.82         0.79     0.81             0.49             0.54          0.53          0.61  0.45   0.44
DH_EVAL_0040       5.21   5.12            0.96         0.92     0.94             0.79             0.89          0.13          0.28  0.62   0.76
DH_EVAL_0041      15.04  27.03            0.79         0.82     0.80             0.62             0.57          0.63          0.51  0.65   0.53
DH_EVAL_0042      12.87  21.19            0.88         0.88     0.88             0.80             0.80          0.40          0.39  1.05   0.73
DH_EVAL_0043       6.00  10.07            0.90         0.92     0.91             0.85             0.81          0.35          0.25  1.08   0.78
DH_EVAL_0044      58.00  64.05            0.28         0.54     0.37             0.38             0.20          2.94          1.32  0.92   0.31
DH_EVAL_0045      14.40  18.11            0.85         0.86     0.86             0.78             0.77          0.49          0.42  1.09   0.71
DH_EVAL_0046      13.43  21.05            0.83         0.84     0.83             0.73             0.72          0.55          0.50  0.96   0.65
DH_EVAL_0047      26.19  32.78            0.61         0.67     0.64             0.47             0.40          1.09          0.89  0.61   0.38
DH_EVAL_0048      26.83  28.80            0.72         0.70     0.71             0.55             0.58          0.83          0.94  0.93   0.51
DH_EVAL_0049      14.08  19.71            0.87         0.88     0.87             0.80             0.79          0.43          0.39  1.03   0.72
DH_EVAL_0050      10.36  21.61            0.87         0.90     0.88             0.81             0.78          0.44          0.35  0.97   0.71
DH_EVAL_0051      21.51  26.00            0.79         0.81     0.80             0.70             0.67          0.66          0.56  0.96   0.61
DH_EVAL_0052      15.11  25.65            0.80         0.78     0.79             0.42             0.43          0.54          0.56  0.38   0.41
DH_EVAL_0053      56.53  81.01            0.50         0.78     0.61             0.45             0.25          1.36          0.47  0.37   0.31
DH_EVAL_0054      10.57  25.35            0.88         0.88     0.88             0.79             0.79          0.38          0.38  0.97   0.72
DH_EVAL_0055      56.44  72.47            0.58         0.75     0.66             0.55             0.36          1.08          0.68  0.56   0.39
DH_EVAL_0056      52.44  62.95            0.37         0.56     0.44             0.43             0.26          2.43          1.29  0.99   0.35
DH_EVAL_0057      33.85  35.18            0.66         0.68     0.67             0.48             0.48          0.90          0.81  0.73   0.46
DH_EVAL_0058      15.54  39.87            0.80         0.87     0.83             0.73             0.64          0.60          0.38  0.78   0.61
DH_EVAL_0059      23.46  29.81            0.71         0.75     0.73             0.63             0.58          0.85          0.69  0.88   0.53
DH_EVAL_0060      22.93  29.05            0.76         0.76     0.76             0.64             0.63          0.71          0.68  0.89   0.56
DH_EVAL_0061      60.42  82.92            0.16         0.88     0.26             0.36             0.03          3.20          0.30  0.18   0.14
DH_EVAL_0062      28.58  34.11            0.70         0.72     0.71             0.51             0.51          0.85          0.77  0.79   0.49
DH_EVAL_0063      72.28  76.85            0.32         0.97     0.48             0.03             0.01          1.75          0.08  0.02   0.05
DH_EVAL_0064      41.42  57.94            0.53         0.66     0.59             0.42             0.31          1.24          0.89  0.51   0.32
DH_EVAL_0065      20.92  24.48            0.68         0.77     0.72             0.65             0.54          0.91          0.63  0.90   0.54
DH_EVAL_0066      26.15  65.82            0.66         0.79     0.72             0.59             0.45          1.01          0.56  0.83   0.52
DH_EVAL_0067      80.42  93.87            0.38         0.75     0.50             0.47             0.18          2.16          0.56  0.39   0.25
DH_EVAL_0068      20.67  22.09            0.73         0.76     0.75             0.62             0.58          0.77          0.73  0.90   0.55
DH_EVAL_0069      20.58  27.82            0.75         0.76     0.76             0.64             0.62          0.75          0.68  0.89   0.56
DH_EVAL_0070      12.55  23.13            0.84         0.85     0.85             0.74             0.73          0.50          0.47  0.95   0.66
DH_EVAL_0071      16.60  49.07            0.78         0.88     0.83             0.83             0.70          0.74          0.42  1.70   0.75
DH_EVAL_0072      10.86  25.20            0.86         0.88     0.87             0.82             0.79          0.48          0.41  1.41   0.76
DH_EVAL_0073      13.19  12.86            0.86         0.86     0.86             0.72             0.72          0.37          0.38  0.61   0.62
DH_EVAL_0074      56.79  74.20            0.56         0.86     0.68             0.70             0.37          1.16          0.41  0.62   0.46
DH_EVAL_0075      19.33  33.67            0.77         0.80     0.79             0.66             0.63          0.67          0.56  0.82   0.57
DH_EVAL_0076      20.38  24.24            0.70         0.77     0.73             0.61             0.52          0.88          0.72  0.80   0.50
DH_EVAL_0077       3.36   3.32            0.96         0.95     0.96             0.89             0.90          0.14          0.17  0.73   0.82
DH_EVAL_0078      44.89  81.35            0.34         0.81     0.48             0.27             0.06          2.09          0.46  0.16   0.14
DH_EVAL_0079      19.25  27.04            0.68         0.79     0.73             0.60             0.46          0.93          0.59  0.67   0.47
DH_EVAL_0080      18.75  39.98            0.69         0.85     0.76             0.44             0.29          0.87          0.47  0.36   0.36
DH_EVAL_0081       1.19   1.19            0.98         0.98     0.98             0.93             0.93          0.08          0.07  0.56   0.88
DH_EVAL_0082       7.56  32.22            0.88         0.90     0.89             0.84             0.82          0.39          0.34  1.36   0.79
DH_EVAL_0083      41.59  68.11            0.62         0.88     0.73             0.74             0.42          1.00          0.34  0.62   0.50
DH_EVAL_0084       8.03  33.78            0.89         0.90     0.89             0.83             0.81          0.39          0.33  1.18   0.77
DH_EVAL_0085      53.70  75.51            0.48         0.74     0.58             0.51             0.28          1.65          0.68  0.54   0.33
DH_EVAL_0086     157.77  95.29            0.39         0.91     0.54             0.04             0.02          1.72          0.25  0.04   0.06
DH_EVAL_0087      20.09  24.01            0.66         0.78     0.71             0.62             0.49          0.97          0.61  0.77   0.50
DH_EVAL_0088      34.49  34.91            0.65         0.63     0.64             0.47             0.48          0.98          1.02  0.80   0.45
DH_EVAL_0089      16.00  19.34            0.72         0.83     0.77             0.70             0.56          0.83          0.50  0.84   0.56
DH_EVAL_0090      64.90  77.14            0.38         0.62     0.47             0.44             0.21          1.65          0.88  0.75   0.38
DH_EVAL_0091      16.35  19.17            0.72         0.83     0.77             0.70             0.57          0.83          0.50  0.86   0.57
DH_EVAL_0092      17.33  19.53            0.81         0.79     0.80             0.65             0.68          0.59          0.65  0.88   0.59
DH_EVAL_0093      28.40  29.14            0.74         0.70     0.72             0.57             0.60          0.72          0.82  0.97   0.56
DH_EVAL_0094      31.31  54.02            0.60         0.71     0.65             0.51             0.40          1.13          0.75  0.65   0.41
DH_EVAL_0095      46.96  59.78            0.55         0.67     0.60             0.46             0.35          1.37          0.85  0.63   0.37
DH_EVAL_0096      18.39  21.68            0.77         0.80     0.78             0.69             0.66          0.69          0.59  0.99   0.61
DH_EVAL_0097      53.64  74.41            0.63         0.88     0.73             0.77             0.43          0.95          0.31  0.69   0.54
DH_EVAL_0098      21.32  32.36            0.68         0.79     0.73             0.55             0.43          0.94          0.60  0.59   0.44
DH_EVAL_0099      16.21  38.30            0.78         0.88     0.83             0.85             0.74          0.70          0.45  2.18   0.79
DH_EVAL_0100      53.16  72.42            0.27         0.64     0.38             0.41             0.14          2.75          0.99  0.75   0.30
DH_EVAL_0101      21.77  59.97            0.83         0.77     0.80             0.56             0.64          0.46          0.65  0.52   0.49
DH_EVAL_0102      23.69  28.34            0.74         0.76     0.75             0.65             0.61          0.78          0.67  0.91   0.56
DH_EVAL_0103      20.44  24.80            0.75         0.76     0.76             0.63             0.63          0.72          0.69  0.87   0.55
DH_EVAL_0104      22.20  27.65            0.81         0.83     0.82             0.71             0.69          0.58          0.52  0.92   0.63
DH_EVAL_0105      61.84  87.49            0.36         0.95     0.52             0.87             0.23          2.31          0.16  0.65   0.42
DH_EVAL_0106      21.48  22.39            0.73         0.76     0.75             0.62             0.58          0.79          0.77  0.90   0.54
DH_EVAL_0107       9.41  10.84            0.89         0.89     0.89             0.84             0.84          0.41          0.39  1.49   0.79
DH_EVAL_0108      14.65  24.92            0.78         0.85     0.81             0.72             0.62          0.69          0.45  0.86   0.60
DH_EVAL_0109      20.33  24.15            0.66         0.81     0.73             0.67             0.49          0.95          0.53  0.79   0.52
DH_EVAL_0110      24.73  31.10            0.62         0.76     0.69             0.58             0.44          1.04          0.62  0.74   0.48
DH_EVAL_0111      45.12  54.85            0.40         0.65     0.49             0.57             0.32          2.57          1.09  1.51   0.46
DH_EVAL_0112      62.64  92.57            0.47         0.74     0.58             0.49             0.22          1.85          0.60  0.40   0.27
DH_EVAL_0113      16.67  24.54            0.78         0.82     0.80             0.69             0.66          0.68          0.50  0.93   0.61
DH_EVAL_0114      25.28  31.35            0.70         0.73     0.72             0.54             0.52          0.86          0.77  0.79   0.49
DH_EVAL_0115      45.25  60.19            0.46         0.69     0.55             0.46             0.26          1.62          0.78  0.60   0.34
DH_EVAL_0116      68.46  83.55            0.35         0.72     0.47             0.44             0.16          2.11          0.64  0.35   0.22
DH_EVAL_0117      40.06  52.94            0.54         0.67     0.60             0.41             0.33          1.21          0.85  0.54   0.34
DH_EVAL_0118      17.05  24.68            0.75         0.81     0.78             0.67             0.61          0.78          0.55  0.86   0.57
DH_EVAL_0119      18.47  21.27            0.71         0.80     0.75             0.66             0.55          0.85          0.61  0.85   0.54
DH_EVAL_0120      21.33  28.74            0.66         0.77     0.71             0.58             0.47          0.98          0.64  0.71   0.47
DH_EVAL_0121      44.36  70.10            0.68         0.90     0.78             0.80             0.49          0.84          0.30  0.70   0.57
DH_EVAL_0122       2.79   2.75            0.96         0.96     0.96             0.88             0.88          0.14          0.15  0.63   0.82
DH_EVAL_0123      21.10  27.14            0.66         0.79     0.72             0.61             0.47          0.97          0.61  0.75   0.49
DH_EVAL_0124      12.78  17.65            0.84         0.86     0.85             0.79             0.76          0.52          0.42  1.13   0.71
DH_EVAL_0125      57.01  82.73            0.65         0.85     0.74             0.70             0.42          0.97          0.40  0.59   0.48
DH_EVAL_0126      30.60  31.56            0.72         0.65     0.68             0.49             0.55          0.80          0.96  0.85   0.49
DH_EVAL_0127      25.27  35.18            0.76         0.76     0.76             0.62             0.62          0.70          0.68  0.83   0.55
DH_EVAL_0128      16.56  52.35            0.83         0.76     0.79             0.26             0.26          0.48          0.65  0.17   0.23
DH_EVAL_0129      26.41  30.30            0.61         0.71     0.66             0.49             0.40          1.07          0.87  0.60   0.38
DH_EVAL_0130      21.79  26.91            0.68         0.72     0.70             0.57             0.52          0.93          0.78  0.76   0.47
DH_EVAL_0131      28.08  58.70            0.69         0.75     0.72             0.58             0.54          0.87          0.64  0.81   0.52
DH_EVAL_0132      13.35  18.66            0.82         0.83     0.83             0.74             0.71          0.57          0.51  1.00   0.65
DH_EVAL_0133      26.16  52.38            0.60         0.74     0.66             0.58             0.44          1.24          0.72  0.78   0.45
DH_EVAL_0134      15.57  24.01            0.74         0.84     0.79             0.67             0.53          0.76          0.46  0.75   0.55
DH_EVAL_0135      21.49  28.66            0.73         0.76     0.74             0.63             0.60          0.80          0.68  0.89   0.55
DH_EVAL_0136      25.77  26.88            0.70         0.69     0.69             0.52             0.52          0.88          0.90  0.79   0.47
DH_EVAL_0137      12.23  28.78            0.84         0.90     0.87             0.88             0.80          0.55          0.36  2.18   0.83
DH_EVAL_0138      27.37  38.22            0.65         0.71     0.68             0.42             0.40          0.99          0.77  0.49   0.36
DH_EVAL_0139      50.66  56.47            0.30         0.48     0.37             0.34             0.20          2.60          1.47  0.79   0.28
DH_EVAL_0140      22.09  56.64            0.74         0.90     0.81             0.86             0.66          0.83          0.35  1.81   0.76
DH_EVAL_0141      21.76  23.35            0.72         0.79     0.75             0.66             0.58          0.79          0.66  0.93   0.56
DH_EVAL_0142       8.97  40.49            0.87         0.88     0.88             0.80             0.79          0.43          0.38  1.19   0.75
DH_EVAL_0143      42.40  69.86            0.60         0.81     0.69             0.60             0.34          0.98          0.48  0.49   0.41
DH_EVAL_0144      13.92  22.67            0.81         0.84     0.83             0.74             0.71          0.60          0.46  1.00   0.66
DH_EVAL_0145      34.17  52.92            0.67         0.65     0.66             0.49             0.51          0.94          0.97  0.77   0.45
DH_EVAL_0146       9.99  32.99            0.85         0.88     0.86             0.82             0.79          0.47          0.39  1.50   0.78
DH_EVAL_0147      12.03  23.56            0.86         0.87     0.86             0.78             0.76          0.47          0.40  1.00   0.70
DH_EVAL_0148      22.83  27.14            0.68         0.73     0.70             0.56             0.52          0.93          0.80  0.80   0.48
DH_EVAL_0149      15.58  26.48            0.82         0.83     0.83             0.71             0.72          0.56          0.54  0.97   0.64
DH_EVAL_0150       3.77   3.74            0.95         0.94     0.94             0.81             0.82          0.14          0.21  0.53   0.75
DH_EVAL_0151       2.77   2.76            0.97         0.96     0.96             0.88             0.92          0.10          0.17  0.66   0.83
DH_EVAL_0152      72.94  84.74            0.20         0.44     0.28             0.26             0.12          3.34          1.52  0.64   0.22
DH_EVAL_0153      66.79  83.51            0.28         0.95     0.43             0.05             0.01          2.14          0.15  0.03   0.05
DH_EVAL_0154      26.26  31.55            0.71         0.74     0.72             0.61             0.57          0.87          0.71  0.86   0.52
DH_EVAL_0155      20.78  25.97            0.75         0.77     0.76             0.65             0.62          0.77          0.66  0.91   0.56
DH_EVAL_0156      46.92  68.82            0.70         0.83     0.76             0.65             0.46          0.79          0.42  0.58   0.49
DH_EVAL_0157      20.07  23.25            0.79         0.81     0.80             0.72             0.68          0.65          0.56  1.00   0.62
DH_EVAL_0158      54.91  72.98            0.61         0.77     0.69             0.60             0.41          0.93          0.63  0.66   0.46
DH_EVAL_0159      14.97  25.89            0.80         0.82     0.81             0.62             0.61          0.65          0.54  0.70   0.54
DH_EVAL_0160      66.58  83.10            0.22         0.50     0.31             0.32             0.12          3.14          1.27  0.68   0.25
DH_EVAL_0161      54.82  80.13            0.30         0.65     0.41             0.49             0.19          2.87          0.98  0.88   0.33
DH_EVAL_0162      24.44  27.41            0.67         0.73     0.70             0.55             0.49          0.93          0.79  0.75   0.47
DH_EVAL_0163      26.38  29.70            0.74         0.76     0.75             0.64             0.60          0.78          0.67  0.90   0.55
DH_EVAL_0164      66.19  87.41            0.26         0.57     0.35             0.32             0.10          2.76          1.00  0.50   0.23
DH_EVAL_0165      18.04  15.43            0.88         0.88     0.88             0.75             0.75          0.30          0.33  0.65   0.67
DH_EVAL_0166      48.12  72.50            0.42         0.69     0.52             0.50             0.25          2.12          0.82  0.74   0.35
DH_EVAL_0167      26.60  31.64            0.71         0.73     0.72             0.59             0.56          0.84          0.73  0.83   0.51
DH_EVAL_0168      17.20  22.09            0.70         0.80     0.75             0.62             0.50          0.89          0.54  0.69   0.49
DH_EVAL_0169      14.01  16.52            0.82         0.84     0.83             0.73             0.71          0.55          0.49  0.96   0.65
DH_EVAL_0170      31.79  35.09            0.70         0.66     0.68             0.52             0.56          0.87          0.97  0.89   0.49
DH_EVAL_0171      30.78  41.24            0.54         0.72     0.62             0.57             0.40          1.51          0.83  0.92   0.45
DH_EVAL_0172       9.97  16.64            0.90         0.91     0.91             0.85             0.83          0.35          0.30  1.08   0.77
DH_EVAL_0173      56.92  63.66            0.25         0.43     0.32             0.25             0.15          2.77          1.57  0.61   0.22
DH_EVAL_0174      14.98  44.71            0.83         0.89     0.86             0.81             0.72          0.60          0.36  1.15   0.71
DH_EVAL_0175      11.96  65.96            0.85         0.92     0.88             0.84             0.71          0.49          0.30  1.22   0.76
DH_EVAL_0176      29.15  59.12            0.64         0.93     0.76             0.90             0.56          0.99          0.27  1.86   0.76
DH_EVAL_0177      19.94  24.53            0.73         0.76     0.74             0.62             0.59          0.82          0.66  0.84   0.53
DH_EVAL_0178      71.55  86.55            0.15         0.85     0.25             0.14             0.02          3.28          0.37  0.09   0.08
DH_EVAL_0179      19.86  24.50            0.67         0.81     0.73             0.67             0.50          0.94          0.54  0.82   0.53
DH_EVAL_0180      12.71  22.11            0.83         0.85     0.84             0.74             0.72          0.55          0.44  0.96   0.66
DH_EVAL_0181      24.27  33.71            0.67         0.75     0.71             0.57             0.49          1.07          0.74  0.86   0.49
DH_EVAL_0182      23.33  29.95            0.68         0.72     0.70             0.49             0.46          0.95          0.86  0.64   0.42
DH_EVAL_0183      24.02  28.73            0.69         0.73     0.71             0.60             0.55          0.97          0.79  0.97   0.53
DH_EVAL_0184      22.53  27.00            0.70         0.75     0.73             0.60             0.55          0.86          0.76  0.88   0.52
DH_EVAL_0185      25.65  28.45            0.68         0.70     0.69             0.51             0.48          0.93          0.89  0.72   0.44
DH_EVAL_0186      35.00  84.74            0.53         0.82     0.64             0.55             0.28          1.68          0.49  0.49   0.34
DH_EVAL_0187      17.59  48.61            0.85         0.77     0.81             0.54             0.60          0.39          0.71  0.66   0.55
DH_EVAL_0188       5.57  12.56            0.91         0.92     0.91             0.79             0.77          0.34          0.27  0.76   0.71
DH_EVAL_0189      52.38  72.81            0.66         0.87     0.75             0.73             0.45          0.88          0.37  0.63   0.51
DH_EVAL_0190      28.57  34.37            0.66         0.71     0.69             0.55             0.50          0.96          0.74  0.76   0.47
DH_EVAL_0191      33.76  39.53            0.58         0.72     0.64             0.40             0.35          1.19          0.67  0.50   0.36
DH_EVAL_0192      16.52  21.23            0.78         0.81     0.80             0.71             0.68          0.67          0.57  1.01   0.62
DH_EVAL_0193      16.55  20.02            0.72         0.82     0.76             0.69             0.55          0.82          0.52  0.84   0.56
DH_EVAL_0194      71.08  86.88            0.19         0.55     0.28             0.29             0.11          3.52          1.10  0.61   0.23
DH_EVAL_0195       3.01   2.99            0.96         0.96     0.96             0.89             0.89          0.14          0.15  0.68   0.82
DH_EVAL_0196      14.13  31.96            0.78         0.89     0.83             0.82             0.65          0.73          0.38  1.32   0.71
DH_EVAL_0197      21.86  26.98            0.72         0.76     0.74             0.63             0.58          0.85          0.69  0.87   0.53
DH_EVAL_0198      24.51  27.51            0.67         0.74     0.71             0.60             0.52          0.92          0.78  0.87   0.50
DH_EVAL_0199      76.15  86.30            0.25         0.62     0.36             0.24             0.05          2.21          0.81  0.19   0.12
DH_EVAL_0200       7.95   7.62            0.94         0.89     0.91             0.72             0.84          0.20          0.35  0.61   0.69
DH_EVAL_0201      15.43  50.51            0.78         0.86     0.82             0.72             0.60          0.70          0.44  0.85   0.60
DH_EVAL_0202       2.15   2.13            0.97         0.97     0.97             0.91             0.91          0.12          0.12  0.66   0.85
DH_EVAL_0203      17.09  21.97            0.80         0.81     0.80             0.70             0.69          0.64          0.58  1.01   0.62
DH_EVAL_0204      21.04  27.22            0.75         0.77     0.76             0.66             0.63          0.72          0.64  0.93   0.58
DH_EVAL_0205      16.92  21.00            0.83         0.84     0.84             0.74             0.74          0.53          0.48  1.01   0.67
DH_EVAL_0206      60.98  72.56            0.30         0.67     0.42             0.50             0.20          2.44          0.94  0.80   0.34
DH_EVAL_0207      11.35  14.01            0.85         0.85     0.85             0.75             0.75          0.47          0.44  0.98   0.68
DH_EVAL_0208      38.28  59.95            0.66         0.62     0.64             0.38             0.45          0.93          1.01  0.59   0.38
DH_EVAL_0209      59.18  86.80            0.64         0.64     0.64             0.42             0.40          1.12          0.93  0.58   0.36
DH_EVAL_0210     252.04  92.08            0.60         0.48     0.54             0.10             0.10          1.03          1.24  0.16   0.13
DH_EVAL_0211      28.96  30.90            0.76         0.68     0.72             0.54             0.62          0.72          0.89  0.96   0.54
DH_EVAL_0212      28.27  35.38            0.68         0.71     0.69             0.55             0.52          0.92          0.77  0.78   0.48
DH_EVAL_0213      29.20  30.41            0.68         0.66     0.67             0.50             0.52          0.91          0.95  0.83   0.47
DH_EVAL_0214      40.60  53.69            0.44         0.71     0.54             0.55             0.31          2.10          0.87  0.98   0.41
DH_EVAL_0215       8.80  15.97            0.88         0.89     0.88             0.80             0.77          0.42          0.35  0.95   0.71
DH_EVAL_0216      22.02  27.75            0.79         0.75     0.77             0.64             0.69          0.61          0.74  1.02   0.60
DH_EVAL_0217      15.93  23.56            0.78         0.80     0.79             0.65             0.62          0.66          0.61  0.81   0.56
DH_EVAL_0218      25.00  56.91            0.68         0.89     0.77             0.86             0.61          1.02          0.38  1.80   0.72
DH_EVAL_0219      21.26  24.86            0.77         0.76     0.77             0.63             0.65          0.71          0.71  0.94   0.57
DH_EVAL_0220      24.67  34.96            0.78         0.77     0.78             0.62             0.63          0.64          0.66  0.76   0.54
DH_EVAL_0221      19.91  26.73            0.66         0.78     0.72             0.59             0.47          0.97          0.62  0.70   0.47
DH_EVAL_0222      26.96  35.49            0.70         0.73     0.71             0.59             0.56          0.85          0.72  0.85   0.52
DH_EVAL_0223      21.71  28.38            0.78         0.81     0.79             0.69             0.66          0.66          0.54  0.96   0.62
DH_EVAL_0224      17.60  21.71            0.79         0.80     0.79             0.68             0.66          0.66          0.58  0.90   0.59
DH_EVAL_0225      54.96  84.98            0.43         0.75     0.55             0.30             0.16          1.69          0.55  0.24   0.19
DH_EVAL_0226      47.31  70.79            0.56         0.86     0.68             0.70             0.35          1.11          0.39  0.59   0.46
DH_EVAL_0227      27.52  33.49            0.60         0.69     0.65             0.50             0.43          1.14          0.80  0.66   0.41
DH_EVAL_0228       1.77   1.75            0.97         0.97     0.97             0.89             0.89          0.11          0.10  0.52   0.84
DH_EVAL_0229      35.62  40.88            0.69         0.69     0.69             0.51             0.51          0.85          0.81  0.68   0.45
DH_EVAL_0230      28.67  31.76            0.61         0.69     0.65             0.51             0.43          1.06          0.90  0.74   0.43
DH_EVAL_0231      18.31  29.24            0.72         0.80     0.75             0.56             0.50          0.87          0.53  0.64   0.48
DH_EVAL_0232      21.75  26.62            0.67         0.78     0.72             0.62             0.51          0.93          0.67  0.81   0.51
DH_EVAL_0233      13.54  13.71            0.89         0.82     0.85             0.74             0.83          0.37          0.57  1.28   0.73
DH_EVAL_0234      32.67  37.30            0.59         0.62     0.61             0.43             0.40          1.14          1.06  0.66   0.38
DH_EVAL_0235      22.95  30.88            0.67         0.73     0.70             0.50             0.43          0.91          0.71  0.61   0.43
DH_EVAL_0236      58.21  72.41            0.30         0.63     0.41             0.49             0.20          2.49          1.11  1.01   0.37
DH_EVAL_0237       5.52   5.45            0.94         0.91     0.92             0.61             0.61          0.14          0.28  0.31   0.60
DH_EVAL_0238      73.88  90.63            0.12         0.81     0.21             0.30             0.03          3.42          0.47  0.16   0.11
DH_EVAL_0239       4.24   6.85            0.93         0.94     0.93             0.86             0.86          0.25          0.22  1.15   0.83
DH_EVAL_0240      30.40  36.09            0.79         0.78     0.78             0.61             0.61          0.59          0.65  0.70   0.53
DH_EVAL_0241      12.26  22.04            0.81         0.85     0.83             0.69             0.63          0.60          0.46  0.78   0.60
DH_EVAL_0242      18.74  21.77            0.72         0.80     0.75             0.68             0.58          0.84          0.62  0.92   0.56
DH_EVAL_0243       9.31  19.08            0.88         0.90     0.89             0.82             0.79          0.43          0.31  1.02   0.74
DH_EVAL_0244      13.58  20.92            0.85         0.87     0.86             0.79             0.77          0.49          0.40  1.05   0.70
DH_EVAL_0245      22.03  31.31            0.69         0.74     0.72             0.63             0.57          0.99          0.76  1.03   0.54
DH_EVAL_0246      16.80  19.64            0.73         0.83     0.78             0.73             0.61          0.80          0.52  0.99   0.60
DH_EVAL_0247      19.95  23.52            0.72         0.78     0.75             0.67             0.59          0.84          0.67  0.95   0.56
DH_EVAL_0248      22.79  31.77            0.62         0.74     0.67             0.43             0.31          1.06          0.67  0.44   0.34
DH_EVAL_0249      26.90  28.88            0.62         0.68     0.65             0.49             0.43          1.06          0.91  0.66   0.40
DH_EVAL_0250      25.79  28.61            0.66         0.73     0.69             0.57             0.50          0.96          0.82  0.84   0.49
DH_EVAL_0251      19.01  24.81            0.76         0.77     0.76             0.64             0.63          0.73          0.66  0.86   0.55
DH_EVAL_0252      35.92  65.48            0.77         0.91     0.83             0.81             0.58          0.62          0.27  0.71   0.62
DH_EVAL_0253      26.92  50.53            0.68         0.89     0.77             0.84             0.58          0.94          0.41  1.72   0.72
DH_EVAL_0254      73.09  88.84            0.23         0.58     0.33             0.34             0.11          2.89          1.03  0.49   0.22
DH_EVAL_0255      22.45  26.43            0.62         0.76     0.69             0.59             0.43          1.04          0.63  0.70   0.46
DH_EVAL_0256      33.44  40.29            0.67         0.71     0.69             0.55             0.51          0.93          0.77  0.75   0.47
DH_EVAL_0257       9.05  14.44            0.85         0.89     0.87             0.86             0.82          0.55          0.41  2.22   0.82
DH_EVAL_0258      24.16  29.89            0.78         0.81     0.79             0.68             0.65          0.65          0.54  0.90   0.60
DH_EVAL_0259      60.68  89.14            0.16         0.90     0.28             0.24             0.02          3.19          0.26  0.11   0.10
*** OVERALL ***   28.00  49.35            0.68         0.77     0.73             0.77             0.68          1.00          0.65  8.74   0.91
