File               DER    JER    B3-Precision    B3-Recall    B3-F1    GKT(ref, sys)    GKT(sys, ref)    H(ref|sys)    H(sys|ref)    MI    NMI
---------------  -----  -----  --------------  -----------  -------  ---------------  ---------------  ------------  ------------  ----  -----
DH_DEV_0001      16.75  20.71            0.78         0.82     0.80             0.73             0.68          0.69          0.55  1.07   0.63
DH_DEV_0002       4.29  12.00            0.94         0.95     0.94             0.91             0.89          0.24          0.18  1.39   0.87
DH_DEV_0005      11.95  18.57            0.87         0.88     0.88             0.80             0.80          0.43          0.40  1.12   0.73
DH_DEV_0007      14.85  30.15            0.74         0.90     0.81             0.82             0.61          0.88          0.29  1.08   0.66
DH_DEV_0008       9.63  14.53            0.87         0.90     0.88             0.84             0.80          0.45          0.34  1.17   0.75
DH_DEV_0009       7.55  12.26            0.89         0.92     0.91             0.86             0.82          0.39          0.27  1.11   0.77
DH_DEV_0010      18.13  22.61            0.72         0.83     0.77             0.69             0.54          0.78          0.53  0.88   0.58
DH_DEV_0011      41.19  78.91            0.48         0.73     0.58             0.61             0.36          1.99          0.77  1.11   0.46
DH_DEV_0013      20.01  79.64            0.70         0.90     0.79             0.70             0.40          1.02          0.31  0.51   0.46
DH_DEV_0014      15.85  20.48            0.83         0.87     0.85             0.79             0.74          0.56          0.41  1.13   0.70
DH_DEV_0015       4.79  48.32            0.93         0.97     0.95             0.92             0.83          0.22          0.11  0.86   0.84
DH_DEV_0017      12.76  20.64            0.86         0.86     0.86             0.77             0.77          0.48          0.45  1.09   0.70
DH_DEV_0018       9.08  16.10            0.89         0.91     0.90             0.85             0.82          0.38          0.29  1.11   0.77
DH_DEV_0019      10.85  13.95            0.85         0.89     0.87             0.83             0.77          0.51          0.36  1.20   0.73
DH_DEV_0020      13.69  23.99            0.84         0.87     0.85             0.78             0.74          0.51          0.36  1.05   0.71
DH_DEV_0021      22.09  28.49            0.68         0.79     0.73             0.65             0.52          0.91          0.57  0.88   0.55
DH_DEV_0022      55.49  78.79            0.41         0.96     0.58             0.90             0.26          1.79          0.14  0.67   0.48
DH_DEV_0023       5.88  10.83            0.91         0.94     0.93             0.89             0.85          0.33          0.22  1.13   0.81
DH_DEV_0025      25.10  35.54            0.68         0.77     0.72             0.60             0.51          0.91          0.66  0.84   0.52
DH_DEV_0027      48.26  84.37            0.47         0.83     0.60             0.73             0.36          2.09          0.49  1.05   0.48
DH_DEV_0029      17.94  21.24            0.71         0.82     0.76             0.70             0.56          0.84          0.51  0.92   0.58
DH_DEV_0030      32.70  47.82            0.47         0.85     0.61             0.68             0.29          1.65          0.39  0.77   0.46
DH_DEV_0031      47.21  79.96            0.68         0.91     0.78             0.82             0.48          0.89          0.26  0.72   0.57
DH_DEV_0032       3.82   8.06            0.93         0.95     0.94             0.92             0.90          0.27          0.20  1.63   0.87
DH_DEV_0034       9.46  41.54            0.87         0.92     0.90             0.88             0.81          0.48          0.27  1.35   0.78
DH_DEV_0035      14.88  43.21            0.80         0.93     0.86             0.92             0.77          0.68          0.24  2.48   0.85
DH_DEV_0037      22.76  32.43            0.65         0.82     0.72             0.71             0.50          1.08          0.52  1.07   0.58
DH_DEV_0038      55.56  76.86            0.62         0.94     0.75             0.88             0.47          1.04          0.22  1.00   0.63
DH_DEV_0039       5.69  56.96            0.93         0.98     0.95             0.95             0.86          0.23          0.10  1.20   0.88
DH_DEV_0040      52.54  67.18            0.21         0.84     0.33             0.79             0.17          3.86          0.45  1.78   0.50
DH_DEV_0045      11.69  31.21            0.86         0.91     0.88             0.83             0.76          0.46          0.27  0.96   0.73
DH_DEV_0046      79.45  88.87            0.13         0.82     0.22             0.49             0.08          4.35          0.48  0.55   0.25
DH_DEV_0049      12.97  24.18            0.83         0.86     0.84             0.76             0.73          0.53          0.41  1.00   0.68
DH_DEV_0050       8.38  14.12            0.89         0.90     0.89             0.84             0.81          0.40          0.31  1.12   0.76
DH_DEV_0051       1.18   1.16            0.98         0.98     0.98             0.93             0.93          0.07          0.08  0.56   0.88
DH_DEV_0052      16.27  16.08            0.98         0.76     0.86             0.44             0.91          0.08          0.61  0.50   0.62
DH_DEV_0053       6.66  10.57            0.91         0.93     0.92             0.88             0.84          0.34          0.25  1.15   0.80
DH_DEV_0054      11.76  11.60            0.98         0.83     0.90             0.61             0.94          0.08          0.47  0.63   0.71
DH_DEV_0057      37.67  52.52            0.40         0.76     0.52             0.63             0.28          2.19          0.65  0.99   0.43
DH_DEV_0058       8.49  69.98            0.89         0.93     0.91             0.78             0.67          0.43          0.22  0.56   0.64
DH_DEV_0061      61.65  87.44            0.36         0.96     0.52             0.88             0.23          2.30          0.14  0.66   0.43
DH_DEV_0062      64.48  83.64            0.19         0.77     0.30             0.49             0.12          3.68          0.59  0.75   0.31
DH_DEV_0064      21.76  29.79            0.74         0.81     0.77             0.61             0.54          0.76          0.60  0.79   0.54
DH_DEV_0065       4.94   6.78            0.92         0.95     0.94             0.94             0.90          0.34          0.19  2.20   0.89
DH_DEV_0066       3.91   6.71            0.94         0.95     0.95             0.93             0.91          0.24          0.18  1.49   0.88
DH_DEV_0067      55.21  90.28            0.44         0.91     0.59             0.81             0.29          2.01          0.24  0.71   0.44
DH_DEV_0069      71.90  89.80            0.26         0.93     0.40             0.79             0.16          3.03          0.19  0.53   0.33
DH_DEV_0071       6.70  11.17            0.89         0.93     0.91             0.86             0.81          0.38          0.25  1.09   0.77
DH_DEV_0073       9.73  14.73            0.87         0.90     0.88             0.84             0.79          0.45          0.34  1.18   0.75
DH_DEV_0075      16.71  19.40            0.73         0.85     0.79             0.75             0.59          0.76          0.44  0.98   0.62
DH_DEV_0077      25.73  33.66            0.71         0.78     0.74             0.65             0.57          0.83          0.60  0.90   0.56
DH_DEV_0078      29.45  31.57            0.78         0.76     0.77             0.65             0.68          0.66          0.70  1.16   0.63
DH_DEV_0079       3.43  23.63            0.94         0.97     0.95             0.95             0.92          0.24          0.14  1.82   0.91
DH_DEV_0080       7.23  11.99            0.88         0.93     0.90             0.86             0.79          0.41          0.24  1.08   0.77
DH_DEV_0081      15.88  19.59            0.73         0.84     0.78             0.72             0.58          0.80          0.45  0.92   0.60
DH_DEV_0083       4.45   4.50            0.96         0.96     0.96             0.91             0.91          0.14          0.14  0.86   0.86
DH_DEV_0085       1.55   1.54            0.98         0.98     0.98             0.93             0.93          0.09          0.09  0.64   0.87
DH_DEV_0086      44.62  77.83            0.59         0.93     0.72             0.86             0.41          1.09          0.21  0.77   0.57
DH_DEV_0087      11.54  18.09            0.87         0.88     0.88             0.80             0.80          0.43          0.39  1.14   0.74
DH_DEV_0088      54.09  91.27            0.21         0.98     0.35             0.78             0.06          2.93          0.07  0.24   0.24
DH_DEV_0089      10.40  18.87            0.87         0.89     0.88             0.82             0.78          0.46          0.34  1.06   0.73
DH_DEV_0092      11.87  35.68            0.84         0.95     0.89             0.93             0.77          0.52          0.18  1.87   0.84
DH_DEV_0093      71.76  93.09            0.21         0.90     0.34             0.62             0.11          3.46          0.30  0.46   0.27
DH_DEV_0095      10.94  14.09            0.89         0.91     0.90             0.86             0.82          0.39          0.29  1.20   0.78
DH_DEV_0096      12.17  16.28            0.85         0.88     0.86             0.82             0.77          0.51          0.38  1.20   0.73
DH_DEV_0097      18.21  29.70            0.82         0.83     0.83             0.72             0.71          0.53          0.49  0.96   0.65
DH_DEV_0101      14.24  14.07            0.97         0.81     0.89             0.63             0.93          0.10          0.51  0.73   0.72
DH_DEV_0102       3.75  10.65            0.95         0.95     0.95             0.89             0.88          0.20          0.19  0.92   0.83
DH_DEV_0103       2.88   4.27            0.96         0.96     0.96             0.93             0.92          0.17          0.16  1.25   0.89
DH_DEV_0104      13.72  22.18            0.87         0.89     0.88             0.81             0.79          0.41          0.35  1.10   0.74
DH_DEV_0105      22.47  56.99            0.69         0.87     0.77             0.71             0.45          1.21          0.37  0.97   0.57
DH_DEV_0106      16.12  18.77            0.73         0.86     0.79             0.76             0.59          0.77          0.42  0.94   0.62
DH_DEV_0107      14.22  19.89            0.83         0.85     0.84             0.78             0.75          0.55          0.45  1.13   0.69
DH_DEV_0108      19.89  53.60            0.68         0.86     0.76             0.81             0.58          1.23          0.44  1.58   0.66
DH_DEV_0110      14.91  23.00            0.85         0.87     0.86             0.79             0.77          0.47          0.39  1.10   0.72
DH_DEV_0112      15.20  22.23            0.78         0.95     0.86             0.92             0.68          0.67          0.17  1.68   0.81
DH_DEV_0113       4.28  11.69            0.93         0.95     0.94             0.90             0.85          0.28          0.17  1.17   0.84
DH_DEV_0118      72.51  84.02            0.12         0.91     0.21             0.23             0.01          3.45          0.24  0.10   0.09
DH_DEV_0119       4.11   4.65            0.93         0.96     0.94             0.94             0.91          0.28          0.18  2.30   0.91
DH_DEV_0120       1.98   1.99            0.97         0.97     0.97             0.93             0.93          0.10          0.11  0.78   0.88
DH_DEV_0121       5.71   5.64            0.95         0.95     0.95             0.89             0.89          0.18          0.18  0.82   0.82
DH_DEV_0122      16.10  20.66            0.77         0.85     0.81             0.76             0.67          0.70          0.45  1.08   0.65
DH_DEV_0123      22.40  61.48            0.66         0.86     0.75             0.81             0.57          1.24          0.42  1.50   0.65
DH_DEV_0124       6.86  40.30            0.90         0.96     0.93             0.90             0.80          0.38          0.16  1.05   0.80
DH_DEV_0125       1.06   1.06            0.98         0.98     0.98             0.92             0.92          0.07          0.07  0.51   0.88
DH_DEV_0127      33.27  37.43            0.66         0.69     0.68             0.52             0.50          0.95          0.87  0.85   0.48
DH_DEV_0129      48.80  71.34            0.57         0.94     0.71             0.86             0.38          1.11          0.20  0.70   0.55
DH_DEV_0130      23.74  27.12            0.67         0.75     0.71             0.59             0.50          0.93          0.71  0.83   0.50
DH_DEV_0131      11.07  51.96            0.87         0.95     0.90             0.92             0.81          0.45          0.19  1.78   0.85
DH_DEV_0132       9.38  16.35            0.87         0.90     0.89             0.83             0.80          0.43          0.31  1.11   0.75
DH_DEV_0133      16.71  48.46            0.78         0.84     0.81             0.75             0.68          0.71          0.48  1.08   0.64
DH_DEV_0134      27.53  32.32            0.80         0.76     0.78             0.66             0.71          0.62          0.68  1.15   0.64
DH_DEV_0136       6.15  49.11            0.91         0.96     0.94             0.95             0.88          0.33          0.15  2.02   0.90
DH_DEV_0139      12.09  17.50            0.85         0.88     0.87             0.82             0.78          0.48          0.38  1.17   0.73
DH_DEV_0140       1.05   1.03            0.98         0.98     0.98             0.95             0.95          0.07          0.07  0.64   0.90
DH_DEV_0141       4.80  34.75            0.94         0.97     0.95             0.93             0.88          0.21          0.14  1.26   0.88
DH_DEV_0144      10.56  15.50            0.84         0.90     0.87             0.83             0.75          0.52          0.33  1.12   0.73
DH_DEV_0145      10.07  17.04            0.85         0.89     0.87             0.80             0.76          0.50          0.35  1.06   0.72
DH_DEV_0146      37.45  56.87            0.43         0.66     0.52             0.54             0.33          1.99          0.95  1.17   0.45
DH_DEV_0147       2.93   3.11            0.96         0.96     0.96             0.93             0.93          0.13          0.13  0.85   0.87
DH_DEV_0152      12.04  22.33            0.90         0.91     0.91             0.85             0.82          0.34          0.25  1.07   0.78
DH_DEV_0153      65.88  90.82            0.20         0.98     0.33             0.88             0.09          3.21          0.07  0.39   0.30
DH_DEV_0154      46.84  74.50            0.34         0.80     0.48             0.55             0.17          2.58          0.55  0.71   0.35
DH_DEV_0155      33.67  58.69            0.49         0.72     0.58             0.64             0.40          1.85          0.81  1.36   0.52
DH_DEV_0157      37.43  62.75            0.69         0.89     0.78             0.79             0.52          0.78          0.34  0.81   0.60
DH_DEV_0158      41.87  66.47            0.41         0.67     0.51             0.56             0.30          2.27          0.95  1.21   0.44
DH_DEV_0159      36.23  55.34            0.55         0.81     0.65             0.75             0.47          1.70          0.60  1.59   0.59
DH_DEV_0160      56.10  87.67            0.27         0.97     0.42             0.83             0.12          2.61          0.10  0.40   0.32
DH_DEV_0162       0.82   0.81            0.99         0.99     0.99             0.95             0.95          0.06          0.06  0.57   0.91
DH_DEV_0163      19.74  62.88            0.70         0.89     0.79             0.78             0.49          1.06          0.32  0.87   0.57
DH_DEV_0164       7.53  44.45            0.89         0.92     0.91             0.83             0.79          0.38          0.26  0.93   0.75
DH_DEV_0165      74.21  92.34            0.64         0.89     0.75             0.76             0.38          1.12          0.28  0.64   0.50
DH_DEV_0167      11.08  17.38            0.85         0.88     0.86             0.80             0.76          0.51          0.39  1.10   0.71
DH_DEV_0168      29.05  57.94            0.60         0.93     0.73             0.81             0.36          1.09          0.24  0.59   0.50
DH_DEV_0169      27.13  48.13            0.68         0.93     0.78             0.88             0.55          1.00          0.23  1.15   0.67
DH_DEV_0170      14.14  44.51            0.81         0.88     0.84             0.82             0.72          0.63          0.37  1.17   0.70
DH_DEV_0172      37.72  70.69            0.60         0.83     0.69             0.72             0.46          1.32          0.48  1.00   0.54
DH_DEV_0173      11.00  14.62            0.83         0.88     0.85             0.80             0.72          0.57          0.37  1.07   0.70
DH_DEV_0174      17.62  19.61            0.72         0.86     0.79             0.78             0.59          0.78          0.42  1.04   0.64
DH_DEV_0175      14.89  34.01            0.83         0.94     0.88             0.92             0.77          0.52          0.20  1.76   0.83
DH_DEV_0176      16.58  20.61            0.75         0.85     0.80             0.76             0.63          0.76          0.46  1.05   0.64
DH_DEV_0177       8.31  11.89            0.92         0.93     0.92             0.88             0.86          0.31          0.26  1.21   0.81
DH_DEV_0179       5.16   5.11            0.98         0.94     0.96             0.88             0.95          0.09          0.22  0.87   0.85
DH_DEV_0180      25.98  56.11            0.66         0.83     0.74             0.77             0.57          1.25          0.54  1.40   0.62
DH_DEV_0181       4.71  52.14            0.93         0.96     0.94             0.89             0.81          0.26          0.13  0.63   0.77
DH_DEV_0183      41.30  71.61            0.50         0.74     0.60             0.67             0.42          1.95          0.79  1.44   0.52
DH_DEV_0184      12.11  20.19            0.88         0.87     0.88             0.79             0.79          0.42          0.42  1.04   0.71
DH_DEV_0185      16.68  20.02            0.78         0.86     0.82             0.79             0.69          0.66          0.43  1.16   0.68
DH_DEV_0186      20.49  21.80            0.74         0.83     0.78             0.71             0.60          0.72          0.54  1.01   0.62
DH_DEV_0187      41.37  65.11            0.53         0.84     0.65             0.74             0.42          1.58          0.47  1.22   0.56
DH_DEV_0188      29.65  49.02            0.51         0.80     0.62             0.73             0.43          1.84          0.58  1.60   0.58
DH_DEV_0189       7.03  25.77            0.90         0.94     0.92             0.85             0.78          0.37          0.21  0.84   0.74
DH_DEV_0191      29.16  31.89            0.68         0.71     0.69             0.54             0.51          0.91          0.86  0.81   0.48
DH_DEV_0192      67.00  84.46            0.20         0.76     0.32             0.59             0.12          3.63          0.61  0.75   0.31
DH_DEV_0193      44.55  79.51            0.35         0.87     0.50             0.61             0.13          2.35          0.37  0.53   0.33
DH_DEV_0194       2.71   2.77            0.96         0.95     0.95             0.78             0.78          0.14          0.16  0.38   0.72
DH_DEV_0195      20.30  23.31            0.84         0.81     0.82             0.72             0.75          0.52          0.59  1.19   0.68
DH_DEV_0197      17.76  24.53            0.81         0.84     0.83             0.76             0.71          0.60          0.45  1.07   0.67
DH_DEV_0198      16.16  29.71            0.79         0.88     0.84             0.79             0.68          0.64          0.32  1.03   0.69
DH_DEV_0199       6.83  39.22            0.90         0.95     0.93             0.94             0.87          0.39          0.18  1.99   0.88
DH_DEV_0201      10.77  18.17            0.86         0.90     0.88             0.83             0.77          0.48          0.33  1.10   0.73
DH_DEV_0202      48.71  85.57            0.61         0.82     0.70             0.74             0.48          1.62          0.51  1.23   0.55
DH_DEV_0203      48.48  84.85            0.54         0.94     0.69             0.86             0.36          1.49          0.20  0.73   0.51
DH_DEV_0204      48.46  61.29            0.33         0.89     0.48             0.77             0.19          2.33          0.28  1.06   0.50
DH_DEV_0205      17.28  27.87            0.81         0.84     0.82             0.74             0.70          0.58          0.47  1.02   0.66
DH_DEV_0206       4.50  12.22            0.93         0.95     0.94             0.92             0.89          0.26          0.19  1.50   0.87
DH_DEV_0207       4.88   7.14            0.92         0.95     0.93             0.92             0.88          0.33          0.20  1.85   0.88
DH_DEV_0208      46.60  70.91            0.40         0.89     0.56             0.83             0.32          2.26          0.32  1.45   0.57
DH_DEV_0210      12.06  15.59            0.81         0.87     0.84             0.79             0.71          0.61          0.40  1.09   0.69
DH_DEV_0211       6.61  15.99            0.90         0.92     0.91             0.84             0.80          0.36          0.26  0.93   0.75
DH_DEV_0212      22.78  46.39            0.62         0.85     0.72             0.79             0.53          1.42          0.45  1.74   0.66
DH_DEV_0213      14.72  20.69            0.84         0.86     0.85             0.77             0.75          0.51          0.42  1.06   0.70
DH_DEV_0214       9.23  18.39            0.88         0.89     0.88             0.78             0.78          0.41          0.38  0.96   0.71
DH_DEV_0215      13.03  21.57            0.80         0.86     0.83             0.76             0.69          0.63          0.40  0.99   0.66
DH_DEV_0216       6.21   8.61            0.90         0.94     0.92             0.91             0.86          0.38          0.22  1.71   0.85
DH_DEV_0217      30.45  39.08            0.47         0.76     0.58             0.61             0.33          1.61          0.65  0.91   0.46
DH_DEV_0218      51.64  77.98            0.40         0.94     0.56             0.79             0.20          1.54          0.19  0.50   0.42
DH_DEV_0219      18.63  25.75            0.80         0.84     0.82             0.75             0.70          0.61          0.47  1.06   0.66
DH_DEV_0220       8.49  12.58            0.90         0.91     0.91             0.87             0.84          0.37          0.30  1.22   0.79
DH_DEV_0221      14.69  20.20            0.79         0.84     0.81             0.75             0.68          0.67          0.47  1.04   0.65
DH_DEV_0224      13.61  21.23            0.83         0.88     0.86             0.81             0.75          0.54          0.38  1.11   0.71
DH_DEV_0225      12.76  15.79            0.88         0.89     0.89             0.82             0.81          0.41          0.35  1.13   0.75
DH_DEV_0226      10.81  67.70            0.87         0.93     0.89             0.84             0.74          0.49          0.24  0.89   0.71
DH_DEV_0227       5.79   5.75            0.99         0.90     0.94             0.61             0.92          0.06          0.31  0.41   0.70
DH_DEV_0228      34.67  66.39            0.69         0.95     0.80             0.90             0.52          0.77          0.18  0.81   0.65
DH_DEV_0229      62.04  86.23            0.36         0.89     0.52             0.74             0.24          2.47          0.33  0.80   0.42
DH_DEV_0230       2.81   4.26            0.96         0.96     0.96             0.93             0.92          0.18          0.15  1.33   0.89
DH_DEV_0231      29.80  34.91            0.75         0.75     0.75             0.62             0.63          0.73          0.73  0.99   0.57
DH_DEV_0232       8.64  44.69            0.87         0.96     0.92             0.95             0.83          0.44          0.16  2.09   0.88
DH_DEV_0233       1.45   1.45            0.98         0.98     0.98             0.94             0.94          0.08          0.09  0.74   0.90
DH_DEV_0235      20.76  23.63            0.66         0.79     0.72             0.65             0.50          0.93          0.61  0.87   0.53
DH_DEV_0236       9.64  11.98            0.87         0.90     0.89             0.85             0.81          0.45          0.33  1.25   0.76
DH_DEV_0239      21.88  26.47            0.68         0.79     0.73             0.67             0.54          0.91          0.58  0.94   0.56
DH_DEV_0241      18.06  20.31            0.68         0.84     0.75             0.70             0.51          0.90          0.45  0.82   0.55
DH_DEV_0244       8.56  10.58            0.88         0.92     0.90             0.88             0.82          0.41          0.27  1.29   0.79
DH_DEV_0245      56.27  76.70            0.32         0.63     0.43             0.49             0.23          3.00          1.00  1.04   0.36
DH_DEV_0246      13.21  15.10            0.82         0.89     0.85             0.83             0.75          0.56          0.37  1.21   0.73
DH_DEV_0249       9.91  13.12            0.88         0.91     0.90             0.86             0.83          0.40          0.30  1.26   0.78
DH_DEV_0250       3.57  12.38            0.94         0.94     0.94             0.74             0.75          0.22          0.19  0.51   0.71
DH_DEV_0253      66.23  91.75            0.46         0.93     0.62             0.86             0.31          1.88          0.20  0.76   0.48
DH_DEV_0254      67.27  91.13            0.21         0.97     0.35             0.81             0.09          2.96          0.10  0.36   0.29
*** OVERALL ***  22.28  47.75            0.76         0.88     0.81             0.88             0.75          0.86          0.37  8.49   0.93
