File               DER    JER    B3-Precision    B3-Recall    B3-F1    GKT(ref, sys)    GKT(sys, ref)    H(ref|sys)    H(sys|ref)    MI    NMI
---------------  -----  -----  --------------  -----------  -------  ---------------  ---------------  ------------  ------------  ----  -----
DH_DEV_0001      19.50  23.45            0.77         0.79     0.78             0.69             0.66          0.72          0.66  1.04   0.60
DH_DEV_0002       4.88  13.49            0.93         0.94     0.93             0.89             0.88          0.25          0.22  1.38   0.85
DH_DEV_0005      16.32  25.39            0.84         0.83     0.84             0.73             0.75          0.50          0.54  1.05   0.67
DH_DEV_0007      15.09  27.18            0.76         0.89     0.82             0.82             0.63          0.81          0.33  1.16   0.68
DH_DEV_0008      14.46  23.20            0.81         0.84     0.82             0.74             0.71          0.57          0.48  1.05   0.67
DH_DEV_0009       8.40  15.06            0.88         0.91     0.89             0.84             0.79          0.42          0.30  1.08   0.75
DH_DEV_0010      19.57  25.95            0.70         0.82     0.75             0.66             0.51          0.84          0.58  0.83   0.54
DH_DEV_0011      47.13  80.08            0.46         0.65     0.54             0.51             0.34          2.02          0.95  1.08   0.43
DH_DEV_0013      19.61  77.61            0.72         0.84     0.78             0.62             0.44          0.94          0.48  0.59   0.46
DH_DEV_0014      18.60  24.77            0.80         0.84     0.82             0.75             0.70          0.61          0.46  1.07   0.67
DH_DEV_0015       4.41  45.58            0.94         0.97     0.96             0.93             0.84          0.18          0.11  0.89   0.86
DH_DEV_0017      15.94  24.73            0.84         0.83     0.83             0.72             0.74          0.51          0.54  1.06   0.67
DH_DEV_0018       9.81  17.22            0.88         0.90     0.89             0.84             0.81          0.39          0.32  1.10   0.76
DH_DEV_0019      15.71  22.64            0.79         0.84     0.81             0.74             0.69          0.64          0.46  1.07   0.66
DH_DEV_0020      16.73  29.13            0.81         0.84     0.82             0.73             0.70          0.58          0.46  0.98   0.65
DH_DEV_0021      24.82  32.93            0.65         0.75     0.69             0.59             0.48          0.99          0.67  0.81   0.50
DH_DEV_0022      55.54  78.81            0.41         0.96     0.58             0.89             0.26          1.79          0.14  0.67   0.47
DH_DEV_0023       6.94  13.93            0.90         0.93     0.91             0.86             0.82          0.37          0.24  1.09   0.78
DH_DEV_0025      29.77  38.52            0.66         0.70     0.68             0.52             0.48          0.94          0.86  0.81   0.47
DH_DEV_0027      48.91  84.67            0.46         0.81     0.59             0.71             0.35          2.12          0.53  1.02   0.46
DH_DEV_0029      20.67  25.16            0.68         0.78     0.73             0.64             0.52          0.90          0.63  0.86   0.53
DH_DEV_0030      33.73  47.74            0.46         0.84     0.60             0.67             0.28          1.66          0.45  0.76   0.44
DH_DEV_0031      47.33  80.00            0.68         0.91     0.78             0.81             0.47          0.89          0.26  0.72   0.57
DH_DEV_0032       4.09   9.00            0.93         0.95     0.94             0.92             0.89          0.27          0.21  1.64   0.87
DH_DEV_0034      10.16  41.97            0.87         0.91     0.89             0.86             0.80          0.50          0.32  1.33   0.77
DH_DEV_0035      16.54  45.71            0.78         0.91     0.84             0.89             0.74          0.76          0.32  2.39   0.82
DH_DEV_0037      23.36  32.89            0.63         0.80     0.71             0.68             0.48          1.12          0.57  1.03   0.56
DH_DEV_0038      55.22  75.88            0.63         0.94     0.75             0.89             0.47          1.02          0.22  1.02   0.64
DH_DEV_0039       5.72  56.85            0.92         0.97     0.95             0.95             0.86          0.23          0.10  1.20   0.88
DH_DEV_0040      54.46  69.22            0.19         0.79     0.31             0.72             0.16          4.00          0.58  1.64   0.46
DH_DEV_0045      13.73  32.35            0.87         0.87     0.87             0.77             0.78          0.42          0.42  0.99   0.70
DH_DEV_0046      80.26  88.37            0.13         0.75     0.22             0.46             0.08          4.28          0.65  0.62   0.25
DH_DEV_0049      14.69  27.80            0.81         0.85     0.83             0.74             0.69          0.57          0.43  0.95   0.66
DH_DEV_0050       9.27  16.04            0.88         0.89     0.88             0.82             0.80          0.43          0.35  1.10   0.74
DH_DEV_0051       1.28   1.28            0.98         0.98     0.98             0.92             0.92          0.07          0.09  0.56   0.88
DH_DEV_0052      27.49  27.28            0.98         0.65     0.78             0.34             0.91          0.07          0.80  0.50   0.58
DH_DEV_0053       6.95  11.52            0.90         0.92     0.91             0.87             0.83          0.36          0.26  1.13   0.79
DH_DEV_0054      11.63  11.44            0.98         0.83     0.90             0.61             0.93          0.07          0.47  0.63   0.72
DH_DEV_0057      37.24  51.58            0.40         0.75     0.52             0.62             0.29          2.17          0.68  1.01   0.44
DH_DEV_0058       8.40  69.45            0.89         0.92     0.91             0.76             0.67          0.42          0.26  0.58   0.63
DH_DEV_0061      61.66  87.44            0.36         0.96     0.52             0.88             0.23          2.30          0.15  0.66   0.43
DH_DEV_0062      61.49  78.75            0.20         0.71     0.32             0.50             0.13          3.54          0.76  0.89   0.33
DH_DEV_0064      30.12  39.10            0.69         0.68     0.68             0.44             0.45          0.88          0.99  0.66   0.41
DH_DEV_0065       5.45   7.45            0.91         0.94     0.93             0.92             0.89          0.35          0.23  2.18   0.88
DH_DEV_0066       5.54  15.14            0.92         0.93     0.92             0.89             0.88          0.29          0.27  1.44   0.84
DH_DEV_0067      55.28  90.28            0.44         0.91     0.59             0.81             0.28          2.01          0.25  0.70   0.44
DH_DEV_0069      71.87  89.79            0.25         0.93     0.40             0.78             0.16          3.03          0.20  0.53   0.33
DH_DEV_0071       7.72  13.87            0.88         0.91     0.89             0.84             0.79          0.43          0.29  1.04   0.74
DH_DEV_0073      13.36  21.28            0.82         0.85     0.84             0.77             0.72          0.55          0.45  1.08   0.69
DH_DEV_0075      17.54  21.06            0.71         0.83     0.77             0.71             0.56          0.81          0.49  0.93   0.59
DH_DEV_0077      26.83  36.05            0.70         0.78     0.74             0.64             0.56          0.85          0.59  0.88   0.55
DH_DEV_0078      31.65  34.78            0.74         0.72     0.73             0.60             0.62          0.76          0.85  1.06   0.57
DH_DEV_0079       3.66  22.90            0.94         0.96     0.95             0.94             0.91          0.25          0.16  1.80   0.90
DH_DEV_0080       8.31  14.55            0.87         0.91     0.89             0.83             0.76          0.46          0.28  1.03   0.73
DH_DEV_0081      19.15  26.38            0.68         0.81     0.74             0.65             0.51          0.91          0.51  0.81   0.54
DH_DEV_0083       4.58   4.62            0.96         0.96     0.96             0.91             0.91          0.15          0.14  0.85   0.85
DH_DEV_0085       1.62   1.60            0.98         0.97     0.97             0.92             0.92          0.09          0.10  0.64   0.87
DH_DEV_0086      44.70  77.86            0.59         0.93     0.72             0.86             0.41          1.10          0.22  0.76   0.57
DH_DEV_0087      15.58  24.42            0.86         0.84     0.85             0.74             0.77          0.48          0.50  1.10   0.69
DH_DEV_0088      54.08  91.27            0.21         0.98     0.35             0.77             0.06          2.93          0.07  0.24   0.24
DH_DEV_0089      11.05  19.95            0.86         0.89     0.87             0.81             0.77          0.48          0.37  1.05   0.71
DH_DEV_0092      12.66  37.74            0.83         0.94     0.88             0.90             0.76          0.55          0.25  1.85   0.82
DH_DEV_0093      67.21  86.60            0.24         0.66     0.35             0.42             0.14          3.16          0.92  0.76   0.30
DH_DEV_0095      14.75  20.96            0.85         0.88     0.87             0.81             0.77          0.48          0.37  1.12   0.73
DH_DEV_0096      18.81  25.24            0.79         0.81     0.80             0.71             0.70          0.62          0.59  1.09   0.64
DH_DEV_0097      21.98  34.57            0.80         0.79     0.80             0.67             0.68          0.57          0.57  0.92   0.62
DH_DEV_0101      15.25  15.10            0.97         0.80     0.88             0.62             0.93          0.10          0.53  0.73   0.72
DH_DEV_0102       5.30  19.73            0.93         0.93     0.93             0.85             0.84          0.25          0.25  0.86   0.77
DH_DEV_0103       3.61   6.31            0.95         0.95     0.95             0.91             0.90          0.20          0.19  1.22   0.86
DH_DEV_0104      11.94  18.44            0.89         0.90     0.89             0.83             0.82          0.38          0.33  1.13   0.76
DH_DEV_0105      24.76  58.45            0.68         0.83     0.75             0.65             0.43          1.24          0.50  0.94   0.53
DH_DEV_0106      19.96  25.42            0.68         0.80     0.73             0.66             0.51          0.90          0.54  0.82   0.54
DH_DEV_0107      18.79  23.66            0.82         0.81     0.81             0.71             0.73          0.56          0.61  1.12   0.66
DH_DEV_0108      22.33  55.05            0.64         0.82     0.72             0.75             0.54          1.32          0.59  1.49   0.62
DH_DEV_0110      12.73  19.24            0.87         0.88     0.88             0.82             0.79          0.43          0.36  1.13   0.74
DH_DEV_0112      16.44  24.89            0.76         0.93     0.84             0.89             0.65          0.71          0.28  1.64   0.77
DH_DEV_0113       6.04  21.11            0.91         0.92     0.91             0.84             0.80          0.35          0.28  1.10   0.78
DH_DEV_0118      72.55  84.04            0.12         0.91     0.21             0.22             0.01          3.45          0.24  0.10   0.09
DH_DEV_0119       5.50   6.70            0.91         0.94     0.92             0.92             0.89          0.35          0.26  2.23   0.88
DH_DEV_0120       2.72   2.69            0.97         0.96     0.97             0.91             0.93          0.10          0.15  0.78   0.86
DH_DEV_0121       5.89   6.02            0.94         0.94     0.94             0.88             0.88          0.18          0.18  0.82   0.82
DH_DEV_0122      20.28  26.07            0.74         0.80     0.77             0.69             0.62          0.77          0.63  1.01   0.59
DH_DEV_0123      23.62  63.28            0.64         0.85     0.73             0.79             0.54          1.32          0.45  1.42   0.63
DH_DEV_0124       7.46  42.14            0.89         0.95     0.92             0.88             0.78          0.41          0.20  1.02   0.77
DH_DEV_0125       1.13   1.13            0.98         0.98     0.98             0.92             0.92          0.07          0.08  0.51   0.87
DH_DEV_0127      37.58  41.55            0.64         0.64     0.64             0.46             0.46          0.99          0.96  0.81   0.45
DH_DEV_0129      48.82  71.34            0.56         0.94     0.70             0.85             0.38          1.11          0.21  0.70   0.55
DH_DEV_0130      31.65  35.25            0.63         0.65     0.64             0.45             0.44          1.03          0.98  0.73   0.42
DH_DEV_0131      11.39  51.21            0.86         0.94     0.90             0.91             0.79          0.48          0.23  1.76   0.83
DH_DEV_0132      12.18  21.35            0.87         0.87     0.87             0.78             0.78          0.44          0.42  1.10   0.72
DH_DEV_0133      13.37  44.39            0.82         0.88     0.85             0.81             0.74          0.61          0.40  1.18   0.70
DH_DEV_0134      29.97  35.99            0.79         0.74     0.77             0.63             0.69          0.66          0.72  1.11   0.62
DH_DEV_0136       7.75  51.25            0.89         0.94     0.92             0.92             0.86          0.40          0.25  1.94   0.86
DH_DEV_0139      14.39  21.44            0.83         0.85     0.84             0.78             0.74          0.53          0.43  1.12   0.70
DH_DEV_0140       1.11   1.10            0.98         0.98     0.98             0.94             0.94          0.07          0.07  0.64   0.90
DH_DEV_0141       6.09  37.43            0.92         0.94     0.93             0.89             0.85          0.25          0.22  1.22   0.84
DH_DEV_0144      14.37  21.36            0.81         0.85     0.83             0.75             0.70          0.60          0.50  1.03   0.65
DH_DEV_0145      11.67  19.16            0.86         0.87     0.86             0.78             0.77          0.48          0.42  1.08   0.70
DH_DEV_0146      36.84  55.98            0.44         0.67     0.53             0.56             0.35          1.93          0.91  1.23   0.47
DH_DEV_0147       3.06   3.26            0.96         0.96     0.96             0.92             0.92          0.14          0.14  0.85   0.86
DH_DEV_0152       9.81  16.23            0.91         0.92     0.92             0.86             0.85          0.30          0.26  1.11   0.80
DH_DEV_0153      65.87  90.82            0.20         0.98     0.33             0.88             0.09          3.21          0.07  0.39   0.30
DH_DEV_0154      51.77  79.11            0.32         0.67     0.43             0.40             0.14          2.64          0.93  0.66   0.29
DH_DEV_0155      39.06  63.35            0.45         0.65     0.53             0.54             0.35          2.03          1.00  1.19   0.45
DH_DEV_0157      36.23  58.80            0.69         0.84     0.76             0.72             0.53          0.77          0.45  0.82   0.58
DH_DEV_0158      45.06  66.81            0.43         0.62     0.51             0.52             0.33          2.18          1.13  1.30   0.45
DH_DEV_0159      37.83  57.31            0.53         0.79     0.64             0.72             0.45          1.72          0.65  1.57   0.58
DH_DEV_0160      56.14  87.68            0.27         0.97     0.42             0.83             0.12          2.61          0.10  0.39   0.32
DH_DEV_0162       0.90   0.90            0.99         0.98     0.98             0.94             0.94          0.06          0.06  0.57   0.90
DH_DEV_0163      20.35  59.83            0.69         0.84     0.76             0.68             0.47          1.10          0.46  0.83   0.53
DH_DEV_0164       7.44  41.44            0.90         0.91     0.90             0.83             0.80          0.35          0.29  0.96   0.75
DH_DEV_0165      74.22  92.36            0.64         0.89     0.75             0.76             0.38          1.13          0.28  0.64   0.50
DH_DEV_0167      18.38  24.86            0.82         0.79     0.80             0.67             0.71          0.57          0.63  1.05   0.64
DH_DEV_0168      28.89  54.62            0.60         0.88     0.71             0.70             0.37          1.09          0.39  0.60   0.46
DH_DEV_0169      29.11  51.89            0.65         0.91     0.76             0.84             0.52          1.08          0.28  1.07   0.63
DH_DEV_0170      14.53  37.79            0.82         0.87     0.84             0.81             0.73          0.59          0.43  1.22   0.71
DH_DEV_0172      39.62  72.11            0.59         0.81     0.68             0.70             0.45          1.34          0.53  0.99   0.53
DH_DEV_0173      14.05  20.49            0.78         0.84     0.81             0.73             0.65          0.68          0.48  0.96   0.62
DH_DEV_0174      21.46  26.38            0.66         0.80     0.73             0.67             0.52          0.93          0.55  0.90   0.55
DH_DEV_0175      16.29  35.22            0.81         0.93     0.87             0.90             0.74          0.57          0.27  1.71   0.81
DH_DEV_0176      17.88  22.78            0.73         0.83     0.77             0.73             0.61          0.80          0.51  1.00   0.61
DH_DEV_0177       8.62  12.16            0.91         0.92     0.92             0.88             0.86          0.31          0.26  1.22   0.81
DH_DEV_0179       6.78   6.68            0.97         0.92     0.95             0.85             0.95          0.10          0.27  0.87   0.83
DH_DEV_0180      30.38  60.99            0.63         0.79     0.70             0.71             0.53          1.37          0.65  1.28   0.57
DH_DEV_0181       4.74  52.16            0.93         0.96     0.94             0.89             0.81          0.26          0.14  0.63   0.76
DH_DEV_0183      43.98  73.00            0.50         0.72     0.59             0.64             0.41          1.94          0.82  1.45   0.52
DH_DEV_0184      19.56  29.90            0.85         0.80     0.82             0.68             0.75          0.46          0.63  1.00   0.65
DH_DEV_0185      19.10  24.04            0.76         0.84     0.79             0.75             0.65          0.72          0.49  1.10   0.65
DH_DEV_0186      23.65  25.57            0.71         0.78     0.74             0.64             0.56          0.79          0.69  0.94   0.56
DH_DEV_0187      39.94  62.11            0.53         0.82     0.64             0.73             0.43          1.53          0.58  1.27   0.56
DH_DEV_0188      31.01  49.74            0.49         0.77     0.60             0.69             0.41          1.92          0.69  1.52   0.55
DH_DEV_0189       7.60  26.90            0.89         0.93     0.91             0.83             0.76          0.39          0.24  0.82   0.73
DH_DEV_0191      35.89  37.99            0.64         0.59     0.61             0.41             0.45          0.99          1.21  0.73   0.40
DH_DEV_0192      66.70  83.99            0.21         0.81     0.33             0.66             0.14          3.57          0.52  0.80   0.33
DH_DEV_0193      44.67  79.69            0.35         0.89     0.50             0.62             0.13          2.37          0.30  0.51   0.33
DH_DEV_0194       2.75   2.84            0.95         0.95     0.95             0.78             0.78          0.14          0.17  0.38   0.72
DH_DEV_0195      24.73  28.37            0.80         0.75     0.77             0.63             0.70          0.62          0.74  1.09   0.62
DH_DEV_0197      23.02  32.97            0.76         0.81     0.78             0.69             0.64          0.69          0.53  0.98   0.62
DH_DEV_0198      16.87  30.91            0.78         0.88     0.83             0.78             0.66          0.66          0.35  1.01   0.67
DH_DEV_0199       7.95  41.99            0.88         0.94     0.91             0.91             0.84          0.44          0.25  1.94   0.85
DH_DEV_0201      11.51  19.28            0.85         0.89     0.87             0.81             0.75          0.50          0.34  1.08   0.72
DH_DEV_0202      48.19  84.73            0.62         0.83     0.71             0.75             0.50          1.56          0.49  1.29   0.57
DH_DEV_0203      48.50  84.88            0.54         0.93     0.68             0.85             0.36          1.50          0.21  0.72   0.50
DH_DEV_0204      48.42  60.70            0.33         0.88     0.48             0.75             0.19          2.33          0.32  1.06   0.49
DH_DEV_0205      16.63  26.94            0.81         0.84     0.83             0.75             0.71          0.57          0.45  1.03   0.67
DH_DEV_0206       5.06  14.08            0.92         0.94     0.93             0.90             0.88          0.28          0.23  1.48   0.85
DH_DEV_0207       5.69   8.63            0.90         0.93     0.92             0.90             0.86          0.37          0.26  1.81   0.85
DH_DEV_0208      48.90  72.63            0.38         0.84     0.52             0.75             0.29          2.38          0.46  1.34   0.52
DH_DEV_0210      13.87  19.09            0.79         0.85     0.82             0.76             0.68          0.67          0.45  1.03   0.65
DH_DEV_0211      10.10  24.11            0.87         0.88     0.88             0.75             0.75          0.44          0.40  0.85   0.67
DH_DEV_0212      25.57  47.69            0.59         0.78     0.67             0.71             0.49          1.55          0.68  1.61   0.60
DH_DEV_0213      17.28  25.32            0.82         0.84     0.83             0.74             0.71          0.56          0.45  1.01   0.67
DH_DEV_0214      12.22  21.67            0.88         0.85     0.86             0.72             0.77          0.42          0.49  0.96   0.68
DH_DEV_0215      14.71  24.93            0.78         0.85     0.81             0.72             0.65          0.68          0.43  0.94   0.63
DH_DEV_0216       7.14  10.03            0.89         0.92     0.91             0.89             0.84          0.42          0.28  1.67   0.83
DH_DEV_0217      36.10  44.02            0.44         0.64     0.52             0.45             0.28          1.77          1.03  0.76   0.36
DH_DEV_0218      51.61  77.95            0.40         0.94     0.56             0.79             0.20          1.54          0.19  0.51   0.42
DH_DEV_0219      23.53  32.92            0.76         0.79     0.78             0.68             0.64          0.70          0.57  0.97   0.61
DH_DEV_0220       9.26  14.04            0.89         0.91     0.90             0.85             0.83          0.39          0.31  1.19   0.77
DH_DEV_0221      17.48  22.91            0.78         0.80     0.79             0.70             0.67          0.69          0.62  1.02   0.61
DH_DEV_0224      16.34  26.95            0.80         0.86     0.83             0.77             0.70          0.61          0.42  1.04   0.67
DH_DEV_0225      17.29  20.17            0.87         0.86     0.86             0.76             0.78          0.45          0.47  1.09   0.71
DH_DEV_0226      12.23  67.85            0.86         0.90     0.88             0.80             0.73          0.50          0.32  0.88   0.68
DH_DEV_0227       6.62   6.57            0.98         0.89     0.93             0.58             0.91          0.06          0.35  0.41   0.69
DH_DEV_0228      38.11  67.60            0.69         0.90     0.78             0.80             0.52          0.77          0.33  0.81   0.60
DH_DEV_0229      60.65  85.08            0.37         0.88     0.52             0.75             0.25          2.40          0.38  0.86   0.43
DH_DEV_0230       3.25   5.56            0.95         0.96     0.95             0.92             0.91          0.20          0.16  1.30   0.88
DH_DEV_0231      40.55  40.95            0.76         0.69     0.72             0.55             0.64          0.70          0.82  1.01   0.57
DH_DEV_0232      10.16  46.04            0.85         0.94     0.89             0.91             0.80          0.52          0.25  2.00   0.84
DH_DEV_0233       3.77   3.74            0.98         0.95     0.96             0.87             0.94          0.08          0.21  0.74   0.84
DH_DEV_0235      25.84  30.07            0.62         0.71     0.66             0.54             0.44          1.04          0.84  0.76   0.45
DH_DEV_0236      12.53  17.06            0.83         0.86     0.85             0.79             0.76          0.54          0.43  1.16   0.71
DH_DEV_0239      26.46  34.04            0.63         0.76     0.69             0.60             0.47          1.00          0.63  0.84   0.51
DH_DEV_0241      19.50  22.91            0.65         0.81     0.72             0.66             0.47          0.96          0.51  0.75   0.51
DH_DEV_0244       8.95  11.13            0.88         0.91     0.90             0.87             0.82          0.42          0.29  1.27   0.78
DH_DEV_0245      56.48  76.50            0.32         0.57     0.41             0.44             0.23          3.00          1.21  1.04   0.35
DH_DEV_0246      16.75  21.24            0.78         0.84     0.81             0.76             0.68          0.66          0.47  1.10   0.66
DH_DEV_0249      11.53  15.89            0.87         0.89     0.88             0.83             0.80          0.45          0.35  1.22   0.75
DH_DEV_0250       3.29  10.14            0.94         0.94     0.94             0.76             0.77          0.20          0.19  0.53   0.73
DH_DEV_0253      66.08  91.73            0.46         0.93     0.62             0.86             0.31          1.88          0.20  0.76   0.48
DH_DEV_0254      67.20  91.11            0.21         0.97     0.35             0.81             0.09          2.96          0.10  0.36   0.29
*** OVERALL ***  24.06  49.17            0.74         0.85     0.79             0.85             0.74          0.89          0.46  8.45   0.93
