File               DER    JER    B3-Precision    B3-Recall    B3-F1    GKT(ref, sys)    GKT(sys, ref)    H(ref|sys)    H(sys|ref)    MI    NMI
---------------  -----  -----  --------------  -----------  -------  ---------------  ---------------  ------------  ------------  ----  -----
DH_EVAL_0001      8.25  36.40            0.95         0.94     0.95             0.89             0.91          0.16          0.14  1.38   0.90
DH_EVAL_0002     36.82  74.40            0.44         1.00     0.61             1.00             0.10          1.45          0.00  0.27   0.40
DH_EVAL_0003     19.88  23.13            0.71         0.81     0.76             0.68             0.57          0.76          0.57  0.97   0.59
DH_EVAL_0004      9.61  15.01            0.84         0.92     0.88             0.86             0.75          0.48          0.24  1.16   0.77
DH_EVAL_0005     15.97  21.35            0.77         0.85     0.81             0.75             0.64          0.65          0.44  1.06   0.66
DH_EVAL_0006     18.43  22.80            0.70         0.84     0.76             0.71             0.55          0.79          0.45  0.91   0.60
DH_EVAL_0007     25.43  27.69            0.75         0.75     0.75             0.62             0.63          0.67          0.69  1.09   0.62
DH_EVAL_0008     21.22  24.12            0.82         0.81     0.81             0.69             0.70          0.52          0.53  1.11   0.68
DH_EVAL_0009     46.06  61.12            0.42         0.61     0.50             0.52             0.35          2.12          1.11  1.32   0.46
DH_EVAL_0010      7.79  11.45            0.88         0.92     0.90             0.88             0.82          0.37          0.21  1.32   0.82
DH_EVAL_0011     19.20  21.69            0.82         0.81     0.82             0.70             0.70          0.52          0.60  1.10   0.66
DH_EVAL_0012     24.19  26.24            0.78         0.74     0.76             0.61             0.66          0.61          0.72  1.08   0.62
DH_EVAL_0013      5.43   5.44            1.00         0.92     0.96             0.80             1.00          0.00          0.24  0.77   0.87
DH_EVAL_0014      9.42  21.67            0.86         0.93     0.90             0.88             0.79          0.47          0.17  1.36   0.81
DH_EVAL_0015     43.78  64.72            0.37         0.58     0.45             0.41             0.24          2.30          1.13  0.90   0.35
DH_EVAL_0016     15.12  20.10            0.76         0.87     0.82             0.80             0.66          0.66          0.34  1.15   0.70
DH_EVAL_0017     51.33  91.23            0.46         1.00     0.63             1.00             0.31          2.03          0.00  0.81   0.54
DH_EVAL_0018     43.75  79.72            0.72         1.00     0.83             1.00             0.55          0.71          0.00  1.00   0.76
DH_EVAL_0019     57.91  86.14            0.19         1.00     0.33             1.00             0.06          2.85          0.00  0.25   0.29
DH_EVAL_0020     29.80  89.55            0.69         1.00     0.82             1.00             0.54          1.01          0.00  0.96   0.70
DH_EVAL_0021     14.41  18.80            0.92         0.87     0.89             0.81             0.87          0.26          0.36  1.38   0.82
DH_EVAL_0022     18.75  22.75            0.75         0.80     0.77             0.68             0.63          0.69          0.58  1.06   0.62
DH_EVAL_0023      2.68   6.48            0.97         0.98     0.98             0.97             0.96          0.10          0.06  1.30   0.94
DH_EVAL_0024     47.80  67.92            0.67         0.85     0.75             0.73             0.51          0.72          0.37  0.95   0.64
DH_EVAL_0025     47.15  86.35            0.57         0.95     0.71             0.90             0.42          1.25          0.15  0.96   0.61
DH_EVAL_0026     31.79  34.52            0.70         0.68     0.69             0.50             0.54          0.79          0.88  0.87   0.51
DH_EVAL_0027      5.54  39.49            0.92         0.97     0.94             0.96             0.88          0.28          0.11  1.82   0.90
DH_EVAL_0028     17.77  23.68            0.71         0.83     0.77             0.71             0.57          0.77          0.43  0.98   0.62
DH_EVAL_0029     17.96  21.15            0.76         0.83     0.79             0.72             0.64          0.67          0.51  1.08   0.65
DH_EVAL_0030     13.73  17.68            0.79         0.89     0.84             0.81             0.68          0.59          0.34  1.15   0.71
DH_EVAL_0031     51.55  86.18            0.56         1.00     0.72             1.00             0.41          1.40          0.00  0.95   0.64
DH_EVAL_0032     22.48  27.24            0.65         0.80     0.72             0.64             0.48          0.90          0.56  0.84   0.54
DH_EVAL_0033     14.43  19.92            0.76         0.85     0.80             0.74             0.61          0.69          0.41  0.96   0.64
DH_EVAL_0034     55.96  86.99            0.27         1.00     0.42             1.00             0.15          2.64          0.00  0.55   0.42
DH_EVAL_0035     38.51  42.59            0.60         0.60     0.60             0.38             0.39          1.01          1.13  0.68   0.39
DH_EVAL_0036     19.91  27.50            0.69         0.78     0.73             0.64             0.53          0.83          0.51  0.91   0.58
DH_EVAL_0037     45.89  69.59            0.43         0.79     0.56             0.72             0.34          1.98          0.60  1.44   0.55
DH_EVAL_0038      0.06   0.07            1.00         1.00     1.00             1.00             1.00          0.01          0.01  0.83   0.99
DH_EVAL_0039      2.26  15.85            0.97         0.97     0.97             0.92             0.92          0.11          0.11  0.88   0.89
DH_EVAL_0040      2.19   2.19            1.00         0.97     0.98             0.91             1.00          0.00          0.12  0.75   0.93
DH_EVAL_0041      3.74  14.76            0.94         0.98     0.96             0.96             0.88          0.20          0.07  1.07   0.89
DH_EVAL_0042      3.92   8.99            0.96         0.97     0.97             0.95             0.93          0.13          0.10  1.32   0.92
DH_EVAL_0043      2.13   5.20            0.97         0.99     0.98             0.97             0.93          0.13          0.05  1.30   0.94
DH_EVAL_0044     55.94  66.00            0.34         0.68     0.45             0.54             0.27          2.69          0.83  1.18   0.42
DH_EVAL_0045      4.68   8.05            0.95         0.96     0.95             0.94             0.92          0.17          0.13  1.41   0.90
DH_EVAL_0046     12.29  18.40            0.93         0.86     0.89             0.79             0.88          0.22          0.38  1.30   0.81
DH_EVAL_0047     15.38  22.17            0.75         0.83     0.79             0.72             0.62          0.69          0.43  1.01   0.65
DH_EVAL_0048     18.09  21.21            0.78         0.83     0.81             0.73             0.68          0.61          0.51  1.15   0.67
DH_EVAL_0049      5.46   9.04            0.96         0.96     0.96             0.93             0.94          0.13          0.13  1.32   0.91
DH_EVAL_0050      3.22   9.67            0.96         0.98     0.97             0.97             0.93          0.15          0.06  1.26   0.92
DH_EVAL_0051     40.07  69.11            0.72         1.00     0.84             1.00             0.57          0.63          0.01  0.99   0.78
DH_EVAL_0052      1.65  10.94            0.97         0.98     0.98             0.94             0.92          0.11          0.06  0.81   0.91
DH_EVAL_0053     35.43  77.42            0.69         1.00     0.81             1.00             0.53          0.77          0.00  0.96   0.74
DH_EVAL_0054      2.97  10.42            0.97         0.97     0.97             0.95             0.94          0.11          0.10  1.24   0.92
DH_EVAL_0055     41.57  69.76            0.71         1.00     0.83             1.00             0.56          0.65          0.00  0.99   0.78
DH_EVAL_0056     43.55  56.75            0.50         0.64     0.56             0.56             0.42          1.99          1.03  1.43   0.49
DH_EVAL_0057     10.15  19.52            0.87         0.92     0.89             0.86             0.81          0.38          0.20  1.26   0.81
DH_EVAL_0058      6.63  19.77            0.91         0.93     0.92             0.87             0.84          0.27          0.20  1.12   0.83
DH_EVAL_0059     11.11  17.42            0.86         0.90     0.88             0.85             0.79          0.43          0.26  1.30   0.79
DH_EVAL_0060      9.26  16.45            0.90         0.91     0.91             0.86             0.85          0.25          0.22  1.35   0.85
DH_EVAL_0061     56.90  82.00            0.21         1.00     0.35             1.00             0.10          2.97          0.00  0.41   0.35
DH_EVAL_0062     20.30  28.89            0.72         0.84     0.77             0.67             0.55          0.76          0.44  0.88   0.60
DH_EVAL_0063     38.78  62.89            0.61         0.94     0.74             0.85             0.43          0.92          0.16  0.86   0.64
DH_EVAL_0064     16.00  43.87            0.84         0.84     0.84             0.76             0.77          0.45          0.46  1.31   0.74
DH_EVAL_0065     17.47  23.56            0.74         0.84     0.79             0.75             0.63          0.70          0.39  1.11   0.67
DH_EVAL_0066     16.10  59.30            0.73         0.97     0.83             0.94             0.56          0.80          0.09  1.04   0.72
DH_EVAL_0067     64.00  93.12            0.53         1.00     0.69             1.00             0.38          1.57          0.00  0.98   0.62
DH_EVAL_0068     14.60  18.68            0.76         0.88     0.81             0.79             0.62          0.66          0.33  1.01   0.67
DH_EVAL_0069     15.96  19.57            0.90         0.83     0.86             0.75             0.85          0.30          0.48  1.34   0.78
DH_EVAL_0070      3.88   9.09            0.95         0.96     0.96             0.93             0.91          0.17          0.13  1.28   0.90
DH_EVAL_0071      5.36  24.10            0.92         0.95     0.94             0.94             0.90          0.28          0.18  2.16   0.90
DH_EVAL_0072      6.02  23.80            0.94         0.95     0.94             0.93             0.90          0.24          0.17  1.64   0.89
DH_EVAL_0073      0.00   0.00            1.00         1.00     1.00             1.00             1.00          0.00          0.00  0.98   1.00
DH_EVAL_0074     22.04  31.70            0.76         0.82     0.79             0.73             0.66          0.62          0.41  1.16   0.69
DH_EVAL_0075     10.36  18.62            0.94         0.89     0.91             0.83             0.90          0.19          0.30  1.30   0.84
DH_EVAL_0076     12.64  19.17            0.79         0.92     0.85             0.85             0.67          0.58          0.24  1.09   0.73
DH_EVAL_0077      0.46   0.46            1.00         0.99     1.00             0.98             1.00          0.00          0.03  0.87   0.98
DH_EVAL_0078     38.39  77.05            0.43         0.95     0.59             0.79             0.18          1.73          0.13  0.52   0.43
DH_EVAL_0079     20.34  28.53            0.79         0.81     0.80             0.66             0.64          0.59          0.52  1.02   0.65
DH_EVAL_0080     26.13  43.48            0.77         0.74     0.76             0.43             0.47          0.63          0.66  0.60   0.48
DH_EVAL_0081      1.89   1.89            1.00         0.97     0.98             0.90             1.00          0.00          0.11  0.64   0.92
DH_EVAL_0082      6.43  34.90            0.98         0.94     0.96             0.90             0.96          0.10          0.14  1.66   0.93
DH_EVAL_0083     34.57  62.10            0.71         0.91     0.80             0.83             0.56          0.66          0.25  0.96   0.69
DH_EVAL_0084      4.39  26.30            0.97         0.95     0.96             0.92             0.95          0.10          0.17  1.47   0.92
DH_EVAL_0085     45.70  73.12            0.60         0.89     0.71             0.80             0.44          1.21          0.28  0.98   0.59
DH_EVAL_0086     52.28  90.16            0.72         1.00     0.83             1.00             0.55          0.76          0.00  0.99   0.75
DH_EVAL_0087     14.65  18.12            0.74         0.88     0.81             0.79             0.62          0.70          0.32  1.04   0.68
DH_EVAL_0088     20.22  25.94            0.66         0.82     0.73             0.67             0.50          0.89          0.44  0.89   0.58
DH_EVAL_0089     12.15  15.27            0.78         0.90     0.84             0.82             0.66          0.61          0.27  1.06   0.71
DH_EVAL_0090     30.77  55.19            0.66         0.89     0.76             0.84             0.57          0.88          0.29  1.52   0.73
DH_EVAL_0091     13.65  17.09            0.76         0.88     0.81             0.79             0.63          0.68          0.32  1.01   0.67
DH_EVAL_0092     31.34  64.86            0.74         0.90     0.81             0.79             0.57          0.58          0.28  0.89   0.68
DH_EVAL_0093     22.72  24.25            0.79         0.78     0.78             0.66             0.67          0.58          0.60  1.11   0.65
DH_EVAL_0094     12.03  43.76            0.84         0.92     0.88             0.87             0.76          0.47          0.23  1.30   0.79
DH_EVAL_0095     28.80  55.03            0.72         0.87     0.79             0.79             0.60          0.81          0.32  1.20   0.69
DH_EVAL_0096      6.74  10.49            0.91         0.94     0.92             0.91             0.87          0.28          0.18  1.40   0.86
DH_EVAL_0097     48.52  70.57            0.71         0.91     0.80             0.83             0.56          0.64          0.25  0.99   0.70
DH_EVAL_0098     12.88  31.14            0.80         0.94     0.86             0.86             0.65          0.57          0.14  0.97   0.74
DH_EVAL_0099     11.86  35.48            0.86         0.96     0.91             0.95             0.83          0.39          0.15  2.49   0.90
DH_EVAL_0100     42.94  70.74            0.41         0.76     0.53             0.65             0.30          2.27          0.61  1.22   0.48
DH_EVAL_0101      4.65  52.30            1.00         0.95     0.97             0.90             0.99          0.01          0.16  0.97   0.92
DH_EVAL_0102     10.71  16.28            0.88         0.91     0.89             0.86             0.82          0.36          0.24  1.33   0.82
DH_EVAL_0103     10.04  13.06            0.94         0.88     0.91             0.83             0.91          0.17          0.33  1.42   0.85
DH_EVAL_0104      9.48  13.78            0.94         0.93     0.93             0.88             0.90          0.20          0.23  1.30   0.86
DH_EVAL_0105     59.93  87.08            0.39         1.00     0.56             1.00             0.26          2.16          0.00  0.79   0.52
DH_EVAL_0106     12.46  15.03            0.78         0.90     0.84             0.82             0.67          0.61          0.28  1.08   0.71
DH_EVAL_0107      2.96   5.04            0.96         0.97     0.97             0.96             0.95          0.15          0.10  1.75   0.93
DH_EVAL_0108     14.77  22.42            0.87         0.87     0.87             0.77             0.78          0.38          0.39  1.16   0.75
DH_EVAL_0109     17.64  22.14            0.71         0.87     0.78             0.77             0.56          0.76          0.34  0.97   0.65
DH_EVAL_0110     18.29  24.25            0.72         0.86     0.78             0.76             0.58          0.75          0.35  1.03   0.66
DH_EVAL_0111     42.35  55.13            0.44         0.71     0.54             0.64             0.37          2.46          0.83  1.62   0.51
DH_EVAL_0112     46.74  87.63            0.68         0.83     0.75             0.72             0.53          1.11          0.38  1.13   0.62
DH_EVAL_0113      4.99   9.17            0.93         0.95     0.94             0.93             0.89          0.24          0.13  1.37   0.88
DH_EVAL_0114     23.39  29.69            0.76         0.77     0.77             0.62             0.62          0.65          0.68  1.00   0.60
DH_EVAL_0115     14.97  21.90            0.79         0.87     0.83             0.82             0.72          0.70          0.38  1.52   0.74
DH_EVAL_0116     56.52  81.60            0.50         1.00     0.67             1.00             0.36          1.52          0.00  0.94   0.62
DH_EVAL_0117     46.04  71.53            0.59         1.00     0.74             1.00             0.39          0.94          0.00  0.80   0.68
DH_EVAL_0118      9.60  15.91            0.87         0.91     0.89             0.85             0.79          0.41          0.26  1.23   0.79
DH_EVAL_0119     15.85  16.93            0.82         0.85     0.84             0.77             0.73          0.50          0.46  1.19   0.71
DH_EVAL_0120     11.80  17.70            0.80         0.92     0.86             0.85             0.69          0.56          0.22  1.13   0.75
DH_EVAL_0121     35.18  63.08            0.76         0.94     0.84             0.89             0.62          0.54          0.17  1.00   0.74
DH_EVAL_0122      0.02   0.02            1.00         1.00     1.00             1.00             1.00          0.00          0.00  0.77   1.00
DH_EVAL_0123     16.40  24.66            0.73         0.88     0.80             0.77             0.57          0.74          0.30  0.98   0.66
DH_EVAL_0124      6.06   9.59            0.92         0.95     0.93             0.92             0.88          0.26          0.16  1.40   0.87
DH_EVAL_0125      8.92  41.74            0.93         0.96     0.94             0.94             0.87          0.25          0.11  1.31   0.88
DH_EVAL_0126     15.43  20.53            0.75         0.85     0.80             0.74             0.60          0.69          0.39  0.96   0.64
DH_EVAL_0127      8.06  15.56            0.92         0.93     0.92             0.89             0.87          0.25          0.20  1.29   0.85
DH_EVAL_0128      1.86  50.54            0.97         1.00     0.98             1.00             0.86          0.14          0.00  0.52   0.89
DH_EVAL_0129     22.68  27.39            0.65         0.77     0.70             0.59             0.46          0.92          0.64  0.74   0.49
DH_EVAL_0130     11.74  17.57            0.82         0.87     0.84             0.79             0.72          0.54          0.35  1.15   0.72
DH_EVAL_0131     13.88  49.24            0.84         0.87     0.85             0.80             0.76          0.46          0.32  1.22   0.76
DH_EVAL_0132      5.68  10.60            0.92         0.94     0.93             0.90             0.87          0.27          0.18  1.29   0.85
DH_EVAL_0133     19.88  49.44            0.70         0.84     0.76             0.74             0.57          0.94          0.39  1.08   0.63
DH_EVAL_0134     12.56  20.87            0.81         0.89     0.85             0.78             0.66          0.53          0.32  0.98   0.70
DH_EVAL_0135     12.81  16.26            0.89         0.86     0.87             0.80             0.84          0.34          0.42  1.35   0.78
DH_EVAL_0136     24.95  27.11            0.77         0.73     0.75             0.59             0.64          0.63          0.72  1.05   0.61
DH_EVAL_0137      3.63   5.78            0.94         0.97     0.95             0.96             0.93          0.21          0.13  2.51   0.94
DH_EVAL_0138      8.57  13.97            0.93         0.91     0.92             0.84             0.88          0.24          0.29  1.24   0.82
DH_EVAL_0139     57.35  69.14            0.33         0.68     0.45             0.54             0.24          2.34          0.92  1.05   0.41
DH_EVAL_0140     10.11  41.76            0.87         0.98     0.92             0.98             0.83          0.36          0.07  2.27   0.92
DH_EVAL_0141     15.30  20.20            0.74         0.89     0.81             0.81             0.60          0.71          0.29  1.01   0.68
DH_EVAL_0142      3.23  35.27            0.96         0.97     0.96             0.95             0.93          0.13          0.09  1.48   0.93
DH_EVAL_0143     25.54  62.76            0.76         1.00     0.86             1.00             0.61          0.52          0.00  0.95   0.80
DH_EVAL_0144      9.07  14.79            0.91         0.90     0.91             0.84             0.86          0.28          0.30  1.31   0.82
DH_EVAL_0145      8.37  42.27            0.90         0.94     0.92             0.90             0.85          0.34          0.17  1.37   0.84
DH_EVAL_0146      2.00  27.44            0.97         0.99     0.98             0.98             0.96          0.11          0.04  1.87   0.96
DH_EVAL_0147      4.68  11.13            0.94         0.96     0.95             0.93             0.90          0.20          0.12  1.27   0.89
DH_EVAL_0148     13.17  17.41            0.78         0.88     0.83             0.80             0.67          0.63          0.32  1.11   0.70
DH_EVAL_0149      9.99  16.55            0.93         0.89     0.91             0.83             0.89          0.22          0.32  1.31   0.83
DH_EVAL_0150      1.96   1.96            1.00         0.97     0.98             0.90             1.00          0.00          0.11  0.68   0.92
DH_EVAL_0151      2.20   2.20            1.00         0.97     0.98             0.91             1.00          0.00          0.12  0.75   0.93
DH_EVAL_0152     59.66  84.29            0.32         0.70     0.44             0.55             0.24          2.92          0.72  1.06   0.40
DH_EVAL_0153     44.09  79.52            0.50         1.00     0.66             1.00             0.31          1.43          0.00  0.74   0.58
DH_EVAL_0154     11.08  16.82            0.87         0.92     0.90             0.88             0.81          0.37          0.19  1.36   0.83
DH_EVAL_0155      9.28  15.18            0.88         0.91     0.89             0.86             0.82          0.37          0.25  1.31   0.81
DH_EVAL_0156      7.75  17.25            0.94         0.94     0.94             0.90             0.90          0.17          0.17  1.20   0.88
DH_EVAL_0157      7.17  10.81            0.92         0.95     0.94             0.92             0.88          0.25          0.15  1.40   0.87
DH_EVAL_0158     45.71  70.49            0.71         0.89     0.79             0.80             0.56          0.61          0.29  0.97   0.69
DH_EVAL_0159      7.22  17.03            0.92         0.92     0.92             0.85             0.84          0.28          0.25  1.08   0.80
DH_EVAL_0160     59.66  74.77            0.37         0.58     0.46             0.46             0.29          2.53          1.05  1.29   0.43
DH_EVAL_0161     41.84  72.07            0.45         0.75     0.57             0.68             0.38          2.20          0.66  1.55   0.54
DH_EVAL_0162     19.64  24.53            0.68         0.79     0.73             0.63             0.50          0.87          0.55  0.81   0.54
DH_EVAL_0163     10.59  15.38            0.89         0.92     0.90             0.88             0.83          0.35          0.22  1.33   0.82
DH_EVAL_0164     54.89  80.80            0.38         0.71     0.49             0.55             0.25          2.22          0.74  1.03   0.43
DH_EVAL_0165      5.36   5.37            1.00         0.96     0.98             0.92             1.00          0.00          0.12  0.95   0.94
DH_EVAL_0166     40.63  69.76            0.50         0.89     0.64             0.80             0.36          1.87          0.30  0.99   0.52
DH_EVAL_0167     10.79  17.95            0.88         0.91     0.89             0.86             0.82          0.33          0.22  1.34   0.83
DH_EVAL_0168     13.06  18.77            0.77         0.87     0.82             0.75             0.61          0.65          0.34  0.92   0.65
DH_EVAL_0169      4.35   8.70            0.94         0.96     0.95             0.93             0.91          0.19          0.13  1.32   0.89
DH_EVAL_0170     16.27  21.02            0.81         0.84     0.82             0.76             0.72          0.54          0.46  1.22   0.71
DH_EVAL_0171     33.39  56.87            0.55         0.85     0.67             0.75             0.42          1.37          0.36  1.06   0.57
DH_EVAL_0172      3.03   7.22            0.97         0.98     0.97             0.96             0.95          0.11          0.07  1.31   0.93
DH_EVAL_0173     54.49  59.80            0.37         0.49     0.42             0.37             0.28          2.29          1.39  1.08   0.37
DH_EVAL_0174      9.41  28.61            0.92         0.96     0.94             0.93             0.86          0.31          0.14  1.45   0.87
DH_EVAL_0175      8.41  62.02            0.89         0.97     0.93             0.95             0.80          0.32          0.10  1.39   0.87
DH_EVAL_0176     26.97  58.47            0.68         0.95     0.79             0.94             0.61          0.88          0.16  1.97   0.80
DH_EVAL_0177     10.26  17.23            0.86         0.89     0.87             0.82             0.78          0.43          0.29  1.24   0.78
DH_EVAL_0178     60.29  84.03            0.29         1.00     0.45             1.00             0.19          2.69          0.00  0.68   0.45
DH_EVAL_0179     18.02  22.78            0.72         0.84     0.78             0.73             0.58          0.75          0.45  1.00   0.63
DH_EVAL_0180     10.89  17.83            0.91         0.87     0.89             0.80             0.86          0.26          0.39  1.25   0.80
DH_EVAL_0181     14.29  32.94            0.80         0.89     0.84             0.82             0.69          0.67          0.33  1.25   0.72
DH_EVAL_0182     13.70  21.76            0.76         0.88     0.82             0.76             0.60          0.68          0.31  0.91   0.65
DH_EVAL_0183     11.09  22.08            0.86         0.89     0.87             0.84             0.79          0.45          0.32  1.48   0.79
DH_EVAL_0184     14.74  18.77            0.79         0.85     0.82             0.77             0.69          0.59          0.44  1.15   0.69
DH_EVAL_0185     20.19  23.48            0.76         0.79     0.78             0.66             0.61          0.66          0.58  0.99   0.61
DH_EVAL_0186     27.35  80.62            0.64         0.89     0.75             0.77             0.46          1.25          0.27  0.92   0.57
DH_EVAL_0187      7.37  44.07            0.97         0.92     0.94             0.81             0.92          0.10          0.29  0.96   0.84
DH_EVAL_0188      1.79   6.59            0.97         0.98     0.97             0.95             0.92          0.13          0.06  0.97   0.91
DH_EVAL_0189     41.22  70.16            0.76         1.00     0.86             1.00             0.61          0.51          0.00  1.00   0.81
DH_EVAL_0190     10.35  16.77            0.86         0.92     0.89             0.87             0.80          0.41          0.22  1.30   0.81
DH_EVAL_0191     12.60  22.25            0.82         0.90     0.86             0.83             0.72          0.52          0.23  1.17   0.76
DH_EVAL_0192      9.02  14.14            0.88         0.91     0.90             0.87             0.82          0.35          0.24  1.33   0.82
DH_EVAL_0193     13.25  17.63            0.76         0.88     0.82             0.79             0.63          0.66          0.31  1.00   0.68
DH_EVAL_0194     61.52  84.53            0.28         0.66     0.39             0.51             0.21          3.09          0.83  1.04   0.38
DH_EVAL_0195     24.52  24.52            1.00         0.73     0.84             0.53             1.00          0.00          0.60  0.83   0.76
DH_EVAL_0196     11.09  28.34            0.83         0.95     0.89             0.91             0.73          0.53          0.19  1.52   0.81
DH_EVAL_0197     15.56  19.63            0.86         0.84     0.85             0.77             0.79          0.41          0.46  1.31   0.75
DH_EVAL_0198     19.77  23.33            0.72         0.81     0.76             0.70             0.59          0.75          0.54  1.04   0.62
DH_EVAL_0199     64.25  86.40            0.41         1.00     0.59             1.00             0.26          1.68          0.00  0.72   0.55
DH_EVAL_0200      1.74   1.74            1.00         0.97     0.99             0.93             1.00          0.00          0.10  0.81   0.95
DH_EVAL_0201     10.53  47.05            0.85         0.94     0.90             0.88             0.73          0.44          0.18  1.11   0.79
DH_EVAL_0202      0.00   0.00            1.00         1.00     1.00             1.00             1.00          0.00          0.00  0.78   1.00
DH_EVAL_0203     11.14  13.27            0.91         0.89     0.90             0.83             0.86          0.29          0.34  1.37   0.81
DH_EVAL_0204      5.22   8.54            0.93         0.95     0.94             0.93             0.90          0.22          0.14  1.44   0.89
DH_EVAL_0205      6.01   8.57            0.96         0.94     0.95             0.91             0.94          0.14          0.19  1.41   0.90
DH_EVAL_0206     56.71  74.28            0.39         0.84     0.53             0.75             0.29          2.10          0.44  1.14   0.50
DH_EVAL_0207      2.47   5.68            0.96         0.97     0.97             0.95             0.94          0.14          0.10  1.32   0.92
DH_EVAL_0208     16.64  52.74            0.87         0.83     0.85             0.75             0.79          0.32          0.44  1.20   0.76
DH_EVAL_0209     27.56  84.64            0.86         0.88     0.87             0.80             0.76          0.54          0.30  1.16   0.74
DH_EVAL_0210     45.40  80.86            0.85         1.00     0.92             1.00             0.66          0.34          0.00  0.85   0.84
DH_EVAL_0211     12.58  17.30            0.82         0.88     0.85             0.80             0.72          0.51          0.37  1.16   0.73
DH_EVAL_0212     10.37  16.72            0.87         0.91     0.89             0.86             0.81          0.38          0.25  1.32   0.81
DH_EVAL_0213     23.66  26.67            0.74         0.75     0.74             0.62             0.60          0.72          0.69  1.02   0.59
DH_EVAL_0214     37.87  55.43            0.50         0.80     0.62             0.70             0.38          1.90          0.55  1.19   0.51
DH_EVAL_0215      7.94  18.81            0.94         0.91     0.93             0.84             0.88          0.20          0.26  1.17   0.83
DH_EVAL_0216     47.33  72.81            0.67         0.93     0.78             0.86             0.51          0.71          0.20  0.92   0.68
DH_EVAL_0217      3.52   7.52            0.95         0.98     0.96             0.96             0.90          0.20          0.08  1.27   0.90
DH_EVAL_0218     15.76  40.19            0.79         0.95     0.86             0.94             0.74          0.63          0.17  2.19   0.85
DH_EVAL_0219     10.99  14.57            0.90         0.89     0.90             0.83             0.84          0.31          0.32  1.34   0.81
DH_EVAL_0220      4.09  11.61            0.96         0.96     0.96             0.94             0.93          0.14          0.11  1.26   0.91
DH_EVAL_0221     22.12  28.70            0.75         0.78     0.76             0.62             0.60          0.70          0.62  0.96   0.59
DH_EVAL_0222     11.82  18.84            0.86         0.89     0.87             0.83             0.79          0.41          0.30  1.29   0.79
DH_EVAL_0223     11.84  19.09            0.88         0.90     0.89             0.85             0.82          0.33          0.25  1.29   0.82
DH_EVAL_0224      6.54  11.72            0.94         0.93     0.93             0.89             0.90          0.22          0.21  1.34   0.86
DH_EVAL_0225     31.72  81.95            0.66         1.00     0.79             1.00             0.49          1.01          0.00  0.92   0.69
DH_EVAL_0226     15.57  25.02            0.82         0.85     0.83             0.77             0.73          0.51          0.37  1.19   0.73
DH_EVAL_0227     18.85  23.58            0.77         0.81     0.79             0.71             0.66          0.65          0.55  1.15   0.66
DH_EVAL_0228      0.01   0.01            1.00         1.00     1.00             1.00             1.00          0.00          0.00  0.63   1.00
DH_EVAL_0229     11.57  20.82            0.90         0.90     0.90             0.85             0.84          0.26          0.24  1.27   0.84
DH_EVAL_0230     27.98  30.34            0.70         0.72     0.71             0.58             0.56          0.78          0.84  1.03   0.56
DH_EVAL_0231     10.91  18.02            0.87         0.88     0.88             0.79             0.77          0.41          0.34  1.10   0.74
DH_EVAL_0232     13.64  18.44            0.77         0.90     0.83             0.82             0.66          0.64          0.28  1.11   0.71
DH_EVAL_0233      9.92   8.55            0.97         0.88     0.92             0.82             0.96          0.10          0.34  1.55   0.88
DH_EVAL_0234     28.38  33.13            0.69         0.70     0.69             0.55             0.54          0.82          0.81  0.98   0.55
DH_EVAL_0235     14.15  25.11            0.75         0.89     0.82             0.75             0.56          0.70          0.27  0.82   0.64
DH_EVAL_0236     53.44  73.49            0.36         0.73     0.48             0.63             0.27          2.23          0.77  1.28   0.48
DH_EVAL_0237      0.00   0.00            1.00         1.00     1.00             1.00             1.00          0.00          0.00  0.44   1.00
DH_EVAL_0238     69.66  89.91            0.18         1.00     0.31             1.00             0.10          3.16          0.00  0.42   0.34
DH_EVAL_0239      0.70   2.91            0.99         0.99     0.99             0.98             0.98          0.05          0.03  1.36   0.97
DH_EVAL_0240      9.33  21.90            0.94         0.93     0.94             0.88             0.90          0.15          0.18  1.14   0.88
DH_EVAL_0241      6.87  17.37            0.89         0.94     0.91             0.87             0.78          0.36          0.15  1.01   0.80
DH_EVAL_0242     17.32  20.19            0.78         0.82     0.80             0.73             0.68          0.61          0.55  1.16   0.67
DH_EVAL_0243      5.71  13.28            0.93         0.94     0.93             0.90             0.88          0.23          0.18  1.23   0.86
DH_EVAL_0244      4.75   9.82            0.95         0.97     0.96             0.95             0.92          0.18          0.09  1.35   0.91
DH_EVAL_0245     14.28  28.80            0.81         0.86     0.83             0.80             0.74          0.58          0.42  1.44   0.74
DH_EVAL_0246     13.94  19.02            0.78         0.88     0.83             0.81             0.68          0.61          0.30  1.17   0.72
DH_EVAL_0247     12.32  15.70            0.81         0.90     0.85             0.84             0.72          0.55          0.28  1.24   0.75
DH_EVAL_0248     17.96  31.27            0.68         0.86     0.76             0.62             0.42          0.86          0.33  0.64   0.53
DH_EVAL_0249     21.59  25.39            0.71         0.78     0.74             0.64             0.56          0.77          0.60  0.95   0.58
DH_EVAL_0250     21.65  25.26            0.73         0.79     0.76             0.68             0.60          0.73          0.58  1.08   0.62
DH_EVAL_0251      6.26  11.20            0.92         0.93     0.92             0.89             0.88          0.25          0.22  1.35   0.85
DH_EVAL_0252      8.62  17.86            0.94         0.94     0.94             0.89             0.89          0.16          0.16  1.17   0.88
DH_EVAL_0253     25.50  55.08            0.71         0.95     0.82             0.93             0.63          0.75          0.16  1.91   0.81
DH_EVAL_0254     55.79  79.86            0.43         0.73     0.54             0.62             0.33          2.14          0.61  1.25   0.50
DH_EVAL_0255     18.66  22.87            0.68         0.83     0.75             0.69             0.51          0.84          0.43  0.89   0.59
DH_EVAL_0256     15.85  24.37            0.84         0.87     0.86             0.80             0.76          0.44          0.31  1.24   0.77
DH_EVAL_0257     13.61  41.01            0.83         0.96     0.89             0.94             0.79          0.55          0.16  2.22   0.87
DH_EVAL_0258     15.80  19.04            0.93         0.86     0.90             0.79             0.89          0.20          0.36  1.35   0.83
DH_EVAL_0259     56.60  88.48            0.23         1.00     0.37             1.00             0.10          2.91          0.00  0.40   0.35
*** OVERALL ***  20.75  43.31            0.78         0.88     0.83             0.88             0.78          0.68          0.34  9.06   0.95
