File               DER    JER    B3-Precision    B3-Recall    B3-F1    GKT(ref, sys)    GKT(sys, ref)    H(ref|sys)    H(sys|ref)    MI    NMI
---------------  -----  -----  --------------  -----------  -------  ---------------  ---------------  ------------  ------------  ----  -----
DH_DEV_0001      12.68  17.17            0.84         0.88     0.86             0.82             0.77          0.49          0.37  1.27   0.75
DH_DEV_0002       2.72  10.99            0.96         0.97     0.97             0.95             0.93          0.15          0.10  1.47   0.92
DH_DEV_0005       9.20  16.16            0.91         0.91     0.91             0.86             0.85          0.31          0.28  1.24   0.81
DH_DEV_0007      13.77  30.12            0.76         0.92     0.84             0.86             0.64          0.80          0.21  1.16   0.71
DH_DEV_0008       7.68  13.39            0.89         0.92     0.91             0.88             0.84          0.35          0.24  1.27   0.81
DH_DEV_0009       6.67  12.05            0.92         0.93     0.93             0.88             0.86          0.28          0.23  1.22   0.83
DH_DEV_0010      16.20  21.59            0.75         0.88     0.81             0.77             0.60          0.67          0.39  0.99   0.65
DH_DEV_0011      36.25  77.93            0.52         0.83     0.64             0.73             0.41          1.86          0.45  1.24   0.54
DH_DEV_0013      16.77  82.23            0.75         1.00     0.85             0.99             0.50          0.87          0.02  0.66   0.65
DH_DEV_0014      12.25  17.38            0.87         0.91     0.89             0.86             0.80          0.41          0.26  1.28   0.79
DH_DEV_0015       4.15  47.91            0.95         0.98     0.96             0.95             0.86          0.17          0.06  0.91   0.89
DH_DEV_0017      11.74  18.55            0.89         0.87     0.88             0.80             0.83          0.35          0.39  1.22   0.77
DH_DEV_0018       6.41  13.08            0.92         0.94     0.93             0.90             0.87          0.26          0.18  1.24   0.85
DH_DEV_0019       8.17  11.52            0.89         0.93     0.91             0.89             0.83          0.38          0.23  1.33   0.81
DH_DEV_0020       9.57  18.80            0.89         0.91     0.90             0.85             0.82          0.36          0.25  1.20   0.80
DH_DEV_0021      18.24  25.57            0.73         0.85     0.79             0.75             0.61          0.73          0.38  1.06   0.66
DH_DEV_0022      54.17  78.30            0.44         1.00     0.61             0.99             0.29          1.68          0.02  0.78   0.56
DH_DEV_0023       3.98   8.65            0.94         0.96     0.95             0.94             0.90          0.23          0.12  1.23   0.88
DH_DEV_0025      20.34  31.59            0.73         0.85     0.78             0.72             0.58          0.74          0.42  1.01   0.64
DH_DEV_0027      45.58  83.98            0.51         0.89     0.65             0.82             0.41          1.90          0.29  1.24   0.57
DH_DEV_0029      21.47  23.32            0.75         0.78     0.77             0.67             0.63          0.68          0.63  1.08   0.62
DH_DEV_0030      26.92  35.15            0.58         0.85     0.69             0.75             0.44          1.27          0.43  1.16   0.59
DH_DEV_0031      39.86  78.02            0.75         1.00     0.85             0.99             0.58          0.64          0.02  0.97   0.77
DH_DEV_0032       2.60   7.69            0.96         0.97     0.96             0.95             0.93          0.20          0.11  1.71   0.92
DH_DEV_0034       7.38  41.52            0.90         0.95     0.92             0.92             0.85          0.37          0.18  1.46   0.84
DH_DEV_0035      19.53  50.41            0.78         0.96     0.86             0.95             0.74          0.77          0.14  2.39   0.85
DH_DEV_0037      25.43  34.81            0.67         0.78     0.72             0.67             0.53          0.99          0.61  1.17   0.60
DH_DEV_0038      53.38  76.01            0.65         0.97     0.78             0.95             0.51          0.91          0.10  1.13   0.71
DH_DEV_0039       4.75  56.61            0.94         0.99     0.96             0.98             0.89          0.18          0.04  1.26   0.92
DH_DEV_0040      50.19  64.14            0.24         0.85     0.38             0.81             0.21          3.64          0.39  2.00   0.54
DH_DEV_0045       8.37  26.48            0.90         0.94     0.92             0.89             0.83          0.33          0.15  1.08   0.82
DH_DEV_0046      78.79  85.81            0.15         0.62     0.24             0.43             0.11          4.01          1.00  0.89   0.29
DH_DEV_0049       7.80  15.81            0.90         0.91     0.90             0.85             0.84          0.31          0.28  1.21   0.80
DH_DEV_0050       6.24  11.58            0.92         0.93     0.93             0.89             0.87          0.28          0.23  1.25   0.83
DH_DEV_0051       0.35   0.36            0.99         0.99     0.99             0.98             0.98          0.03          0.02  0.60   0.96
DH_DEV_0052       0.39   0.39            0.99         0.99     0.99             0.97             0.97          0.03          0.02  0.55   0.95
DH_DEV_0053       5.17   9.38            0.93         0.95     0.94             0.91             0.88          0.25          0.18  1.24   0.86
DH_DEV_0054      20.35  20.22            0.99         0.73     0.84             0.49             0.98          0.03          0.67  0.68   0.69
DH_DEV_0057      36.15  51.14            0.42         0.78     0.55             0.67             0.31          2.07          0.56  1.11   0.48
DH_DEV_0058       6.54  68.47            0.92         0.96     0.94             0.88             0.77          0.31          0.12  0.69   0.77
DH_DEV_0061      60.11  87.11            0.38         1.00     0.55             0.99             0.26          2.18          0.02  0.77   0.51
DH_DEV_0062      66.58  88.85            0.19         0.83     0.30             0.59             0.11          3.70          0.44  0.73   0.32
DH_DEV_0064      21.58  29.91            0.76         0.82     0.79             0.65             0.58          0.67          0.52  0.88   0.60
DH_DEV_0065       3.71   5.10            0.94         0.97     0.96             0.96             0.92          0.26          0.11  2.28   0.93
DH_DEV_0066       2.51   5.65            0.96         0.98     0.97             0.96             0.94          0.16          0.09  1.57   0.93
DH_DEV_0067      39.59  78.81            0.57         0.84     0.68             0.75             0.45          1.57          0.39  1.14   0.56
DH_DEV_0069      70.54  89.70            0.29         0.99     0.45             0.97             0.20          2.87          0.03  0.69   0.43
DH_DEV_0071       5.14  10.13            0.92         0.95     0.93             0.91             0.86          0.29          0.16  1.18   0.84
DH_DEV_0073       7.37  12.09            0.90         0.93     0.91             0.89             0.84          0.34          0.23  1.28   0.82
DH_DEV_0075      15.03  18.10            0.76         0.89     0.82             0.81             0.64          0.65          0.32  1.09   0.70
DH_DEV_0077      38.91  66.98            0.67         0.99     0.80             0.98             0.51          0.80          0.05  0.92   0.71
DH_DEV_0078      23.20  25.19            0.83         0.83     0.83             0.75             0.75          0.51          0.51  1.31   0.72
DH_DEV_0079       2.15  22.57            0.96         0.99     0.98             0.98             0.95          0.15          0.05  1.90   0.95
DH_DEV_0080       5.81  11.27            0.91         0.95     0.93             0.91             0.83          0.33          0.15  1.16   0.83
DH_DEV_0081      14.39  18.28            0.77         0.87     0.81             0.77             0.64          0.67          0.37  1.05   0.67
DH_DEV_0083       0.28   0.24            1.00         1.00     1.00             1.00             1.00          0.01          0.01  0.99   0.99
DH_DEV_0085       0.58   0.57            0.99         0.99     0.99             0.97             0.98          0.03          0.04  0.70   0.95
DH_DEV_0086      41.03  76.80            0.63         1.00     0.77             0.99             0.48          0.91          0.02  0.95   0.71
DH_DEV_0087       9.12  15.06            0.90         0.91     0.91             0.85             0.85          0.32          0.29  1.26   0.81
DH_DEV_0088      53.58  91.23            0.23         1.00     0.37             0.97             0.08          2.86          0.01  0.30   0.30
DH_DEV_0089       6.50  13.70            0.92         0.94     0.93             0.90             0.86          0.29          0.19  1.23   0.83
DH_DEV_0092       4.45  17.59            0.93         0.98     0.95             0.97             0.89          0.29          0.09  2.10   0.92
DH_DEV_0093      67.46  89.31            0.25         0.91     0.40             0.74             0.16          3.17          0.22  0.75   0.38
DH_DEV_0095       7.45  10.70            0.92         0.95     0.94             0.92             0.88          0.25          0.17  1.34   0.86
DH_DEV_0096       9.57  13.66            0.88         0.91     0.90             0.87             0.83          0.38          0.28  1.33   0.80
DH_DEV_0097      13.37  26.31            0.87         0.88     0.87             0.80             0.79          0.35          0.33  1.14   0.77
DH_DEV_0101      24.32  24.12            0.99         0.72     0.84             0.53             0.98          0.03          0.62  0.80   0.74
DH_DEV_0102       1.82   9.00            0.97         0.98     0.98             0.95             0.94          0.11          0.08  1.01   0.92
DH_DEV_0103       0.93   1.82            0.99         0.99     0.99             0.98             0.97          0.07          0.05  1.35   0.96
DH_DEV_0104      10.47  19.28            0.90         0.92     0.91             0.87             0.84          0.30          0.22  1.22   0.82
DH_DEV_0105      20.26  57.53            0.73         0.92     0.81             0.81             0.52          1.08          0.22  1.10   0.65
DH_DEV_0106      14.24  17.05            0.76         0.89     0.82             0.81             0.63          0.68          0.32  1.04   0.68
DH_DEV_0107      11.34  17.68            0.87         0.89     0.88             0.83             0.80          0.42          0.32  1.26   0.78
DH_DEV_0108      16.47  51.23            0.73         0.93     0.82             0.90             0.65          1.03          0.23  1.77   0.75
DH_DEV_0110      14.31  23.32            0.88         0.88     0.88             0.81             0.80          0.36          0.33  1.20   0.78
DH_DEV_0112       2.66   4.80            0.96         0.97     0.96             0.96             0.94          0.20          0.09  2.14   0.94
DH_DEV_0113       5.98  28.17            0.90         0.99     0.94             0.97             0.80          0.34          0.05  1.11   0.86
DH_DEV_0118      71.33  83.74            0.12         1.00     0.22             0.95             0.01          3.46          0.00  0.08   0.15
DH_DEV_0119       2.78   3.33            0.95         0.98     0.97             0.97             0.94          0.20          0.09  2.38   0.94
DH_DEV_0120       0.65   0.63            0.99         0.99     0.99             0.98             0.98          0.04          0.03  0.84   0.96
DH_DEV_0121       0.52   0.60            0.99         0.99     0.99             0.99             0.99          0.03          0.03  0.97   0.97
DH_DEV_0122      13.71  18.69            0.81         0.88     0.85             0.82             0.73          0.56          0.34  1.22   0.73
DH_DEV_0123      24.16  59.79            0.69         0.84     0.76             0.78             0.60          1.12          0.46  1.62   0.68
DH_DEV_0124       5.52  39.49            0.93         0.98     0.95             0.95             0.85          0.31          0.08  1.12   0.86
DH_DEV_0125       0.30   0.28            1.00         1.00     1.00             0.98             0.98          0.02          0.02  0.55   0.96
DH_DEV_0127      21.36  26.26            0.65         0.81     0.72             0.66             0.48          0.91          0.48  0.88   0.56
DH_DEV_0129      16.28  22.39            0.79         0.86     0.82             0.79             0.70          0.61          0.38  1.20   0.71
DH_DEV_0130      18.14  22.56            0.69         0.84     0.75             0.71             0.53          0.85          0.41  0.91   0.60
DH_DEV_0131       5.76  35.69            0.94         0.98     0.96             0.97             0.91          0.22          0.08  2.01   0.93
DH_DEV_0132       8.03  14.99            0.90         0.92     0.91             0.87             0.84          0.32          0.26  1.22   0.81
DH_DEV_0133      14.00  47.28            0.82         0.88     0.85             0.81             0.74          0.56          0.34  1.23   0.73
DH_DEV_0134      10.30  13.85            0.86         0.92     0.89             0.88             0.80          0.43          0.23  1.34   0.80
DH_DEV_0136       5.18  48.78            0.93         0.98     0.95             0.97             0.91          0.26          0.07  2.09   0.93
DH_DEV_0139       8.40  13.09            0.90         0.93     0.91             0.89             0.84          0.34          0.23  1.31   0.82
DH_DEV_0140       0.38   0.37            0.99         0.99     0.99             0.98             0.98          0.03          0.02  0.68   0.96
DH_DEV_0141       3.64  34.32            0.96         0.98     0.97             0.97             0.91          0.14          0.06  1.33   0.93
DH_DEV_0144      10.13  14.57            0.88         0.91     0.90             0.85             0.82          0.38          0.30  1.25   0.79
DH_DEV_0145       7.31  14.45            0.90         0.93     0.91             0.87             0.83          0.35          0.21  1.21   0.81
DH_DEV_0146      35.28  54.69            0.46         0.68     0.55             0.58             0.36          1.88          0.88  1.28   0.49
DH_DEV_0147       0.55   0.57            0.99         0.99     0.99             0.99             0.99          0.03          0.03  0.95   0.97
DH_DEV_0152      29.14  64.21            0.81         0.99     0.89             0.99             0.67          0.44          0.03  0.96   0.81
DH_DEV_0153      65.63  90.84            0.21         1.00     0.34             0.99             0.11          3.16          0.01  0.44   0.35
DH_DEV_0154      47.19  79.58            0.34         0.82     0.47             0.56             0.16          2.58          0.47  0.71   0.36
DH_DEV_0155      29.70  55.68            0.54         0.79     0.64             0.72             0.46          1.66          0.63  1.55   0.59
DH_DEV_0157      35.06  61.82            0.72         0.93     0.81             0.86             0.57          0.64          0.22  0.95   0.70
DH_DEV_0158      40.80  67.95            0.42         0.70     0.52             0.59             0.32          2.26          0.84  1.22   0.46
DH_DEV_0159      34.50  56.27            0.58         0.82     0.68             0.77             0.51          1.56          0.51  1.73   0.64
DH_DEV_0160      55.09  87.45            0.29         0.99     0.44             0.96             0.14          2.53          0.02  0.48   0.39
DH_DEV_0162       7.13   7.10            0.99         0.89     0.94             0.68             0.98          0.03          0.33  0.60   0.79
DH_DEV_0163      17.17  55.47            0.74         0.91     0.82             0.82             0.55          0.91          0.26  1.03   0.65
DH_DEV_0164       4.22  43.60            0.94         0.97     0.95             0.93             0.88          0.24          0.10  1.07   0.87
DH_DEV_0165      63.68  90.46            0.72         0.99     0.83             0.99             0.51          0.83          0.02  0.93   0.72
DH_DEV_0167       8.67  15.14            0.89         0.91     0.90             0.86             0.82          0.38          0.27  1.23   0.79
DH_DEV_0168      26.44  56.81            0.64         0.99     0.77             0.96             0.42          0.93          0.06  0.75   0.64
DH_DEV_0169      24.94  46.03            0.71         0.96     0.81             0.93             0.60          0.88          0.13  1.26   0.73
DH_DEV_0170      11.69  42.81            0.86         0.91     0.88             0.87             0.79          0.46          0.28  1.34   0.78
DH_DEV_0172      29.80  60.18            0.69         0.87     0.77             0.80             0.59          0.99          0.37  1.34   0.67
DH_DEV_0173       9.95  14.59            0.86         0.90     0.88             0.84             0.77          0.45          0.29  1.18   0.76
DH_DEV_0174      15.73  18.80            0.76         0.91     0.83             0.85             0.65          0.66          0.27  1.17   0.72
DH_DEV_0175      13.16  33.21            0.86         0.97     0.91             0.96             0.81          0.42          0.09  1.87   0.88
DH_DEV_0176      14.80  19.89            0.79         0.89     0.83             0.82             0.69          0.61          0.33  1.19   0.72
DH_DEV_0177       5.71   9.90            0.94         0.95     0.95             0.92             0.91          0.21          0.16  1.32   0.88
DH_DEV_0179       4.01   3.98            0.99         0.95     0.97             0.90             0.98          0.03          0.16  0.93   0.91
DH_DEV_0180      22.36  54.00            0.71         0.90     0.79             0.86             0.63          1.05          0.32  1.60   0.71
DH_DEV_0181       1.03  13.50            0.99         0.98     0.98             0.96             0.96          0.05          0.07  0.84   0.94
DH_DEV_0183      44.70  78.12            0.50         0.81     0.62             0.74             0.41          1.98          0.52  1.41   0.55
DH_DEV_0184       7.66  14.44            0.93         0.93     0.93             0.88             0.87          0.25          0.25  1.21   0.83
DH_DEV_0185      13.49  17.33            0.83         0.91     0.87             0.86             0.76          0.50          0.27  1.31   0.78
DH_DEV_0186      19.23  20.91            0.78         0.86     0.82             0.77             0.66          0.59          0.41  1.14   0.69
DH_DEV_0187      39.28  64.57            0.56         0.89     0.69             0.82             0.47          1.43          0.31  1.37   0.63
DH_DEV_0188      29.26  54.43            0.52         0.84     0.64             0.77             0.44          1.82          0.44  1.61   0.61
DH_DEV_0189       4.85  22.87            0.93         0.97     0.95             0.92             0.84          0.27          0.09  0.94   0.84
DH_DEV_0191      26.97  30.15            0.70         0.74     0.72             0.58             0.54          0.82          0.77  0.89   0.53
DH_DEV_0192      66.50  84.63            0.23         0.80     0.35             0.65             0.15          3.55          0.48  0.82   0.34
DH_DEV_0193      44.53  73.76            0.49         0.71     0.58             0.56             0.31          1.87          0.71  1.01   0.45
DH_DEV_0194      30.98  30.88            1.00         0.62     0.76             0.29             0.98          0.02          0.81  0.49   0.60
DH_DEV_0195      12.40  15.48            0.87         0.89     0.88             0.83             0.80          0.43          0.34  1.28   0.77
DH_DEV_0197      15.20  22.81            0.84         0.87     0.86             0.81             0.76          0.46          0.34  1.22   0.75
DH_DEV_0198      11.61  20.28            0.85         0.91     0.88             0.85             0.76          0.47          0.27  1.20   0.76
DH_DEV_0199       5.35  38.05            0.93         0.98     0.95             0.97             0.90          0.28          0.08  2.09   0.92
DH_DEV_0201       8.80  16.70            0.88         0.92     0.90             0.87             0.81          0.38          0.22  1.20   0.80
DH_DEV_0202      44.37  83.73            0.64         0.90     0.75             0.84             0.52          1.42          0.28  1.43   0.65
DH_DEV_0203      45.81  84.45            0.58         0.99     0.73             0.98             0.42          1.34          0.04  0.89   0.62
DH_DEV_0204      46.53  60.41            0.36         0.93     0.52             0.85             0.23          2.19          0.18  1.19   0.55
DH_DEV_0205      13.30  23.93            0.85         0.88     0.87             0.81             0.77          0.43          0.32  1.18   0.76
DH_DEV_0206       2.81  10.67            0.96         0.98     0.97             0.97             0.94          0.17          0.08  1.59   0.93
DH_DEV_0207       3.41   5.58            0.94         0.97     0.96             0.96             0.92          0.23          0.10  1.95   0.92
DH_DEV_0208      28.91  47.32            0.57         0.88     0.69             0.84             0.51          1.72          0.34  1.99   0.68
DH_DEV_0210      10.12  14.43            0.84         0.90     0.87             0.84             0.76          0.50          0.28  1.21   0.76
DH_DEV_0211       4.20  12.74            0.94         0.96     0.95             0.91             0.89          0.22          0.14  1.07   0.86
DH_DEV_0212      27.14  57.75            0.62         0.90     0.73             0.86             0.53          1.43          0.29  1.73   0.68
DH_DEV_0213      37.51  68.26            0.72         0.99     0.83             0.98             0.57          0.63          0.04  0.95   0.76
DH_DEV_0214       5.78  14.57            0.92         0.94     0.93             0.88             0.86          0.27          0.20  1.10   0.82
DH_DEV_0215      14.12  20.34            0.85         0.84     0.85             0.75             0.76          0.46          0.48  1.16   0.71
DH_DEV_0216       4.61   7.01            0.93         0.97     0.95             0.95             0.90          0.28          0.12  1.80   0.90
DH_DEV_0217      28.70  38.05            0.50         0.80     0.62             0.67             0.36          1.52          0.51  1.00   0.51
DH_DEV_0218      50.09  77.70            0.44         0.99     0.60             0.97             0.24          1.42          0.03  0.62   0.54
DH_DEV_0219      10.47  15.34            0.89         0.92     0.90             0.87             0.83          0.36          0.25  1.31   0.81
DH_DEV_0220       6.22  11.16            0.93         0.94     0.94             0.91             0.89          0.24          0.20  1.34   0.86
DH_DEV_0221      11.87  18.26            0.83         0.88     0.86             0.81             0.75          0.52          0.33  1.19   0.74
DH_DEV_0224      11.13  18.85            0.87         0.91     0.89             0.86             0.81          0.39          0.28  1.25   0.79
DH_DEV_0225      11.01  14.15            0.94         0.91     0.92             0.86             0.90          0.22          0.28  1.32   0.84
DH_DEV_0226       7.89  66.00            0.90         0.97     0.93             0.93             0.81          0.36          0.10  1.02   0.82
DH_DEV_0227       5.15   5.14            1.00         0.91     0.95             0.65             0.98          0.02          0.27  0.45   0.77
DH_DEV_0228      32.90  65.65            0.72         0.98     0.83             0.95             0.56          0.66          0.09  0.92   0.73
DH_DEV_0229      61.22  86.70            0.39         0.93     0.55             0.84             0.28          2.34          0.16  0.92   0.49
DH_DEV_0230       1.32   2.43            0.98         0.99     0.98             0.98             0.97          0.09          0.06  1.41   0.95
DH_DEV_0231      18.41  26.35            0.81         0.87     0.84             0.79             0.71          0.55          0.35  1.16   0.72
DH_DEV_0232       7.77  44.19            0.89         0.98     0.93             0.97             0.85          0.38          0.09  2.15   0.90
DH_DEV_0233       0.53   0.52            0.99         0.99     0.99             0.98             0.98          0.04          0.03  0.78   0.96
DH_DEV_0235      18.94  22.12            0.71         0.83     0.76             0.71             0.57          0.78          0.49  1.02   0.62
DH_DEV_0236       7.01   9.56            0.91         0.93     0.92             0.90             0.87          0.31          0.23  1.38   0.84
DH_DEV_0239      16.57  20.79            0.75         0.87     0.80             0.79             0.64          0.70          0.36  1.15   0.69
DH_DEV_0241      16.49  19.28            0.70         0.86     0.78             0.75             0.55          0.79          0.36  0.92   0.62
DH_DEV_0244       5.92   8.15            0.92         0.96     0.94             0.94             0.88          0.29          0.14  1.41   0.87
DH_DEV_0245      56.93  79.32            0.33         0.68     0.45             0.53             0.25          3.02          0.81  1.02   0.37
DH_DEV_0246      10.59  13.24            0.86         0.92     0.89             0.88             0.80          0.43          0.24  1.34   0.80
DH_DEV_0249       7.54  11.11            0.91         0.94     0.93             0.91             0.87          0.29          0.19  1.37   0.85
DH_DEV_0250       1.07   5.78            0.98         0.98     0.98             0.92             0.92          0.09          0.05  0.64   0.90
DH_DEV_0253      64.03  91.71            0.49         0.99     0.66             0.98             0.35          1.72          0.04  0.92   0.58
DH_DEV_0254      66.76  91.15            0.23         0.99     0.37             0.96             0.11          2.89          0.02  0.43   0.35
*** OVERALL ***  20.25  46.02            0.79         0.91     0.84             0.91             0.79          0.74          0.27  8.61   0.95
